Archive member included to satisfy reference by file (symbol)

D:/Softwave/ST/STM32CubeIDE_1.19.0/STM32CubeIDE/plugins/com.st.stm32cube.ide.mcu.externaltools.gnu-tools-for-stm32.13.3.rel1.win32_1.0.0.202411081344/tools/bin/../lib/gcc/arm-none-eabi/13.3.1/../../../../arm-none-eabi/lib/thumb/v7-m/nofp\libc_nano.a(libc_a-exit.o)
                              D:/Softwave/ST/STM32CubeIDE_1.19.0/STM32CubeIDE/plugins/com.st.stm32cube.ide.mcu.externaltools.gnu-tools-for-stm32.13.3.rel1.win32_1.0.0.202411081344/tools/bin/../lib/gcc/arm-none-eabi/13.3.1/../../../../arm-none-eabi/lib/thumb/v7-m/nofp/crt0.o (exit)
D:/Softwave/ST/STM32CubeIDE_1.19.0/STM32CubeIDE/plugins/com.st.stm32cube.ide.mcu.externaltools.gnu-tools-for-stm32.13.3.rel1.win32_1.0.0.202411081344/tools/bin/../lib/gcc/arm-none-eabi/13.3.1/../../../../arm-none-eabi/lib/thumb/v7-m/nofp\libc_nano.a(libc_a-findfp.o)
                              D:/Softwave/ST/STM32CubeIDE_1.19.0/STM32CubeIDE/plugins/com.st.stm32cube.ide.mcu.externaltools.gnu-tools-for-stm32.13.3.rel1.win32_1.0.0.202411081344/tools/bin/../lib/gcc/arm-none-eabi/13.3.1/../../../../arm-none-eabi/lib/thumb/v7-m/nofp\libc_nano.a(libc_a-exit.o) (__stdio_exit_handler)
D:/Softwave/ST/STM32CubeIDE_1.19.0/STM32CubeIDE/plugins/com.st.stm32cube.ide.mcu.externaltools.gnu-tools-for-stm32.13.3.rel1.win32_1.0.0.202411081344/tools/bin/../lib/gcc/arm-none-eabi/13.3.1/../../../../arm-none-eabi/lib/thumb/v7-m/nofp\libc_nano.a(libc_a-fwalk.o)
                              D:/Softwave/ST/STM32CubeIDE_1.19.0/STM32CubeIDE/plugins/com.st.stm32cube.ide.mcu.externaltools.gnu-tools-for-stm32.13.3.rel1.win32_1.0.0.202411081344/tools/bin/../lib/gcc/arm-none-eabi/13.3.1/../../../../arm-none-eabi/lib/thumb/v7-m/nofp\libc_nano.a(libc_a-findfp.o) (_fwalk_sglue)
D:/Softwave/ST/STM32CubeIDE_1.19.0/STM32CubeIDE/plugins/com.st.stm32cube.ide.mcu.externaltools.gnu-tools-for-stm32.13.3.rel1.win32_1.0.0.202411081344/tools/bin/../lib/gcc/arm-none-eabi/13.3.1/../../../../arm-none-eabi/lib/thumb/v7-m/nofp\libc_nano.a(libc_a-stdio.o)
                              D:/Softwave/ST/STM32CubeIDE_1.19.0/STM32CubeIDE/plugins/com.st.stm32cube.ide.mcu.externaltools.gnu-tools-for-stm32.13.3.rel1.win32_1.0.0.202411081344/tools/bin/../lib/gcc/arm-none-eabi/13.3.1/../../../../arm-none-eabi/lib/thumb/v7-m/nofp\libc_nano.a(libc_a-findfp.o) (__sread)
D:/Softwave/ST/STM32CubeIDE_1.19.0/STM32CubeIDE/plugins/com.st.stm32cube.ide.mcu.externaltools.gnu-tools-for-stm32.13.3.rel1.win32_1.0.0.202411081344/tools/bin/../lib/gcc/arm-none-eabi/13.3.1/../../../../arm-none-eabi/lib/thumb/v7-m/nofp\libc_nano.a(libc_a-memset.o)
                              D:/Softwave/ST/STM32CubeIDE_1.19.0/STM32CubeIDE/plugins/com.st.stm32cube.ide.mcu.externaltools.gnu-tools-for-stm32.13.3.rel1.win32_1.0.0.202411081344/tools/bin/../lib/gcc/arm-none-eabi/13.3.1/../../../../arm-none-eabi/lib/thumb/v7-m/nofp/crt0.o (memset)
D:/Softwave/ST/STM32CubeIDE_1.19.0/STM32CubeIDE/plugins/com.st.stm32cube.ide.mcu.externaltools.gnu-tools-for-stm32.13.3.rel1.win32_1.0.0.202411081344/tools/bin/../lib/gcc/arm-none-eabi/13.3.1/../../../../arm-none-eabi/lib/thumb/v7-m/nofp\libc_nano.a(libc_a-closer.o)
                              D:/Softwave/ST/STM32CubeIDE_1.19.0/STM32CubeIDE/plugins/com.st.stm32cube.ide.mcu.externaltools.gnu-tools-for-stm32.13.3.rel1.win32_1.0.0.202411081344/tools/bin/../lib/gcc/arm-none-eabi/13.3.1/../../../../arm-none-eabi/lib/thumb/v7-m/nofp\libc_nano.a(libc_a-stdio.o) (_close_r)
D:/Softwave/ST/STM32CubeIDE_1.19.0/STM32CubeIDE/plugins/com.st.stm32cube.ide.mcu.externaltools.gnu-tools-for-stm32.13.3.rel1.win32_1.0.0.202411081344/tools/bin/../lib/gcc/arm-none-eabi/13.3.1/../../../../arm-none-eabi/lib/thumb/v7-m/nofp\libc_nano.a(libc_a-reent.o)
                              D:/Softwave/ST/STM32CubeIDE_1.19.0/STM32CubeIDE/plugins/com.st.stm32cube.ide.mcu.externaltools.gnu-tools-for-stm32.13.3.rel1.win32_1.0.0.202411081344/tools/bin/../lib/gcc/arm-none-eabi/13.3.1/../../../../arm-none-eabi/lib/thumb/v7-m/nofp\libc_nano.a(libc_a-closer.o) (errno)
D:/Softwave/ST/STM32CubeIDE_1.19.0/STM32CubeIDE/plugins/com.st.stm32cube.ide.mcu.externaltools.gnu-tools-for-stm32.13.3.rel1.win32_1.0.0.202411081344/tools/bin/../lib/gcc/arm-none-eabi/13.3.1/../../../../arm-none-eabi/lib/thumb/v7-m/nofp\libc_nano.a(libc_a-impure.o)
                              D:/Softwave/ST/STM32CubeIDE_1.19.0/STM32CubeIDE/plugins/com.st.stm32cube.ide.mcu.externaltools.gnu-tools-for-stm32.13.3.rel1.win32_1.0.0.202411081344/tools/bin/../lib/gcc/arm-none-eabi/13.3.1/../../../../arm-none-eabi/lib/thumb/v7-m/nofp\libc_nano.a(libc_a-reent.o) (_impure_ptr)
D:/Softwave/ST/STM32CubeIDE_1.19.0/STM32CubeIDE/plugins/com.st.stm32cube.ide.mcu.externaltools.gnu-tools-for-stm32.13.3.rel1.win32_1.0.0.202411081344/tools/bin/../lib/gcc/arm-none-eabi/13.3.1/../../../../arm-none-eabi/lib/thumb/v7-m/nofp\libc_nano.a(libc_a-lseekr.o)
[...]
Memory Configuration

Name             Origin             Length             Attributes
RAM              0x20000000         0x00018000         xrw
FLASH            0x08000000         0x00100000         xr
*default*        0x00000000         0xffffffff

Linker script and memory map

LOAD D:/Softwave/ST/STM32CubeIDE_1.19.0/STM32CubeIDE/plugins/com.st.stm32cube.ide.mcu.externaltools.gnu-tools-for-stm32.13.3.rel1.win32_1.0.0.202411081344/tools/bin/../lib/gcc/arm-none-eabi/13.3.1/thumb/v7-m/nofp/crti.o
LOAD D:/Softwave/ST/STM32CubeIDE_1.19.0/STM32CubeIDE/plugins/com.st.stm32cube.ide.mcu.externaltools.gnu-tools-for-stm32.13.3.rel1.win32_1.0.0.202411081344/tools/bin/../lib/gcc/arm-none-eabi/13.3.1/thumb/v7-m/nofp/crtbegin.o
LOAD D:/Softwave/ST/STM32CubeIDE_1.19.0/STM32CubeIDE/plugins/com.st.stm32cube.ide.mcu.externaltools.gnu-tools-for-stm32.13.3.rel1.win32_1.0.0.202411081344/tools/bin/../lib/gcc/arm-none-eabi/13.3.1/../../../../arm-none-eabi/lib/thumb/v7-m/nofp/crt0.o
LOAD ./Core/Src/adc.o
LOAD ./Core/Src/dma.o
LOAD ./Core/Src/gpio.o
LOAD ./Core/Src/main.o
LOAD ./Core/Src/stm32f1xx_hal_msp.o
LOAD ./Core/Src/stm32f1xx_it.o
LOAD ./Core/Src/syscalls.o
LOAD ./Core/Src/sysmem.o
LOAD ./Core/Src/system_stm32f1xx.o
LOAD ./Core/Src/tim.o
LOAD ./Core/Src/usart.o
LOAD ./Core/Startup/startup_stm32f103vgtx.o
LOAD ./Devices/App.o
LOAD ./Devices/dev_ad5160.o
LOAD ./Devices/dev_ad9833.o
LOAD ./Devices/dev_adc.o
LOAD ./Devices/dev_flash.o
LOAD ./Devices/dev_pwm.o
LOAD ./Devices/dev_screen.o
LOAD ./Drivers/STM32F1xx_HAL_Driver/Src/stm32f1xx_hal.o
LOAD ./Drivers/STM32F1xx_HAL_Driver/Src/stm32f1xx_hal_adc.o
LOAD ./Drivers/STM32F1xx_HAL_Driver/Src/stm32f1xx_hal_adc_ex.o
LOAD ./Drivers/STM32F1xx_HAL_Driver/Src/stm32f1xx_hal_cortex.o
LOAD ./Drivers/STM32F1xx_HAL_Driver/Src/stm32f1xx_hal_dma.o
LOAD ./Drivers/STM32F1xx_HAL_Driver/Src/stm32f1xx_hal_exti.o
LOAD ./Drivers/STM32F1xx_HAL_Driver/Src/stm32f1xx_hal_flash.o
LOAD ./Drivers/STM32F1xx_HAL_Driver/Src/stm32f1xx_hal_flash_ex.o
LOAD ./Drivers/STM32F1xx_HAL_Driver/Src/stm32f1xx_hal_gpio.o
LOAD ./Drivers/STM32F1xx_HAL_Driver/Src/stm32f1xx_hal_gpio_ex.o
LOAD ./Drivers/STM32F1xx_HAL_Driver/Src/stm32f1xx_hal_pwr.o
LOAD ./Drivers/STM32F1xx_HAL_Driver/Src/stm32f1xx_hal_rcc.o
LOAD ./Drivers/STM32F1xx_HAL_Driver/Src/stm32f1xx_hal_rcc_ex.o
LOAD ./Drivers/STM32F1xx_HAL_Driver/Src/stm32f1xx_hal_tim.o
LOAD ./Drivers/STM32F1xx_HAL_Driver/Src/stm32f1xx_hal_tim_ex.o
LOAD ./Drivers/STM32F1xx_HAL_Driver/Src/stm32f1xx_hal_uart.o
START GROUP
LOAD D:/Softwave/ST/STM32CubeIDE_1.19.0/STM32CubeIDE/plugins/com.st.stm32cube.ide.mcu.externaltools.gnu-tools-for-stm32.13.3.rel1.win32_1.0.0.202411081344/tools/bin/../lib/gcc/arm-none-eabi/13.3.1/../../../../arm-none-eabi/lib/thumb/v7-m/nofp\libc_nano.a
LOAD D:/Softwave/ST/STM32CubeIDE_1.19.0/STM32CubeIDE/plugins/com.st.stm32cube.ide.mcu.externaltools.gnu-tools-for-stm32.13.3.rel1.win32_1.0.0.202411081344/tools/bin/../lib/gcc/arm-none-eabi/13.3.1/../../../../arm-none-eabi/lib/thumb/v7-m/nofp\libm.a
END GROUP
START GROUP
LOAD D:/Softwave/ST/STM32CubeIDE_1.19.0/STM32CubeIDE/plugins/com.st.stm32cube.ide.mcu.externaltools.gnu-tools-for-stm32.13.3.rel1.win32_1.0.0.202411081344/tools/bin/../lib/gcc/arm-none-eabi/13.3.1/thumb/v7-m/nofp\libgcc.a
LOAD D:/Softwave/ST/STM32CubeIDE_1.19.0/STM32CubeIDE/plugins/com.st.stm32cube.ide.mcu.externaltools.gnu-tools-for-stm32.13.3.rel1.win32_1.0.0.202411081344/tools/bin/../lib/gcc/arm-none-eabi/13.3.1/../../../../arm-none-eabi/lib/thumb/v7-m/nofp\libc_nano.a
END GROUP
START GROUP
LOAD D:/Softwave/ST/STM32CubeIDE_1.19.0/STM32CubeIDE/plugins/com.st.stm32cube.ide.mcu.externaltools.gnu-tools-for-stm32.13.3.rel1.win32_1.0.0.202411081344/tools/bin/../lib/gcc/arm-none-eabi/13.3.1/thumb/v7-m/nofp\libgcc.a
LOAD D:/Softwave/ST/STM32CubeIDE_1.19.0/STM32CubeIDE/plugins/com.st.stm32cube.ide.mcu.externaltools.gnu-tools-for-stm32.13.3.rel1.win32_1.0.0.202411081344/tools/bin/../lib/gcc/arm-none-eabi/13.3.1/../../../../arm-none-eabi/lib/thumb/v7-m/nofp\libc_nano.a
LOAD D:/Softwave/ST/STM32CubeIDE_1.19.0/STM32CubeIDE/plugins/com.st.stm32cube.ide.mcu.externaltools.gnu-tools-for-stm32.13.3.rel1.win32_1.0.0.202411081344/tools/bin/../lib/gcc/arm-none-eabi/13.3.1/../../../../arm-none-eabi/lib/thumb/v7-m/nofp\libnosys.a
END GROUP
START GROUP
LOAD D:/Softwave/ST/STM32CubeIDE_1.19.0/STM32CubeIDE/plugins/com.st.stm32cube.ide.mcu.externaltools.gnu-tools-for-stm32.13.3.rel1.win32_1.0.0.202411081344/tools/bin/../lib/gcc/arm-none-eabi/13.3.1/thumb/v7-m/nofp\libgcc.a
LOAD D:/Softwave/ST/STM32CubeIDE_1.19.0/STM32CubeIDE/plugins/com.st.stm32cube.ide.mcu.externaltools.gnu-tools-for-stm32.13.3.rel1.win32_1.0.0.202411081344/tools/bin/../lib/gcc/arm-none-eabi/13.3.1/../../../../arm-none-eabi/lib/thumb/v7-m/nofp\libc_nano.a
LOAD D:/Softwave/ST/STM32CubeIDE_1.19.0/STM32CubeIDE/plugins/com.st.stm32cube.ide.mcu.externaltools.gnu-tools-for-stm32.13.3.rel1.win32_1.0.0.202411081344/tools/bin/../lib/gcc/arm-none-eabi/13.3.1/../../../../arm-none-eabi/lib/thumb/v7-m/nofp\libnosys.a
END GROUP
LOAD D:/Softwave/ST/STM32CubeIDE_1.19.0/STM32CubeIDE/plugins/com.st.stm32cube.ide.mcu.externaltools.gnu-tools-for-stm32.13.3.rel1.win32_1.0.0.202411081344/tools/bin/../lib/gcc/arm-none-eabi/13.3.1/thumb/v7-m/nofp/crtend.o
LOAD D:/Softwave/ST/STM32CubeIDE_1.19.0/STM32CubeIDE/plugins/com.st.stm32cube.ide.mcu.externaltools.gnu-tools-for-stm32.13.3.rel1.win32_1.0.0.202411081344/tools/bin/../lib/gcc/arm-none-eabi/13.3.1/thumb/v7-m/nofp/crtn.o
                0x20018000                        _estack = (ORIGIN (RAM) + LENGTH (RAM))
                0x00000200                        _Min_Heap_Size = 0x200
                0x00000400                        _Min_Stack_Size = 0x400

.isr_vector     0x08000000      0x1e4
                0x08000000                        . = ALIGN (0x4)
 *(.isr_vector)
 .isr_vector    0x08000000      0x1e4 ./Core/Startup/startup_stm32f103vgtx.o
                0x08000000                g_pfnVectors
                0x080001e4                        . = ALIGN (0x4)

.text           0x080001e8     0x8eb4
                0x080001e8                        . = ALIGN (0x4)
 *(.text)
 .text          0x080001e8       0x40 D:/Softwave/ST/STM32CubeIDE_1.19.0/STM32CubeIDE/plugins/com.st.stm32cube.ide.mcu.externaltools.gnu-tools-for-stm32.13.3.rel1.win32_1.0.0.202411081344/tools/bin/../lib/gcc/arm-none-eabi/13.3.1/thumb/v7-m/nofp/crtbegin.o
 .text          0x08000228      0x378 D:/Softwave/ST/STM32CubeIDE_1.19.0/STM32CubeIDE/plugins/com.st.stm32cube.ide.mcu.externaltools.gnu-tools-for-stm32.13.3.rel1.win32_1.0.0.202411081344/tools/bin/../lib/gcc/arm-none-eabi/13.3.1/thumb/v7-m/nofp\libgcc.a(_arm_addsubdf3.o)
                0x08000228                __aeabi_drsub
                0x08000230                __aeabi_dsub
                0x08000230                __subdf3
                0x08000234                __aeabi_dadd
                0x08000234                __adddf3
                0x080004ac                __floatunsidf
                0x080004ac                __aeabi_ui2d
                0x080004cc                __floatsidf
                0x080004cc                __aeabi_i2d
                0x080004f0                __aeabi_f2d
                0x080004f0                __extendsfdf2
                0x08000534                __floatundidf
                0x08000534                __aeabi_ul2d
                0x08000544                __floatdidf
                0x08000544                __aeabi_l2d
 .text          0x080005a0      0x424 D:/Softwave/ST/STM32CubeIDE_1.19.0/STM32CubeIDE/plugins/com.st.stm32cube.ide.mcu.externaltools.gnu-tools-for-stm32.13.3.rel1.win32_1.0.0.202411081344/tools/bin/../lib/gcc/arm-none-eabi/13.3.1/thumb/v7-m/nofp\libgcc.a(_arm_muldivdf3.o)
                0x080005a0                __aeabi_dmul
                0x080005a0                __muldf3
                0x080007f4                __divdf3
                0x080007f4                __aeabi_ddiv
 .text          0x080009c4       0x50 D:/Softwave/ST/STM32CubeIDE_1.19.0/STM32CubeIDE/plugins/com.st.stm32cube.ide.mcu.externaltools.gnu-tools-for-stm32.13.3.rel1.win32_1.0.0.202411081344/tools/bin/../lib/gcc/arm-none-eabi/13.3.1/thumb/v7-m/nofp\libgcc.a(_arm_fixdfsi.o)
                0x080009c4                __aeabi_d2iz
                0x080009c4                __fixdfsi
 .text          0x08000a14       0xa0 D:/Softwave/ST/STM32CubeIDE_1.19.0/STM32CubeIDE/plugins/com.st.stm32cube.ide.mcu.externaltools.gnu-tools-for-stm32.13.3.rel1.win32_1.0.0.202411081344/tools/bin/../lib/gcc/arm-none-eabi/13.3.1/thumb/v7-m/nofp\libgcc.a(_arm_truncdfsf2.o)
                0x08000a14                __truncdfsf2
                0x08000a14                __aeabi_d2f
 .text          0x08000ab4      0x21c D:/Softwave/ST/STM32CubeIDE_1.19.0/STM32CubeIDE/plugins/com.st.stm32cube.ide.mcu.externaltools.gnu-tools-for-stm32.13.3.rel1.win32_1.0.0.202411081344/tools/bin/../lib/gcc/arm-none-eabi/13.3.1/thumb/v7-m/nofp\libgcc.a(_arm_addsubsf3.o)
                0x08000ab4                __aeabi_frsub
                0x08000abc                __subsf3
                0x08000abc                __aeabi_fsub
                0x08000ac0                __aeabi_fadd
                0x08000ac0                __addsf3
                0x08000c20                __aeabi_ui2f
                0x08000c20                __floatunsisf
                0x08000c28                __aeabi_i2f
                0x08000c28                __floatsisf
                0x08000c44                __aeabi_ul2f
                0x08000c44                __floatundisf
                0x08000c54                __aeabi_l2f
                0x08000c54                __floatdisf
 .text          0x08000cd0      0x2a0 D:/Softwave/ST/STM32CubeIDE_1.19.0/STM32CubeIDE/plugins/com.st.stm32cube.ide.mcu.externaltools.gnu-tools-for-stm32.13.3.rel1.win32_1.0.0.202411081344/tools/bin/../lib/gcc/arm-none-eabi/13.3.1/thumb/v7-m/nofp\libgcc.a(_arm_muldivsf3.o)
                0x08000cd0                __mulsf3
                0x08000cd0                __aeabi_fmul
                0x08000e38                __aeabi_fdiv
                0x08000e38                __divsf3
 .text          0x08000f70       0xec D:/Softwave/ST/STM32CubeIDE_1.19.0/STM32CubeIDE/plugins/com.st.stm32cube.ide.mcu.externaltools.gnu-tools-for-stm32.13.3.rel1.win32_1.0.0.202411081344/tools/bin/../lib/gcc/arm-none-eabi/13.3.1/thumb/v7-m/nofp\libgcc.a(_arm_cmpsf2.o)
                0x08000f70                __gesf2
                0x08000f70                __gtsf2
                0x08000f78                __lesf2
                0x08000f78                __ltsf2
                0x08000f80                __nesf2
                0x08000f80                __eqsf2
                0x08000f80                __cmpsf2
                0x08000fe0                __aeabi_cfrcmple
                0x08000fe8                __aeabi_cfcmpeq
                0x08000fe8                __aeabi_cfcmple
                0x08000ff8                __aeabi_fcmpeq
                0x0800100c                __aeabi_fcmplt
                0x08001020                __aeabi_fcmple
                0x08001034                __aeabi_fcmpge
                0x08001048                __aeabi_fcmpgt
 *(.text*)
 .text.MX_ADC1_Init
                0x0800105c       0xf8 ./Core/Src/adc.o
                0x0800105c                MX_ADC1_Init
 .text.HAL_ADC_MspInit
                0x08001154       0xd4 ./Core/Src/adc.o
                0x08001154                HAL_ADC_MspInit
 .text.MX_DMA_Init
                0x08001228       0x5c ./Core/Src/dma.o
                0x08001228                MX_DMA_Init
 .text.MX_GPIO_Init
                0x08001284      0x1f4 ./Core/Src/gpio.o
                0x08001284                MX_GPIO_Init
 .text.main     0x08001478       0x84 ./Core/Src/main.o
                0x08001478                main
 .text.SystemClock_Config
                0x080014fc       0xbc ./Core/Src/main.o
                0x080014fc                SystemClock_Config
 .text.HAL_TIM_PeriodElapsedCallback
                0x080015b8       0x3c ./Core/Src/main.o
                0x080015b8                HAL_TIM_PeriodElapsedCallback
 .text.Error_Handler
                0x080015f4        0xc ./Core/Src/main.o
                0x080015f4                Error_Handler
 .text.HAL_MspInit
                0x08001600       0x64 ./Core/Src/stm32f1xx_hal_msp.o
                0x08001600                HAL_MspInit
 .text.NMI_Handler
                0x08001664        0x8 ./Core/Src/stm32f1xx_it.o
                0x08001664                NMI_Handler
 .text.HardFault_Handler
                0x0800166c        0x8 ./Core/Src/stm32f1xx_it.o
                0x0800166c                HardFault_Handler
 .text.MemManage_Handler
                0x08001674        0x8 ./Core/Src/stm32f1xx_it.o
                0x08001674                MemManage_Handler
 .text.BusFault_Handler
                0x0800167c        0x8 ./Core/Src/stm32f1xx_it.o
                0x0800167c                BusFault_Handler
 .text.UsageFault_Handler
                0x08001684        0x8 ./Core/Src/stm32f1xx_it.o
                0x08001684                UsageFault_Handler
 .text.SVC_Handler
                0x0800168c        0xc ./Core/Src/stm32f1xx_it.o
                0x0800168c                SVC_Handler
 .text.DebugMon_Handler
                0x08001698        0xc ./Core/Src/stm32f1xx_it.o
                0x08001698                DebugMon_Handler
 .text.PendSV_Handler
                0x080016a4        0xc ./Core/Src/stm32f1xx_it.o
                0x080016a4                PendSV_Handler
 .text.SysTick_Handler
                0x080016b0        0xc ./Core/Src/stm32f1xx_it.o
                0x080016b0                SysTick_Handler
 .text.DMA1_Channel1_IRQHandler
                0x080016bc       0x14 ./Core/Src/stm32f1xx_it.o
                0x080016bc                DMA1_Channel1_IRQHandler
 .text.DMA1_Channel2_IRQHandler
                0x080016d0       0x14 ./Core/Src/stm32f1xx_it.o
                0x080016d0                DMA1_Channel2_IRQHandler
 .text.DMA1_Channel3_IRQHandler
                0x080016e4       0x14 ./Core/Src/stm32f1xx_it.o
                0x080016e4                DMA1_Channel3_IRQHandler
 .text.USART3_IRQHandler
                0x080016f8       0x18 ./Core/Src/stm32f1xx_it.o
                0x080016f8                USART3_IRQHandler
 .text.TIM6_IRQHandler
                0x08001710       0x14 ./Core/Src/stm32f1xx_it.o
                0x08001710                TIM6_IRQHandler
 .text.SystemInit
                0x08001724        0xc ./Core/Src/system_stm32f1xx.o
                0x08001724                SystemInit
 .text.MX_TIM1_Init
                0x08001730      0x13c ./Core/Src/tim.o
                0x08001730                MX_TIM1_Init
 .text.MX_TIM2_Init
                0x0800186c       0xec ./Core/Src/tim.o
                0x0800186c                MX_TIM2_Init
 .text.MX_TIM3_Init
                0x08001958       0xec ./Core/Src/tim.o
                0x08001958                MX_TIM3_Init
 .text.MX_TIM4_Init
                0x08001a44       0xec ./Core/Src/tim.o
                0x08001a44                MX_TIM4_Init
 .text.MX_TIM5_Init
                0x08001b30       0xec ./Core/Src/tim.o
                0x08001b30                MX_TIM5_Init
 .text.MX_TIM6_Init
                0x08001c1c       0x68 ./Core/Src/tim.o
                0x08001c1c                MX_TIM6_Init
 .text.MX_TIM8_Init
                0x08001c84      0x140 ./Core/Src/tim.o
                0x08001c84                MX_TIM8_Init
 .text.MX_TIM9_Init
                0x08001dc4       0xc4 ./Core/Src/tim.o
                0x08001dc4                MX_TIM9_Init
 .text.MX_TIM10_Init
                0x08001e88       0x9c ./Core/Src/tim.o
                0x08001e88                MX_TIM10_Init
 .text.MX_TIM11_Init
                0x08001f24       0x9c ./Core/Src/tim.o
                0x08001f24                MX_TIM11_Init
 .text.MX_TIM12_Init
                0x08001fc0       0xc4 ./Core/Src/tim.o
                0x08001fc0                MX_TIM12_Init
 .text.HAL_TIM_Base_MspInit
                0x08002084      0x1d8 ./Core/Src/tim.o
                0x08002084                HAL_TIM_Base_MspInit
 .text.HAL_TIM_MspPostInit
                0x0800225c      0x330 ./Core/Src/tim.o
                0x0800225c                HAL_TIM_MspPostInit
 .text.MX_USART3_UART_Init
                0x0800258c       0x54 ./Core/Src/usart.o
                0x0800258c                MX_USART3_UART_Init
 .text.HAL_UART_MspInit
                0x080025e0      0x17c ./Core/Src/usart.o
                0x080025e0                HAL_UART_MspInit
 .text.Reset_Handler
                0x0800275c       0x48 ./Core/Startup/startup_stm32f103vgtx.o
                0x0800275c                Reset_Handler
 .text.Default_Handler
                0x080027a4        0x2 ./Core/Startup/startup_stm32f103vgtx.o
                0x080027a4                RTC_Alarm_IRQHandler
                0x080027a4                EXTI2_IRQHandler
                0x080027a4                TIM8_CC_IRQHandler
                0x080027a4                TIM1_CC_IRQHandler
                0x080027a4                PVD_IRQHandler
                0x080027a4                SDIO_IRQHandler
                0x080027a4                EXTI3_IRQHandler
                0x080027a4                TIM8_TRG_COM_TIM14_IRQHandler
                0x080027a4                TIM1_UP_TIM10_IRQHandler
                0x080027a4                TIM8_UP_TIM13_IRQHandler
                0x080027a4                EXTI0_IRQHandler
                0x080027a4                I2C2_EV_IRQHandler
                0x080027a4                ADC1_2_IRQHandler
                0x080027a4                SPI1_IRQHandler
                0x080027a4                TAMPER_IRQHandler
                0x080027a4                TIM1_BRK_TIM9_IRQHandler
                0x080027a4                DMA2_Channel2_IRQHandler
                0x080027a4                DMA1_Channel4_IRQHandler
                0x080027a4                RTC_IRQHandler
                0x080027a4                DMA1_Channel7_IRQHandler
                0x080027a4                CAN1_RX1_IRQHandler
                0x080027a4                UART5_IRQHandler
                0x080027a4                ADC3_IRQHandler
                0x080027a4                TIM4_IRQHandler
                0x080027a4                DMA2_Channel1_IRQHandler
                0x080027a4                I2C1_EV_IRQHandler
                0x080027a4                DMA1_Channel6_IRQHandler
                0x080027a4                UART4_IRQHandler
                0x080027a4                TIM3_IRQHandler
                0x080027a4                RCC_IRQHandler
                0x080027a4                TIM8_BRK_TIM12_IRQHandler
                0x080027a4                Default_Handler
                0x080027a4                EXTI15_10_IRQHandler
                0x080027a4                TIM7_IRQHandler
                0x080027a4                TIM5_IRQHandler
                0x080027a4                EXTI9_5_IRQHandler
                0x080027a4                SPI2_IRQHandler
                0x080027a4                DMA1_Channel5_IRQHandler
                0x080027a4                EXTI4_IRQHandler
                0x080027a4                USB_LP_CAN1_RX0_IRQHandler
                0x080027a4                USB_HP_CAN1_TX_IRQHandler
                0x080027a4                FSMC_IRQHandler
                0x080027a4                WWDG_IRQHandler
                0x080027a4                TIM2_IRQHandler
                0x080027a4                TIM1_TRG_COM_TIM11_IRQHandler
                0x080027a4                EXTI1_IRQHandler
                0x080027a4                DMA2_Channel4_5_IRQHandler
                0x080027a4                USART2_IRQHandler
                0x080027a4                I2C2_ER_IRQHandler
                0x080027a4                CAN1_SCE_IRQHandler
                0x080027a4                FLASH_IRQHandler
                0x080027a4                USART1_IRQHandler
                0x080027a4                SPI3_IRQHandler
                0x080027a4                I2C1_ER_IRQHandler
                0x080027a4                USBWakeUp_IRQHandler
                0x080027a4                DMA2_Channel3_IRQHandler
 *fill*         0x080027a6        0x2 
 .text.DevSystem_Init
                0x080027a8       0x40 ./Devices/App.o
                0x080027a8                DevSystem_Init
 .text.AppMainFunc
                0x080027e8      0x110 ./Devices/App.o
                0x080027e8                AppMainFunc
 .text.UltraParamReload
                0x080028f8       0x8c ./Devices/App.o
                0x080028f8                UltraParamReload
 .text.AD5160_Delay
                0x08002984       0x22 ./Devices/dev_ad5160.o
 *fill*         0x080029a6        0x2 
 .text.AD5160_CSSet
                0x080029a8       0x38 ./Devices/dev_ad5160.o
 .text.AD5160_CLKSet
                0x080029e0       0x38 ./Devices/dev_ad5160.o
 .text.AD5160_DATASet
                0x08002a18       0x38 ./Devices/dev_ad5160.o
 .text.AD5160_SendData
                0x08002a50       0xa2 ./Devices/dev_ad5160.o
 *fill*         0x08002af2        0x2 
 .text.DevAD5160_ValueLoad
                0x08002af4       0x24 ./Devices/dev_ad5160.o
                0x08002af4                DevAD5160_ValueLoad
 .text.DevAD5160Func_Init
                0x08002b18       0x60 ./Devices/dev_ad5160.o
                0x08002b18                DevAD5160Func_Init
 .text.DevAD5160Func_Main
                0x08002b78       0x5c ./Devices/dev_ad5160.o
                0x08002b78                DevAD5160Func_Main
 .text.AD9833_Delay
                0x08002bd4       0x22 ./Devices/dev_ad9833.o
 *fill*         0x08002bf6        0x2 
 .text.AD9833_FSYNCSet
                0x08002bf8       0x38 ./Devices/dev_ad9833.o
 .text.AD9833_SCLKSet
                0x08002c30       0x38 ./Devices/dev_ad9833.o
 .text.AD9833_SDATASet
                0x08002c68       0x38 ./Devices/dev_ad9833.o
 .text.AD9833_SendData
                0x08002ca0       0x94 ./Devices/dev_ad9833.o
 .text.AD9833_SendPhase
                0x08002d34       0x32 ./Devices/dev_ad9833.o
 .text.AD9833_SendWave
                0x08002d66       0x36 ./Devices/dev_ad9833.o
 *fill*         0x08002d9c        0x4 
 .text.AD9833_SendFrequency
                0x08002da0       0xc0 ./Devices/dev_ad9833.o
 .text.DevAD9833_Reset
                0x08002e60       0x44 ./Devices/dev_ad9833.o
 .text.DevAD9833_SetPara
                0x08002ea4       0x82 ./Devices/dev_ad9833.o
 *fill*         0x08002f26        0x2 
 .text.DevAD9833Set_Init
                0x08002f28      0x100 ./Devices/dev_ad9833.o
                0x08002f28                DevAD9833Set_Init
 .text.DevAD9833Set_Main
                0x08003028       0x9c ./Devices/dev_ad9833.o
                0x08003028                DevAD9833Set_Main
 .text.look1_iflf_binlxpw
                0x080030c4      0x18a ./Devices/dev_adc.o
                0x080030c4                look1_iflf_binlxpw
 *fill*         0x0800324e        0x2 
 .text.DevADC1Func_Init
                0x08003250       0x20 ./Devices/dev_adc.o
                0x08003250                DevADC1Func_Init
 .text.DevADC1Func_Main
                0x08003270      0x2cc ./Devices/dev_adc.o
                0x08003270                DevADC1Func_Main
 .text.SampleVolFilter
                0x0800353c       0xca ./Devices/dev_adc.o
 .text.DevFlash_Write
                0x08003606       0x7c ./Devices/dev_flash.o
                0x08003606                DevFlash_Write
 .text.DevFlash_Read
                0x08003682       0x56 ./Devices/dev_flash.o
                0x08003682                DevFlash_Read
 .text.DevParam_Init
                0x080036d8      0x16c ./Devices/dev_flash.o
                0x080036d8                DevParam_Init
 .text.DevFlashWrite_Main
                0x08003844       0xa0 ./Devices/dev_flash.o
                0x08003844                DevFlashWrite_Main
 .text.DevPwm_LoadDuty
                0x080038e4       0x2c ./Devices/dev_pwm.o
                0x080038e4                DevPwm_LoadDuty
 .text.DevPwm_LoadPeriod
                0x08003910       0x30 ./Devices/dev_pwm.o
                0x08003910                DevPwm_LoadPeriod
 .text.DevPwmFunc_Init
                0x08003940       0xc4 ./Devices/dev_pwm.o
                0x08003940                DevPwmFunc_Init
 .text.DevPwmFunc_Main
                0x08003a04      0x120 ./Devices/dev_pwm.o
                0x08003a04                DevPwmFunc_Main
 .text.DevPwm_SetPulseDuty
                0x08003b24       0x94 ./Devices/dev_pwm.o
 .text.DevPwm_SetPulseFreq
                0x08003bb8      0x130 ./Devices/dev_pwm.o
 .text.DevScreen_StartorStop
                0x08003ce8       0x34 ./Devices/dev_screen.o
 .text.DevScreen_SetUltraFreq
                0x08003d1c      0x104 ./Devices/dev_screen.o
 .text.DevScreen_SetUltraVibra
                0x08003e20       0x50 ./Devices/dev_screen.o
 .text.DevScreen_SetUltraDuty
                0x08003e70       0x7c ./Devices/dev_screen.o
 .text.DevScreen_SetUltraPeriod
                0x08003eec       0xec ./Devices/dev_screen.o
 .text.DevScreen_SetUltraWork
                0x08003fd8       0x7c ./Devices/dev_screen.o
 .text.DevScreen_SetUltraChEn
                0x08004054       0x64 ./Devices/dev_screen.o
 .text.DevScreen_SetUltraModule
                0x080040b8       0x48 ./Devices/dev_screen.o
 .text.DevScreen_SetPowerLevel
                0x08004100       0x54 ./Devices/dev_screen.o
 .text.DevUart_Init
                0x08004154       0x30 ./Devices/dev_screen.o
                0x08004154                DevUart_Init
 .text.HAL_UART_IdleCallback
                0x08004184       0xe4 ./Devices/dev_screen.o
                0x08004184                HAL_UART_IdleCallback
 .text.DevMotor_StaGet
                0x08004268       0x34 ./Devices/dev_screen.o
                0x08004268                DevMotor_StaGet
 .text.DevWork_StimuTimeGet
                0x0800429c       0x34 ./Devices/dev_screen.o
                0x0800429c                DevWork_StimuTimeGet
 .text.DevWork_IdleTimeGet
                0x080042d0       0x34 ./Devices/dev_screen.o
                0x080042d0                DevWork_IdleTimeGet
 .text.DevWork_ModuleGet
                0x08004304       0x38 ./Devices/dev_screen.o
                0x08004304                DevWork_ModuleGet
 .text.DevUltra_StatGet
                0x0800433c       0x38 ./Devices/dev_screen.o
                0x0800433c                DevUltra_StatGet
 .text.HAL_Init
                0x08004374       0x2c ./Drivers/STM32F1xx_HAL_Driver/Src/stm32f1xx_hal.o
                0x08004374                HAL_Init
 .text.HAL_InitTick
                0x080043a0       0x60 ./Drivers/STM32F1xx_HAL_Driver/Src/stm32f1xx_hal.o
                0x080043a0                HAL_InitTick
 .text.HAL_IncTick
                0x08004400       0x24 ./Drivers/STM32F1xx_HAL_Driver/Src/stm32f1xx_hal.o
                0x08004400                HAL_IncTick
 .text.HAL_GetTick
                0x08004424       0x14 ./Drivers/STM32F1xx_HAL_Driver/Src/stm32f1xx_hal.o
                0x08004424                HAL_GetTick
 .text.HAL_Delay
                0x08004438       0x48 ./Drivers/STM32F1xx_HAL_Driver/Src/stm32f1xx_hal.o
                0x08004438                HAL_Delay
 .text.HAL_ADC_Init
                0x08004480      0x1d4 ./Drivers/STM32F1xx_HAL_Driver/Src/stm32f1xx_hal_adc.o
                0x08004480                HAL_ADC_Init
 .text.HAL_ADC_Start_DMA
                0x08004654      0x1bc ./Drivers/STM32F1xx_HAL_Driver/Src/stm32f1xx_hal_adc.o
                0x08004654                HAL_ADC_Start_DMA
 .text.HAL_ADC_ConvCpltCallback
                0x08004810       0x12 ./Drivers/STM32F1xx_HAL_Driver/Src/stm32f1xx_hal_adc.o
                0x08004810                HAL_ADC_ConvCpltCallback
 .text.HAL_ADC_ConvHalfCpltCallback
                0x08004822       0x12 ./Drivers/STM32F1xx_HAL_Driver/Src/stm32f1xx_hal_adc.o
                0x08004822                HAL_ADC_ConvHalfCpltCallback
 .text.HAL_ADC_ErrorCallback
                0x08004834       0x12 ./Drivers/STM32F1xx_HAL_Driver/Src/stm32f1xx_hal_adc.o
                0x08004834                HAL_ADC_ErrorCallback
 *fill*         0x08004846        0x2 
 .text.HAL_ADC_ConfigChannel
                0x08004848      0x1f0 ./Drivers/STM32F1xx_HAL_Driver/Src/stm32f1xx_hal_adc.o
                0x08004848                HAL_ADC_ConfigChannel
 .text.ADC_Enable
                0x08004a38       0xb4 ./Drivers/STM32F1xx_HAL_Driver/Src/stm32f1xx_hal_adc.o
                0x08004a38                ADC_Enable
 .text.ADC_ConversionStop_Disable
                0x08004aec       0x82 ./Drivers/STM32F1xx_HAL_Driver/Src/stm32f1xx_hal_adc.o
                0x08004aec                ADC_ConversionStop_Disable
 .text.ADC_DMAConvCplt
                0x08004b6e       0x7c ./Drivers/STM32F1xx_HAL_Driver/Src/stm32f1xx_hal_adc.o
                0x08004b6e                ADC_DMAConvCplt
 .text.ADC_DMAHalfConvCplt
                0x08004bea       0x1c ./Drivers/STM32F1xx_HAL_Driver/Src/stm32f1xx_hal_adc.o
                0x08004bea                ADC_DMAHalfConvCplt
 .text.ADC_DMAError
                0x08004c06       0x34 ./Drivers/STM32F1xx_HAL_Driver/Src/stm32f1xx_hal_adc.o
                0x08004c06                ADC_DMAError
 *fill*         0x08004c3a        0x2 
 .text.HAL_ADCEx_Calibration_Start
                0x08004c3c      0x15c ./Drivers/STM32F1xx_HAL_Driver/Src/stm32f1xx_hal_adc_ex.o
                0x08004c3c                HAL_ADCEx_Calibration_Start
 .text.__NVIC_SetPriorityGrouping
                0x08004d98       0x48 ./Drivers/STM32F1xx_HAL_Driver/Src/stm32f1xx_hal_cortex.o
 .text.__NVIC_GetPriorityGrouping
                0x08004de0       0x1c ./Drivers/STM32F1xx_HAL_Driver/Src/stm32f1xx_hal_cortex.o
 .text.__NVIC_EnableIRQ
                0x08004dfc       0x38 ./Drivers/STM32F1xx_HAL_Driver/Src/stm32f1xx_hal_cortex.o
 .text.__NVIC_SetPriority
                0x08004e34       0x54 ./Drivers/STM32F1xx_HAL_Driver/Src/stm32f1xx_hal_cortex.o
 .text.NVIC_EncodePriority
                0x08004e88       0x64 ./Drivers/STM32F1xx_HAL_Driver/Src/stm32f1xx_hal_cortex.o
 .text.SysTick_Config
                0x08004eec       0x44 ./Drivers/STM32F1xx_HAL_Driver/Src/stm32f1xx_hal_cortex.o
 .text.HAL_NVIC_SetPriorityGrouping
                0x08004f30       0x16 ./Drivers/STM32F1xx_HAL_Driver/Src/stm32f1xx_hal_cortex.o
                0x08004f30                HAL_NVIC_SetPriorityGrouping
 .text.HAL_NVIC_SetPriority
                0x08004f46       0x38 ./Drivers/STM32F1xx_HAL_Driver/Src/stm32f1xx_hal_cortex.o
                0x08004f46                HAL_NVIC_SetPriority
 .text.HAL_NVIC_EnableIRQ
                0x08004f7e       0x1c ./Drivers/STM32F1xx_HAL_Driver/Src/stm32f1xx_hal_cortex.o
                0x08004f7e                HAL_NVIC_EnableIRQ
 .text.HAL_SYSTICK_Config
                0x08004f9a       0x18 ./Drivers/STM32F1xx_HAL_Driver/Src/stm32f1xx_hal_cortex.o
                0x08004f9a                HAL_SYSTICK_Config
 *fill*         0x08004fb2        0x2 
 .text.HAL_DMA_Init
                0x08004fb4       0xec ./Drivers/STM32F1xx_HAL_Driver/Src/stm32f1xx_hal_dma.o
                0x08004fb4                HAL_DMA_Init
 .text.HAL_DMA_Start_IT
                0x080050a0       0xc0 ./Drivers/STM32F1xx_HAL_Driver/Src/stm32f1xx_hal_dma.o
                0x080050a0                HAL_DMA_Start_IT
 .text.HAL_DMA_Abort
                0x08005160       0x76 ./Drivers/STM32F1xx_HAL_Driver/Src/stm32f1xx_hal_dma.o
                0x08005160                HAL_DMA_Abort
 *fill*         0x080051d6        0x2 
 .text.HAL_DMA_Abort_IT
                0x080051d8      0x210 ./Drivers/STM32F1xx_HAL_Driver/Src/stm32f1xx_hal_dma.o
                0x080051d8                HAL_DMA_Abort_IT
 .text.HAL_DMA_IRQHandler
                0x080053e8      0x478 ./Drivers/STM32F1xx_HAL_Driver/Src/stm32f1xx_hal_dma.o
                0x080053e8                HAL_DMA_IRQHandler
 .text.DMA_SetConfig
                0x08005860       0x5a ./Drivers/STM32F1xx_HAL_Driver/Src/stm32f1xx_hal_dma.o
 *fill*         0x080058ba        0x2 
 .text.HAL_FLASH_Program
                0x080058bc      0x11c ./Drivers/STM32F1xx_HAL_Driver/Src/stm32f1xx_hal_flash.o
                0x080058bc                HAL_FLASH_Program
 .text.HAL_FLASH_Unlock
                0x080059d8       0x74 ./Drivers/STM32F1xx_HAL_Driver/Src/stm32f1xx_hal_flash.o
                0x080059d8                HAL_FLASH_Unlock
 .text.HAL_FLASH_Lock
                0x08005a4c       0x2c ./Drivers/STM32F1xx_HAL_Driver/Src/stm32f1xx_hal_flash.o
                0x08005a4c                HAL_FLASH_Lock
 .text.FLASH_Program_HalfWord
                0x08005a78       0x50 ./Drivers/STM32F1xx_HAL_Driver/Src/stm32f1xx_hal_flash.o
 .text.FLASH_WaitForLastOperation
                0x08005ac8       0x8c ./Drivers/STM32F1xx_HAL_Driver/Src/stm32f1xx_hal_flash.o
                0x08005ac8                FLASH_WaitForLastOperation
 .text.FLASH_WaitForLastOperationBank2
                0x08005b54       0x80 ./Drivers/STM32F1xx_HAL_Driver/Src/stm32f1xx_hal_flash.o
                0x08005b54                FLASH_WaitForLastOperationBank2
 .text.FLASH_SetErrorCode
                0x08005bd4       0xd4 ./Drivers/STM32F1xx_HAL_Driver/Src/stm32f1xx_hal_flash.o
 .text.HAL_FLASHEx_Erase
                0x08005ca8      0x1ec ./Drivers/STM32F1xx_HAL_Driver/Src/stm32f1xx_hal_flash_ex.o
                0x08005ca8                HAL_FLASHEx_Erase
 .text.FLASH_MassErase
                0x08005e94       0x90 ./Drivers/STM32F1xx_HAL_Driver/Src/stm32f1xx_hal_flash_ex.o
 .text.FLASH_PageErase
                0x08005f24       0x6c ./Drivers/STM32F1xx_HAL_Driver/Src/stm32f1xx_hal_flash_ex.o
                0x08005f24                FLASH_PageErase
 .text.HAL_GPIO_Init
                0x08005f90      0x328 ./Drivers/STM32F1xx_HAL_Driver/Src/stm32f1xx_hal_gpio.o
                0x08005f90                HAL_GPIO_Init
 .text.HAL_GPIO_WritePin
                0x080062b8       0x30 ./Drivers/STM32F1xx_HAL_Driver/Src/stm32f1xx_hal_gpio.o
                0x080062b8                HAL_GPIO_WritePin
 .text.HAL_RCC_OscConfig
                0x080062e8      0x504 ./Drivers/STM32F1xx_HAL_Driver/Src/stm32f1xx_hal_rcc.o
                0x080062e8                HAL_RCC_OscConfig
 .text.HAL_RCC_ClockConfig
                0x080067ec      0x1d4 ./Drivers/STM32F1xx_HAL_Driver/Src/stm32f1xx_hal_rcc.o
                0x080067ec                HAL_RCC_ClockConfig
 .text.HAL_RCC_GetSysClockFreq
                0x080069c0       0xa8 ./Drivers/STM32F1xx_HAL_Driver/Src/stm32f1xx_hal_rcc.o
                0x080069c0                HAL_RCC_GetSysClockFreq
 .text.HAL_RCC_GetHCLKFreq
                0x08006a68       0x14 ./Drivers/STM32F1xx_HAL_Driver/Src/stm32f1xx_hal_rcc.o
                0x08006a68                HAL_RCC_GetHCLKFreq
 .text.HAL_RCC_GetPCLK1Freq
                0x08006a7c       0x28 ./Drivers/STM32F1xx_HAL_Driver/Src/stm32f1xx_hal_rcc.o
                0x08006a7c                HAL_RCC_GetPCLK1Freq
 .text.HAL_RCC_GetPCLK2Freq
                0x08006aa4       0x28 ./Drivers/STM32F1xx_HAL_Driver/Src/stm32f1xx_hal_rcc.o
                0x08006aa4                HAL_RCC_GetPCLK2Freq
 .text.RCC_Delay
                0x08006acc       0x3c ./Drivers/STM32F1xx_HAL_Driver/Src/stm32f1xx_hal_rcc.o
 .text.HAL_RCCEx_PeriphCLKConfig
                0x08006b08      0x16c ./Drivers/STM32F1xx_HAL_Driver/Src/stm32f1xx_hal_rcc_ex.o
                0x08006b08                HAL_RCCEx_PeriphCLKConfig
 .text.HAL_RCCEx_GetPeriphCLKFreq
                0x08006c74      0x1b0 ./Drivers/STM32F1xx_HAL_Driver/Src/stm32f1xx_hal_rcc_ex.o
                0x08006c74                HAL_RCCEx_GetPeriphCLKFreq
 .text.HAL_TIM_Base_Init
                0x08006e24       0x9e ./Drivers/STM32F1xx_HAL_Driver/Src/stm32f1xx_hal_tim.o
                0x08006e24                HAL_TIM_Base_Init
 *fill*         0x08006ec2        0x2 
 .text.HAL_TIM_Base_Start
                0x08006ec4       0xcc ./Drivers/STM32F1xx_HAL_Driver/Src/stm32f1xx_hal_tim.o
                0x08006ec4                HAL_TIM_Base_Start
 .text.HAL_TIM_Base_Stop
                0x08006f90       0x4c ./Drivers/STM32F1xx_HAL_Driver/Src/stm32f1xx_hal_tim.o
                0x08006f90                HAL_TIM_Base_Stop
 .text.HAL_TIM_Base_Start_IT
                0x08006fdc       0xdc ./Drivers/STM32F1xx_HAL_Driver/Src/stm32f1xx_hal_tim.o
                0x08006fdc                HAL_TIM_Base_Start_IT
 .text.HAL_TIM_PWM_Init
                0x080070b8       0x9e ./Drivers/STM32F1xx_HAL_Driver/Src/stm32f1xx_hal_tim.o
                0x080070b8                HAL_TIM_PWM_Init
 .text.HAL_TIM_PWM_MspInit
                0x08007156       0x12 ./Drivers/STM32F1xx_HAL_Driver/Src/stm32f1xx_hal_tim.o
                0x08007156                HAL_TIM_PWM_MspInit
 .text.HAL_TIM_PWM_Start
                0x08007168      0x190 ./Drivers/STM32F1xx_HAL_Driver/Src/stm32f1xx_hal_tim.o
                0x08007168                HAL_TIM_PWM_Start
 .text.HAL_TIM_PWM_Stop
                0x080072f8       0xe0 ./Drivers/STM32F1xx_HAL_Driver/Src/stm32f1xx_hal_tim.o
                0x080072f8                HAL_TIM_PWM_Stop
 .text.HAL_TIM_IRQHandler
                0x080073d8      0x1e0 ./Drivers/STM32F1xx_HAL_Driver/Src/stm32f1xx_hal_tim.o
                0x080073d8                HAL_TIM_IRQHandler
 .text.HAL_TIM_PWM_ConfigChannel
                0x080075b8      0x184 ./Drivers/STM32F1xx_HAL_Driver/Src/stm32f1xx_hal_tim.o
                0x080075b8                HAL_TIM_PWM_ConfigChannel
 .text.HAL_TIM_ConfigClockSource
                0x0800773c      0x18e ./Drivers/STM32F1xx_HAL_Driver/Src/stm32f1xx_hal_tim.o
                0x0800773c                HAL_TIM_ConfigClockSource
 .text.HAL_TIM_OC_DelayElapsedCallback
                0x080078ca       0x12 ./Drivers/STM32F1xx_HAL_Driver/Src/stm32f1xx_hal_tim.o
                0x080078ca                HAL_TIM_OC_DelayElapsedCallback
 .text.HAL_TIM_IC_CaptureCallback
                0x080078dc       0x12 ./Drivers/STM32F1xx_HAL_Driver/Src/stm32f1xx_hal_tim.o
                0x080078dc                HAL_TIM_IC_CaptureCallback
 .text.HAL_TIM_PWM_PulseFinishedCallback
                0x080078ee       0x12 ./Drivers/STM32F1xx_HAL_Driver/Src/stm32f1xx_hal_tim.o
                0x080078ee                HAL_TIM_PWM_PulseFinishedCallback
 .text.HAL_TIM_TriggerCallback
                0x08007900       0x12 ./Drivers/STM32F1xx_HAL_Driver/Src/stm32f1xx_hal_tim.o
                0x08007900                HAL_TIM_TriggerCallback
 *fill*         0x08007912        0x2 
 .text.TIM_Base_SetConfig
                0x08007914      0x154 ./Drivers/STM32F1xx_HAL_Driver/Src/stm32f1xx_hal_tim.o
                0x08007914                TIM_Base_SetConfig
 .text.TIM_OC1_SetConfig
                0x08007a68       0xe0 ./Drivers/STM32F1xx_HAL_Driver/Src/stm32f1xx_hal_tim.o
 .text.TIM_OC2_SetConfig
                0x08007b48       0xe8 ./Drivers/STM32F1xx_HAL_Driver/Src/stm32f1xx_hal_tim.o
                0x08007b48                TIM_OC2_SetConfig
 .text.TIM_OC3_SetConfig
                0x08007c30       0xe8 ./Drivers/STM32F1xx_HAL_Driver/Src/stm32f1xx_hal_tim.o
 .text.TIM_OC4_SetConfig
                0x08007d18       0xa8 ./Drivers/STM32F1xx_HAL_Driver/Src/stm32f1xx_hal_tim.o
 .text.TIM_TI1_ConfigInputStage
                0x08007dc0       0x5c ./Drivers/STM32F1xx_HAL_Driver/Src/stm32f1xx_hal_tim.o
 .text.TIM_TI2_ConfigInputStage
                0x08007e1c       0x5e ./Drivers/STM32F1xx_HAL_Driver/Src/stm32f1xx_hal_tim.o
 .text.TIM_ITRx_SetConfig
                0x08007e7a       0x34 ./Drivers/STM32F1xx_HAL_Driver/Src/stm32f1xx_hal_tim.o
 .text.TIM_ETR_SetConfig
                0x08007eae       0x3e ./Drivers/STM32F1xx_HAL_Driver/Src/stm32f1xx_hal_tim.o
                0x08007eae                TIM_ETR_SetConfig
 .text.TIM_CCxChannelCmd
                0x08007eec       0x48 ./Drivers/STM32F1xx_HAL_Driver/Src/stm32f1xx_hal_tim.o
                0x08007eec                TIM_CCxChannelCmd
 .text.HAL_TIMEx_MasterConfigSynchronization
                0x08007f34       0xf4 ./Drivers/STM32F1xx_HAL_Driver/Src/stm32f1xx_hal_tim_ex.o
                0x08007f34                HAL_TIMEx_MasterConfigSynchronization
 .text.HAL_TIMEx_ConfigBreakDeadTime
                0x08008028       0xa2 ./Drivers/STM32F1xx_HAL_Driver/Src/stm32f1xx_hal_tim_ex.o
                0x08008028                HAL_TIMEx_ConfigBreakDeadTime
 .text.HAL_TIMEx_CommutCallback
                0x080080ca       0x12 ./Drivers/STM32F1xx_HAL_Driver/Src/stm32f1xx_hal_tim_ex.o
                0x080080ca                HAL_TIMEx_CommutCallback
 .text.HAL_TIMEx_BreakCallback
                0x080080dc       0x12 ./Drivers/STM32F1xx_HAL_Driver/Src/stm32f1xx_hal_tim_ex.o
                0x080080dc                HAL_TIMEx_BreakCallback
 .text.HAL_UART_Init
                0x080080ee       0xa0 ./Drivers/STM32F1xx_HAL_Driver/Src/stm32f1xx_hal_uart.o
                0x080080ee                HAL_UART_Init
 .text.HAL_UART_Receive_DMA
                0x0800818e       0x4a ./Drivers/STM32F1xx_HAL_Driver/Src/stm32f1xx_hal_uart.o
                0x0800818e                HAL_UART_Receive_DMA
 .text.HAL_UART_DMAStop
                0x080081d8       0xfe ./Drivers/STM32F1xx_HAL_Driver/Src/stm32f1xx_hal_uart.o
                0x080081d8                HAL_UART_DMAStop
 *fill*         0x080082d6        0x2 
 .text.HAL_UART_IRQHandler
                0x080082d8      0x524 ./Drivers/STM32F1xx_HAL_Driver/Src/stm32f1xx_hal_uart.o
                0x080082d8                HAL_UART_IRQHandler
 .text.HAL_UART_TxCpltCallback
                0x080087fc       0x12 ./Drivers/STM32F1xx_HAL_Driver/Src/stm32f1xx_hal_uart.o
                0x080087fc                HAL_UART_TxCpltCallback
 .text.HAL_UART_RxCpltCallback
                0x0800880e       0x12 ./Drivers/STM32F1xx_HAL_Driver/Src/stm32f1xx_hal_uart.o
                0x0800880e                HAL_UART_RxCpltCallback
 .text.HAL_UART_RxHalfCpltCallback
                0x08008820       0x12 ./Drivers/STM32F1xx_HAL_Driver/Src/stm32f1xx_hal_uart.o
                0x08008820                HAL_UART_RxHalfCpltCallback
 .text.HAL_UART_ErrorCallback
                0x08008832       0x12 ./Drivers/STM32F1xx_HAL_Driver/Src/stm32f1xx_hal_uart.o
                0x08008832                HAL_UART_ErrorCallback
 .text.HAL_UARTEx_RxEventCallback
                0x08008844       0x16 ./Drivers/STM32F1xx_HAL_Driver/Src/stm32f1xx_hal_uart.o
                0x08008844                HAL_UARTEx_RxEventCallback
 .text.UART_DMAReceiveCplt
                0x0800885a      0x12c ./Drivers/STM32F1xx_HAL_Driver/Src/stm32f1xx_hal_uart.o
 .text.UART_DMARxHalfCplt
                0x08008986       0x3c ./Drivers/STM32F1xx_HAL_Driver/Src/stm32f1xx_hal_uart.o
 .text.UART_DMAError
                0x080089c2       0x94 ./Drivers/STM32F1xx_HAL_Driver/Src/stm32f1xx_hal_uart.o
 *fill*         0x08008a56        0x2 
 .text.UART_Start_Receive_DMA
                0x08008a58      0x134 ./Drivers/STM32F1xx_HAL_Driver/Src/stm32f1xx_hal_uart.o
                0x08008a58                UART_Start_Receive_DMA
 .text.UART_EndTxTransfer
                0x08008b8c       0x4e ./Drivers/STM32F1xx_HAL_Driver/Src/stm32f1xx_hal_uart.o
 .text.UART_EndRxTransfer
                0x08008bda       0xc4 ./Drivers/STM32F1xx_HAL_Driver/Src/stm32f1xx_hal_uart.o
 .text.UART_DMAAbortOnError
                0x08008c9e       0x28 ./Drivers/STM32F1xx_HAL_Driver/Src/stm32f1xx_hal_uart.o
 .text.UART_Transmit_IT
                0x08008cc6       0x9e ./Drivers/STM32F1xx_HAL_Driver/Src/stm32f1xx_hal_uart.o
 .text.UART_EndTransmit_IT
                0x08008d64       0x30 ./Drivers/STM32F1xx_HAL_Driver/Src/stm32f1xx_hal_uart.o
 .text.UART_Receive_IT
                0x08008d94      0x17c ./Drivers/STM32F1xx_HAL_Driver/Src/stm32f1xx_hal_uart.o
 .text.UART_SetConfig
                0x08008f10      0x11c ./Drivers/STM32F1xx_HAL_Driver/Src/stm32f1xx_hal_uart.o
 .text.memset   0x0800902c       0x10 D:/Softwave/ST/STM32CubeIDE_1.19.0/STM32CubeIDE/plugins/com.st.stm32cube.ide.mcu.externaltools.gnu-tools-for-stm32.13.3.rel1.win32_1.0.0.202411081344/tools/bin/../lib/gcc/arm-none-eabi/13.3.1/../../../../arm-none-eabi/lib/thumb/v7-m/nofp\libc_nano.a(libc_a-memset.o)
                0x0800902c                memset
 .text.__libc_init_array
                0x0800903c       0x48 D:/Softwave/ST/STM32CubeIDE_1.19.0/STM32CubeIDE/plugins/com.st.stm32cube.ide.mcu.externaltools.gnu-tools-for-stm32.13.3.rel1.win32_1.0.0.202411081344/tools/bin/../lib/gcc/arm-none-eabi/13.3.1/../../../../arm-none-eabi/lib/thumb/v7-m/nofp\libc_nano.a(libc_a-init.o)
                0x0800903c                __libc_init_array
 *(.glue_7)
 .glue_7        0x08009084        0x0 linker stubs
 *(.glue_7t)
 .glue_7t       0x08009084        0x0 linker stubs
 *(.eh_frame)
 .eh_frame      0x08009084        0x0 D:/Softwave/ST/STM32CubeIDE_1.19.0/STM32CubeIDE/plugins/com.st.stm32cube.ide.mcu.externaltools.gnu-tools-for-stm32.13.3.rel1.win32_1.0.0.202411081344/tools/bin/../lib/gcc/arm-none-eabi/13.3.1/thumb/v7-m/nofp/crtbegin.o
 *(.init)
 .init          0x08009084        0x4 D:/Softwave/ST/STM32CubeIDE_1.19.0/STM32CubeIDE/plugins/com.st.stm32cube.ide.mcu.externaltools.gnu-tools-for-stm32.13.3.rel1.win32_1.0.0.202411081344/tools/bin/../lib/gcc/arm-none-eabi/13.3.1/thumb/v7-m/nofp/crti.o
                0x08009084                _init
 .init          0x08009088        0x8 D:/Softwave/ST/STM32CubeIDE_1.19.0/STM32CubeIDE/plugins/com.st.stm32cube.ide.mcu.externaltools.gnu-tools-for-stm32.13.3.rel1.win32_1.0.0.202411081344/tools/bin/../lib/gcc/arm-none-eabi/13.3.1/thumb/v7-m/nofp/crtn.o
 *(.fini)
 .fini          0x08009090        0x4 D:/Softwave/ST/STM32CubeIDE_1.19.0/STM32CubeIDE/plugins/com.st.stm32cube.ide.mcu.externaltools.gnu-tools-for-stm32.13.3.rel1.win32_1.0.0.202411081344/tools/bin/../lib/gcc/arm-none-eabi/13.3.1/thumb/v7-m/nofp/crti.o
                0x08009090                _fini
 .fini          0x08009094        0x8 D:/Softwave/ST/STM32CubeIDE_1.19.0/STM32CubeIDE/plugins/com.st.stm32cube.ide.mcu.externaltools.gnu-tools-for-stm32.13.3.rel1.win32_1.0.0.202411081344/tools/bin/../lib/gcc/arm-none-eabi/13.3.1/thumb/v7-m/nofp/crtn.o
                0x0800909c                        . = ALIGN (0x4)
                0x0800909c                        _etext = .

.vfp11_veneer   0x0800909c        0x0
 .vfp11_veneer  0x0800909c        0x0 linker stubs

.v4_bx          0x0800909c        0x0
 .v4_bx         0x0800909c        0x0 linker stubs

.iplt           0x0800909c        0x0
 .iplt          0x0800909c        0x0 D:/Softwave/ST/STM32CubeIDE_1.19.0/STM32CubeIDE/plugins/com.st.stm32cube.ide.mcu.externaltools.gnu-tools-for-stm32.13.3.rel1.win32_1.0.0.202411081344/tools/bin/../lib/gcc/arm-none-eabi/13.3.1/thumb/v7-m/nofp/crtbegin.o

.rodata         0x0800909c      0x5b0
                0x0800909c                        . = ALIGN (0x4)
 *(.rodata)
 *(.rodata*)
 .rodata.AHBPrescTable
                0x0800909c       0x10 ./Core/Src/system_stm32f1xx.o
                0x0800909c                AHBPrescTable
 .rodata.APBPrescTable
                0x080090ac        0x8 ./Core/Src/system_stm32f1xx.o
                0x080090ac                APBPrescTable
 .rodata.INP_HWTemp_R
                0x080090b4      0x284 ./Devices/dev_adc.o
                0x080090b4                INP_HWTemp_R
 .rodata.OUT_HWTemp_T
                0x08009338      0x284 ./Devices/dev_adc.o
                0x08009338                OUT_HWTemp_T
 .rodata.dev_ultra_handle
                0x080095bc       0x40 ./Devices/dev_pwm.o
 .rodata.dev_screen_cmd
                0x080095fc       0x28 ./Devices/dev_screen.o
 .rodata.aPLLMULFactorTable.1
                0x08009624       0x10 ./Drivers/STM32F1xx_HAL_Driver/Src/stm32f1xx_hal_rcc.o
 .rodata.aPredivFactorTable.0
                0x08009634        0x2 ./Drivers/STM32F1xx_HAL_Driver/Src/stm32f1xx_hal_rcc.o
 *fill*         0x08009636        0x2 
 .rodata.aPLLMULFactorTable.1
                0x08009638       0x10 ./Drivers/STM32F1xx_HAL_Driver/Src/stm32f1xx_hal_rcc_ex.o
 .rodata.aPredivFactorTable.0
                0x08009648        0x2 ./Drivers/STM32F1xx_HAL_Driver/Src/stm32f1xx_hal_rcc_ex.o
                0x0800964c                        . = ALIGN (0x4)
 *fill*         0x0800964a        0x2 

.ARM.extab      0x0800964c        0x0
                0x0800964c                        . = ALIGN (0x4)
 *(.ARM.extab* .gnu.linkonce.armextab.*)
                0x0800964c                        . = ALIGN (0x4)

.ARM            0x0800964c        0x0
                0x0800964c                        . = ALIGN (0x4)
                0x0800964c                        __exidx_start = .
 *(.ARM.exidx*)
                0x0800964c                        __exidx_end = .
                0x0800964c                        . = ALIGN (0x4)

.preinit_array  0x0800964c        0x0
                0x0800964c                        . = ALIGN (0x4)
                0x0800964c                        PROVIDE (__preinit_array_start = .)
 *(.preinit_array*)
                0x0800964c                        PROVIDE (__preinit_array_end = .)
                0x0800964c                        . = ALIGN (0x4)

.init_array     0x0800964c        0x4
                0x0800964c                        . = ALIGN (0x4)
                0x0800964c                        PROVIDE (__init_array_start = .)
 *(SORT_BY_NAME(.init_array.*))
 *(.init_array*)
 .init_array    0x0800964c        0x4 D:/Softwave/ST/STM32CubeIDE_1.19.0/STM32CubeIDE/plugins/com.st.stm32cube.ide.mcu.externaltools.gnu-tools-for-stm32.13.3.rel1.win32_1.0.0.202411081344/tools/bin/../lib/gcc/arm-none-eabi/13.3.1/thumb/v7-m/nofp/crtbegin.o
                0x08009650                        PROVIDE (__init_array_end = .)
                0x08009650                        . = ALIGN (0x4)

.fini_array     0x08009650        0x4
                0x08009650                        . = ALIGN (0x4)
                [!provide]                        PROVIDE (__fini_array_start = .)
 *(SORT_BY_NAME(.fini_array.*))
 *(.fini_array*)
 .fini_array    0x08009650        0x4 D:/Softwave/ST/STM32CubeIDE_1.19.0/STM32CubeIDE/plugins/com.st.stm32cube.ide.mcu.externaltools.gnu-tools-for-stm32.13.3.rel1.win32_1.0.0.202411081344/tools/bin/../lib/gcc/arm-none-eabi/13.3.1/thumb/v7-m/nofp/crtbegin.o
                [!provide]                        PROVIDE (__fini_array_end = .)
                0x08009654                        . = ALIGN (0x4)
                0x08009654                        _sidata = LOADADDR (.data)

.rel.dyn        0x08009654        0x0
 .rel.iplt      0x08009654        0x0 D:/Softwave/ST/STM32CubeIDE_1.19.0/STM32CubeIDE/plugins/com.st.stm32cube.ide.mcu.externaltools.gnu-tools-for-stm32.13.3.rel1.win32_1.0.0.202411081344/tools/bin/../lib/gcc/arm-none-eabi/13.3.1/thumb/v7-m/nofp/crtbegin.o

.data           0x20000000      0x188 load address 0x08009654
                0x20000000                        . = ALIGN (0x4)
                0x20000000                        _sdata = .
 *(.data)
 *(.data*)
 .data.SystemCoreClock
                0x20000000        0x4 ./Core/Src/system_stm32f1xx.o
                0x20000000                SystemCoreClock
 .data.WorkModule
                0x20000004        0x1 ./Devices/App.o
                0x20000004                WorkModule
 *fill*         0x20000005        0x3 
 .data.UltraEnFlg
                0x20000008        0x8 ./Devices/App.o
                0x20000008                UltraEnFlg
 .data.MotorEnableFlg
                0x20000010        0x1 ./Devices/App.o
 *fill*         0x20000011        0x1 
 .data.StimuTime
                0x20000012        0x2 ./Devices/App.o
 .data.IdleTime
                0x20000014        0x2 ./Devices/App.o
 *fill*         0x20000016        0x2 
 .data.Ultra_Gpio_Port
                0x20000018       0x20 ./Devices/App.o
 .data.Motor_Gpio_Port
                0x20000038       0x20 ./Devices/App.o
 .data.Ultra_Gpio_Pin
                0x20000058       0x10 ./Devices/App.o
 .data.Motor_Gpio_Pin
                0x20000068       0x10 ./Devices/App.o
 .data.ResistCode
                0x20000078        0x5 ./Devices/dev_ad5160.o
 *fill*         0x2000007d        0x3 
 .data.AD5160_CS_GPIO
                0x20000080        0x4 ./Devices/dev_ad5160.o
 .data.AD5160_DATA_GPIO
                0x20000084        0x4 ./Devices/dev_ad5160.o
 .data.AD5160_CLK_GPIO
                0x20000088        0x4 ./Devices/dev_ad5160.o
 .data.AD5160_CS_PORT
                0x2000008c        0x8 ./Devices/dev_ad5160.o
 .data.AD5160_DATA_PORT
                0x20000094        0x8 ./Devices/dev_ad5160.o
 .data.AD5160_CLK_PORT
                0x2000009c        0x8 ./Devices/dev_ad5160.o
 .data.PowerLevel
                0x200000a4        0x1 ./Devices/dev_ad5160.o
 .data.PowerLevel_old
                0x200000a5        0x1 ./Devices/dev_ad5160.o
 *fill*         0x200000a6        0x2 
 .data.AD9833_FSYNC_GPIO
                0x200000a8       0x10 ./Devices/dev_ad9833.o
 .data.AD9833_SDATA_GPIO
                0x200000b8       0x10 ./Devices/dev_ad9833.o
 .data.AD9833_SCLK_GPIO
                0x200000c8       0x10 ./Devices/dev_ad9833.o
 .data.AD9833_FSYNC_PORT
                0x200000d8       0x20 ./Devices/dev_ad9833.o
 .data.AD9833_SDATA_PORT
                0x200000f8       0x20 ./Devices/dev_ad9833.o
 .data.AD9833_SCLK_PORT
                0x20000118       0x20 ./Devices/dev_ad9833.o
 .data.TemptureVol_Temp
                0x20000138       0x3c ./Devices/dev_adc.o
 .data.MotorLevel
                0x20000174        0x1 ./Devices/dev_pwm.o
 *fill*         0x20000175        0x3 
 .data.active_buff
                0x20000178        0x4 ./Devices/dev_screen.o
                0x20000178                active_buff
 .data.passive_buff
                0x2000017c        0x4 ./Devices/dev_screen.o
                0x2000017c                passive_buff
 .data.uwTickPrio
                0x20000180        0x4 ./Drivers/STM32F1xx_HAL_Driver/Src/stm32f1xx_hal.o
                0x20000180                uwTickPrio
 .data.uwTickFreq
                0x20000184        0x1 ./Drivers/STM32F1xx_HAL_Driver/Src/stm32f1xx_hal.o
                0x20000184                uwTickFreq
 *(.RamFunc)
 *(.RamFunc*)
                0x20000188                        . = ALIGN (0x4)
 *fill*         0x20000185        0x3 
                0x20000188                        _edata = .

.igot.plt       0x20000188        0x0 load address 0x080097dc
 .igot.plt      0x20000188        0x0 D:/Softwave/ST/STM32CubeIDE_1.19.0/STM32CubeIDE/plugins/com.st.stm32cube.ide.mcu.externaltools.gnu-tools-for-stm32.13.3.rel1.win32_1.0.0.202411081344/tools/bin/../lib/gcc/arm-none-eabi/13.3.1/thumb/v7-m/nofp/crtbegin.o
                0x20000188                        . = ALIGN (0x4)

.bss            0x20000188      0x698 load address 0x080097dc
                0x20000188                        _sbss = .
                0x20000188                        __bss_start__ = _sbss
 *(.bss)
 .bss           0x20000188       0x1c D:/Softwave/ST/STM32CubeIDE_1.19.0/STM32CubeIDE/plugins/com.st.stm32cube.ide.mcu.externaltools.gnu-tools-for-stm32.13.3.rel1.win32_1.0.0.202411081344/tools/bin/../lib/gcc/arm-none-eabi/13.3.1/thumb/v7-m/nofp/crtbegin.o
 *(.bss*)
 .bss.hadc1     0x200001a4       0x30 ./Core/Src/adc.o
                0x200001a4                hadc1
 .bss.hdma_adc1
                0x200001d4       0x44 ./Core/Src/adc.o
                0x200001d4                hdma_adc1
 .bss.TaskCount
                0x20000218        0x4 ./Core/Src/main.o
                0x20000218                TaskCount
 .bss.htim1     0x2000021c       0x48 ./Core/Src/tim.o
                0x2000021c                htim1
 .bss.htim2     0x20000264       0x48 ./Core/Src/tim.o
                0x20000264                htim2
 .bss.htim3     0x200002ac       0x48 ./Core/Src/tim.o
                0x200002ac                htim3
 .bss.htim4     0x200002f4       0x48 ./Core/Src/tim.o
                0x200002f4                htim4
 .bss.htim5     0x2000033c       0x48 ./Core/Src/tim.o
                0x2000033c                htim5
 .bss.htim6     0x20000384       0x48 ./Core/Src/tim.o
                0x20000384                htim6
 .bss.htim8     0x200003cc       0x48 ./Core/Src/tim.o
                0x200003cc                htim8
 .bss.htim9     0x20000414       0x48 ./Core/Src/tim.o
                0x20000414                htim9
 .bss.htim10    0x2000045c       0x48 ./Core/Src/tim.o
                0x2000045c                htim10
 .bss.htim11    0x200004a4       0x48 ./Core/Src/tim.o
                0x200004a4                htim11
 .bss.htim12    0x200004ec       0x48 ./Core/Src/tim.o
                0x200004ec                htim12
 .bss.huart3    0x20000534       0x48 ./Core/Src/usart.o
                0x20000534                huart3
 .bss.hdma_usart3_rx
                0x2000057c       0x44 ./Core/Src/usart.o
                0x2000057c                hdma_usart3_rx
 .bss.hdma_usart3_tx
                0x200005c0       0x44 ./Core/Src/usart.o
                0x200005c0                hdma_usart3_tx
 .bss.WorkSta   0x20000604        0x1 ./Devices/App.o
                0x20000604                WorkSta
 .bss.ParamRefresh
                0x20000605        0x1 ./Devices/App.o
                0x20000605                ParamRefresh
 *fill*         0x20000606        0x2 
 .bss.UltraWorkTime
                0x20000608        0x4 ./Devices/App.o
                0x20000608                UltraWorkTime
 .bss.DevParamRead
                0x2000060c       0x50 ./Devices/App.o
                0x2000060c                DevParamRead
 .bss.UltraParam_Old
                0x2000065c       0x10 ./Devices/dev_ad9833.o
 .bss.CurrentFrontVol_Temp
                0x2000066c       0x3c ./Devices/dev_adc.o
 .bss.CurrentAfterVol_Temp
                0x200006a8       0x3c ./Devices/dev_adc.o
 .bss.ADC1SampleVal
                0x200006e4        0xa ./Devices/dev_adc.o
 *fill*         0x200006ee        0x2 
 .bss.SampleTemp
                0x200006f0        0x4 ./Devices/dev_adc.o
                0x200006f0                SampleTemp
 .bss.CurrentFront
                0x200006f4        0x4 ./Devices/dev_adc.o
                0x200006f4                CurrentFront
 .bss.CurrentAfter
                0x200006f8        0x4 ./Devices/dev_adc.o
                0x200006f8                CurrentAfter
 .bss.CoreTempture
                0x200006fc        0x4 ./Devices/dev_adc.o
                0x200006fc                CoreTempture
 .bss.sCount.0  0x20000700        0x1 ./Devices/dev_adc.o
 .bss.FlashSaveFlg
                0x20000701        0x1 ./Devices/dev_flash.o
                0x20000701                FlashSaveFlg
 *fill*         0x20000702        0x2 
 .bss.FlashOffset
                0x20000704        0x4 ./Devices/dev_flash.o
 .bss.pwm_duty  0x20000708        0x8 ./Devices/dev_pwm.o
 .bss.pwm_duty_old
                0x20000710        0x8 ./Devices/dev_pwm.o
 .bss.pwm_period
                0x20000718       0x20 ./Devices/dev_pwm.o
 .bss.pwm_period_old
                0x20000738       0x20 ./Devices/dev_pwm.o
 .bss.pwm_pluse
                0x20000758       0x20 ./Devices/dev_pwm.o
 .bss.ScreenRxBuff1
                0x20000778       0x40 ./Devices/dev_screen.o
                0x20000778                ScreenRxBuff1
 .bss.ScreenRxBuff2
                0x200007b8       0x40 ./Devices/dev_screen.o
                0x200007b8                ScreenRxBuff2
 .bss.uwTick    0x200007f8        0x4 ./Drivers/STM32F1xx_HAL_Driver/Src/stm32f1xx_hal.o
                0x200007f8                uwTick
 *fill*         0x200007fc        0x4 
 .bss.pFlash    0x20000800       0x20 ./Drivers/STM32F1xx_HAL_Driver/Src/stm32f1xx_hal_flash.o
                0x20000800                pFlash
 *(COMMON)
                0x20000820                        . = ALIGN (0x4)
                0x20000820                        _ebss = .
                0x20000820                        __bss_end__ = _ebss

._user_heap_stack
                0x20000820      0x600 load address 0x080097dc
                0x20000820                        . = ALIGN (0x8)
                [!provide]                        PROVIDE (end = .)
                0x20000820                        PROVIDE (_end = .)
                0x20000a20                        . = (. + _Min_Heap_Size)
 *fill*         0x20000820      0x200 
                0x20000e20                        . = (. + _Min_Stack_Size)
 *fill*         0x20000a20      0x400 
                0x20000e20                        . = ALIGN (0x8)

/DISCARD/
 libc.a(*)
 libm.a(*)
 libgcc.a(*)

.ARM.attributes
                0x00000000       0x29
 *(.ARM.attributes)
 .ARM.attributes
                0x00000000       0x1d D:/Softwave/ST/STM32CubeIDE_1.19.0/STM32CubeIDE/plugins/com.st.stm32cube.ide.mcu.externaltools.gnu-tools-for-stm32.13.3.rel1.win32_1.0.0.202411081344/tools/bin/../lib/gcc/arm-none-eabi/13.3.1/thumb/v7-m/nofp/crti.o
 .ARM.attributes
                0x0000001d       0x2d D:/Softwave/ST/STM32CubeIDE_1.19.0/STM32CubeIDE/plugins/com.st.stm32cube.ide.mcu.externaltools.gnu-tools-for-stm32.13.3.rel1.win32_1.0.0.202411081344/tools/bin/../lib/gcc/arm-none-eabi/13.3.1/thumb/v7-m/nofp/crtbegin.o
 .ARM.attributes
                0x0000004a       0x2d ./Core/Src/adc.o
 .ARM.attributes
                0x00000077       0x2d ./Core/Src/dma.o
 .ARM.attributes
                0x000000a4       0x2d ./Core/Src/gpio.o
 .ARM.attributes
                0x000000d1       0x2d ./Core/Src/main.o
 .ARM.attributes
                0x000000fe       0x2d ./Core/Src/stm32f1xx_hal_msp.o
 .ARM.attributes
                0x0000012b       0x2d ./Core/Src/stm32f1xx_it.o
 .ARM.attributes
                0x00000158       0x2d ./Core/Src/system_stm32f1xx.o
 .ARM.attributes
                0x00000185       0x2d ./Core/Src/tim.o
 .ARM.attributes
                0x000001b2       0x2d ./Core/Src/usart.o
 .ARM.attributes
                0x000001df       0x21 ./Core/Startup/startup_stm32f103vgtx.o
 .ARM.attributes
                0x00000200       0x2d ./Devices/App.o
 .ARM.attributes
                0x0000022d       0x2d ./Devices/dev_ad5160.o
 .ARM.attributes
                0x0000025a       0x2d ./Devices/dev_ad9833.o
 .ARM.attributes
                0x00000287       0x2d ./Devices/dev_adc.o
 .ARM.attributes
                0x000002b4       0x2d ./Devices/dev_flash.o
 .ARM.attributes
                0x000002e1       0x2d ./Devices/dev_pwm.o
 .ARM.attributes
                0x0000030e       0x2d ./Devices/dev_screen.o
 .ARM.attributes
                0x0000033b       0x2d ./Drivers/STM32F1xx_HAL_Driver/Src/stm32f1xx_hal.o
 .ARM.attributes
                0x00000368       0x2d ./Drivers/STM32F1xx_HAL_Driver/Src/stm32f1xx_hal_adc.o
 .ARM.attributes
                0x00000395       0x2d ./Drivers/STM32F1xx_HAL_Driver/Src/stm32f1xx_hal_adc_ex.o
 .ARM.attributes
                0x000003c2       0x2d ./Drivers/STM32F1xx_HAL_Driver/Src/stm32f1xx_hal_cortex.o
 .ARM.attributes
                0x000003ef       0x2d ./Drivers/STM32F1xx_HAL_Driver/Src/stm32f1xx_hal_dma.o
 .ARM.attributes
                0x0000041c       0x2d ./Drivers/STM32F1xx_HAL_Driver/Src/stm32f1xx_hal_flash.o
 .ARM.attributes
                0x00000449       0x2d ./Drivers/STM32F1xx_HAL_Driver/Src/stm32f1xx_hal_flash_ex.o
 .ARM.attributes
                0x00000476       0x2d ./Drivers/STM32F1xx_HAL_Driver/Src/stm32f1xx_hal_gpio.o
 .ARM.attributes
                0x000004a3       0x2d ./Drivers/STM32F1xx_HAL_Driver/Src/stm32f1xx_hal_rcc.o
 .ARM.attributes
                0x000004d0       0x2d ./Drivers/STM32F1xx_HAL_Driver/Src/stm32f1xx_hal_rcc_ex.o
 .ARM.attributes
                0x000004fd       0x2d ./Drivers/STM32F1xx_HAL_Driver/Src/stm32f1xx_hal_tim.o
 .ARM.attributes
                0x0000052a       0x2d ./Drivers/STM32F1xx_HAL_Driver/Src/stm32f1xx_hal_tim_ex.o
 .ARM.attributes
                0x00000557       0x2d ./Drivers/STM32F1xx_HAL_Driver/Src/stm32f1xx_hal_uart.o
 .ARM.attributes
                0x00000584       0x2d D:/Softwave/ST/STM32CubeIDE_1.19.0/STM32CubeIDE/plugins/com.st.stm32cube.ide.mcu.externaltools.gnu-tools-for-stm32.13.3.rel1.win32_1.0.0.202411081344/tools/bin/../lib/gcc/arm-none-eabi/13.3.1/../../../../arm-none-eabi/lib/thumb/v7-m/nofp\libc_nano.a(libc_a-memset.o)
 .ARM.attributes
                0x000005b1       0x2d D:/Softwave/ST/STM32CubeIDE_1.19.0/STM32CubeIDE/plugins/com.st.stm32cube.ide.mcu.externaltools.gnu-tools-for-stm32.13.3.rel1.win32_1.0.0.202411081344/tools/bin/../lib/gcc/arm-none-eabi/13.3.1/../../../../arm-none-eabi/lib/thumb/v7-m/nofp\libc_nano.a(libc_a-init.o)
 .ARM.attributes
                0x000005de       0x1d D:/Softwave/ST/STM32CubeIDE_1.19.0/STM32CubeIDE/plugins/com.st.stm32cube.ide.mcu.externaltools.gnu-tools-for-stm32.13.3.rel1.win32_1.0.0.202411081344/tools/bin/../lib/gcc/arm-none-eabi/13.3.1/thumb/v7-m/nofp\libgcc.a(_arm_addsubdf3.o)
 .ARM.attributes
                0x000005fb       0x1d D:/Softwave/ST/STM32CubeIDE_1.19.0/STM32CubeIDE/plugins/com.st.stm32cube.ide.mcu.externaltools.gnu-tools-for-stm32.13.3.rel1.win32_1.0.0.202411081344/tools/bin/../lib/gcc/arm-none-eabi/13.3.1/thumb/v7-m/nofp\libgcc.a(_arm_muldivdf3.o)
 .ARM.attributes
                0x00000618       0x1d D:/Softwave/ST/STM32CubeIDE_1.19.0/STM32CubeIDE/plugins/com.st.stm32cube.ide.mcu.externaltools.gnu-tools-for-stm32.13.3.rel1.win32_1.0.0.202411081344/tools/bin/../lib/gcc/arm-none-eabi/13.3.1/thumb/v7-m/nofp\libgcc.a(_arm_fixdfsi.o)
 .ARM.attributes
                0x00000635       0x1d D:/Softwave/ST/STM32CubeIDE_1.19.0/STM32CubeIDE/plugins/com.st.stm32cube.ide.mcu.externaltools.gnu-tools-for-stm32.13.3.rel1.win32_1.0.0.202411081344/tools/bin/../lib/gcc/arm-none-eabi/13.3.1/thumb/v7-m/nofp\libgcc.a(_arm_truncdfsf2.o)
 .ARM.attributes
                0x00000652       0x1d D:/Softwave/ST/STM32CubeIDE_1.19.0/STM32CubeIDE/plugins/com.st.stm32cube.ide.mcu.externaltools.gnu-tools-for-stm32.13.3.rel1.win32_1.0.0.202411081344/tools/bin/../lib/gcc/arm-none-eabi/13.3.1/thumb/v7-m/nofp\libgcc.a(_arm_addsubsf3.o)
 .ARM.attributes
                0x0000066f       0x1d D:/Softwave/ST/STM32CubeIDE_1.19.0/STM32CubeIDE/plugins/com.st.stm32cube.ide.mcu.externaltools.gnu-tools-for-stm32.13.3.rel1.win32_1.0.0.202411081344/tools/bin/../lib/gcc/arm-none-eabi/13.3.1/thumb/v7-m/nofp\libgcc.a(_arm_muldivsf3.o)
 .ARM.attributes
                0x0000068c       0x1d D:/Softwave/ST/STM32CubeIDE_1.19.0/STM32CubeIDE/plugins/com.st.stm32cube.ide.mcu.externaltools.gnu-tools-for-stm32.13.3.rel1.win32_1.0.0.202411081344/tools/bin/../lib/gcc/arm-none-eabi/13.3.1/thumb/v7-m/nofp\libgcc.a(_arm_cmpsf2.o)
 .ARM.attributes
                0x000006a9       0x1d D:/Softwave/ST/STM32CubeIDE_1.19.0/STM32CubeIDE/plugins/com.st.stm32cube.ide.mcu.externaltools.gnu-tools-for-stm32.13.3.rel1.win32_1.0.0.202411081344/tools/bin/../lib/gcc/arm-none-eabi/13.3.1/thumb/v7-m/nofp/crtn.o
OUTPUT(UltraTherapy_SJTK_F103VGT6.elf elf32-littlearm)
LOAD linker stubs
LOAD D:/Softwave/ST/STM32CubeIDE_1.19.0/STM32CubeIDE/plugins/com.st.stm32cube.ide.mcu.externaltools.gnu-tools-for-stm32.13.3.rel1.win32_1.0.0.202411081344/tools/bin/../lib/gcc/arm-none-eabi/13.3.1/../../../../arm-none-eabi/lib/thumb/v7-m/nofp\libc.a
LOAD D:/Softwave/ST/STM32CubeIDE_1.19.0/STM32CubeIDE/plugins/com.st.stm32cube.ide.mcu.externaltools.gnu-tools-for-stm32.13.3.rel1.win32_1.0.0.202411081344/tools/bin/../lib/gcc/arm-none-eabi/13.3.1/../../../../arm-none-eabi/lib/thumb/v7-m/nofp\libm.a
LOAD D:/Softwave/ST/STM32CubeIDE_1.19.0/STM32CubeIDE/plugins/com.st.stm32cube.ide.mcu.externaltools.gnu-tools-for-stm32.13.3.rel1.win32_1.0.0.202411081344/tools/bin/../lib/gcc/arm-none-eabi/13.3.1/thumb/v7-m/nofp\libgcc.a

.debug_info     0x00000000    0x13461
 .debug_info    0x00000000      0x7fc ./Core/Src/adc.o
 .debug_info    0x000007fc      0x335 ./Core/Src/dma.o
 .debug_info    0x00000b31      0x2ef ./Core/Src/gpio.o
 .debug_info    0x00000e20      0x986 ./Core/Src/main.o
 .debug_info    0x000017a6      0x1f1 ./Core/Src/stm32f1xx_hal_msp.o
 .debug_info    0x00001997      0x9cb ./Core/Src/stm32f1xx_it.o
 .debug_info    0x00002362      0x222 ./Core/Src/system_stm32f1xx.o
 .debug_info    0x00002584     0x12cd ./Core/Src/tim.o
 .debug_info    0x00003851      0xa6f ./Core/Src/usart.o
 .debug_info    0x000042c0       0x30 ./Core/Startup/startup_stm32f103vgtx.o
 .debug_info    0x000042f0      0x4f7 ./Devices/App.o
 .debug_info    0x000047e7      0x4fb ./Devices/dev_ad5160.o
 .debug_info    0x00004ce2      0x6bb ./Devices/dev_ad9833.o
 .debug_info    0x0000539d      0x7e3 ./Devices/dev_adc.o
 .debug_info    0x00005b80      0x455 ./Devices/dev_flash.o
 .debug_info    0x00005fd5      0xb0c ./Devices/dev_pwm.o
 .debug_info    0x00006ae1      0xb4c ./Devices/dev_screen.o
 .debug_info    0x0000762d      0x7ce ./Drivers/STM32F1xx_HAL_Driver/Src/stm32f1xx_hal.o
 .debug_info    0x00007dfb      0xc50 ./Drivers/STM32F1xx_HAL_Driver/Src/stm32f1xx_hal_adc.o
 .debug_info    0x00008a4b      0xa10 ./Drivers/STM32F1xx_HAL_Driver/Src/stm32f1xx_hal_adc_ex.o
 .debug_info    0x0000945b      0xd03 ./Drivers/STM32F1xx_HAL_Driver/Src/stm32f1xx_hal_cortex.o
 .debug_info    0x0000a15e      0x6d2 ./Drivers/STM32F1xx_HAL_Driver/Src/stm32f1xx_hal_dma.o
 .debug_info    0x0000a830      0x58f ./Drivers/STM32F1xx_HAL_Driver/Src/stm32f1xx_hal_flash.o
 .debug_info    0x0000adbf      0x7f0 ./Drivers/STM32F1xx_HAL_Driver/Src/stm32f1xx_hal_flash_ex.o
 .debug_info    0x0000b5af      0x5ab ./Drivers/STM32F1xx_HAL_Driver/Src/stm32f1xx_hal_gpio.o
 .debug_info    0x0000bb5a      0x83d ./Drivers/STM32F1xx_HAL_Driver/Src/stm32f1xx_hal_rcc.o
 .debug_info    0x0000c397      0x3e9 ./Drivers/STM32F1xx_HAL_Driver/Src/stm32f1xx_hal_rcc_ex.o
 .debug_info    0x0000c780     0x2959 ./Drivers/STM32F1xx_HAL_Driver/Src/stm32f1xx_hal_tim.o
 .debug_info    0x0000f0d9     0x149b ./Drivers/STM32F1xx_HAL_Driver/Src/stm32f1xx_hal_tim_ex.o
 .debug_info    0x00010574     0x2eed ./Drivers/STM32F1xx_HAL_Driver/Src/stm32f1xx_hal_uart.o

.debug_abbrev   0x00000000     0x3b92
 .debug_abbrev  0x00000000      0x1e3 ./Core/Src/adc.o
 .debug_abbrev  0x000001e3       0xfc ./Core/Src/dma.o
 .debug_abbrev  0x000002df      0x13f ./Core/Src/gpio.o
 .debug_abbrev  0x0000041e      0x245 ./Core/Src/main.o
 .debug_abbrev  0x00000663       0xdb ./Core/Src/stm32f1xx_hal_msp.o
 .debug_abbrev  0x0000073e      0x1c9 ./Core/Src/stm32f1xx_it.o
 .debug_abbrev  0x00000907      0x13f ./Core/Src/system_stm32f1xx.o
 .debug_abbrev  0x00000a46      0x274 ./Core/Src/tim.o
 .debug_abbrev  0x00000cba      0x22c ./Core/Src/usart.o
 .debug_abbrev  0x00000ee6       0x24 ./Core/Startup/startup_stm32f103vgtx.o
 .debug_abbrev  0x00000f0a      0x1f7 ./Devices/App.o
 .debug_abbrev  0x00001101      0x1e1 ./Devices/dev_ad5160.o
 .debug_abbrev  0x000012e2      0x1fb ./Devices/dev_ad9833.o
 .debug_abbrev  0x000014dd      0x21a ./Devices/dev_adc.o
 .debug_abbrev  0x000016f7      0x179 ./Devices/dev_flash.o
 .debug_abbrev  0x00001870      0x22c ./Devices/dev_pwm.o
 .debug_abbrev  0x00001a9c      0x29e ./Devices/dev_screen.o
 .debug_abbrev  0x00001d3a      0x213 ./Drivers/STM32F1xx_HAL_Driver/Src/stm32f1xx_hal.o
 .debug_abbrev  0x00001f4d      0x225 ./Drivers/STM32F1xx_HAL_Driver/Src/stm32f1xx_hal_adc.o
 .debug_abbrev  0x00002172      0x249 ./Drivers/STM32F1xx_HAL_Driver/Src/stm32f1xx_hal_adc_ex.o
 .debug_abbrev  0x000023bb      0x31c ./Drivers/STM32F1xx_HAL_Driver/Src/stm32f1xx_hal_cortex.o
 .debug_abbrev  0x000026d7      0x20b ./Drivers/STM32F1xx_HAL_Driver/Src/stm32f1xx_hal_dma.o
 .debug_abbrev  0x000028e2      0x261 ./Drivers/STM32F1xx_HAL_Driver/Src/stm32f1xx_hal_flash.o
 .debug_abbrev  0x00002b43      0x25a ./Drivers/STM32F1xx_HAL_Driver/Src/stm32f1xx_hal_flash_ex.o
 .debug_abbrev  0x00002d9d      0x1ca ./Drivers/STM32F1xx_HAL_Driver/Src/stm32f1xx_hal_gpio.o
 .debug_abbrev  0x00002f67      0x2b2 ./Drivers/STM32F1xx_HAL_Driver/Src/stm32f1xx_hal_rcc.o
 .debug_abbrev  0x00003219      0x188 ./Drivers/STM32F1xx_HAL_Driver/Src/stm32f1xx_hal_rcc_ex.o
 .debug_abbrev  0x000033a1      0x277 ./Drivers/STM32F1xx_HAL_Driver/Src/stm32f1xx_hal_tim.o
 .debug_abbrev  0x00003618      0x282 ./Drivers/STM32F1xx_HAL_Driver/Src/stm32f1xx_hal_tim_ex.o
 .debug_abbrev  0x0000389a      0x2f8 ./Drivers/STM32F1xx_HAL_Driver/Src/stm32f1xx_hal_uart.o

.debug_aranges  0x00000000     0x1238
 .debug_aranges
                0x00000000       0x30 ./Core/Src/adc.o
 .debug_aranges
                0x00000030       0x20 ./Core/Src/dma.o
 .debug_aranges
                0x00000050       0x20 ./Core/Src/gpio.o
 .debug_aranges
                0x00000070       0x38 ./Core/Src/main.o
 .debug_aranges
                0x000000a8       0x20 ./Core/Src/stm32f1xx_hal_msp.o
 .debug_aranges
                0x000000c8       0x88 ./Core/Src/stm32f1xx_it.o
 .debug_aranges
                0x00000150       0x28 ./Core/Src/system_stm32f1xx.o
 .debug_aranges
                0x00000178       0x88 ./Core/Src/tim.o
 .debug_aranges
                0x00000200       0x30 ./Core/Src/usart.o
 .debug_aranges
                0x00000230       0x28 ./Core/Startup/startup_stm32f103vgtx.o
 .debug_aranges
                0x00000258       0x48 ./Devices/App.o
 .debug_aranges
                0x000002a0       0x58 ./Devices/dev_ad5160.o
 .debug_aranges
                0x000002f8       0x78 ./Devices/dev_ad9833.o
 .debug_aranges
                0x00000370       0x38 ./Devices/dev_adc.o
 .debug_aranges
                0x000003a8       0x38 ./Devices/dev_flash.o
 .debug_aranges
                0x000003e0       0x48 ./Devices/dev_pwm.o
 .debug_aranges
                0x00000428       0x98 ./Devices/dev_screen.o
 .debug_aranges
                0x000004c0       0xe0 ./Drivers/STM32F1xx_HAL_Driver/Src/stm32f1xx_hal.o
 .debug_aranges
                0x000005a0       0xf0 ./Drivers/STM32F1xx_HAL_Driver/Src/stm32f1xx_hal_adc.o
 .debug_aranges
                0x00000690       0x80 ./Drivers/STM32F1xx_HAL_Driver/Src/stm32f1xx_hal_adc_ex.o
 .debug_aranges
                0x00000710      0x128 ./Drivers/STM32F1xx_HAL_Driver/Src/stm32f1xx_hal_cortex.o
 .debug_aranges
                0x00000838       0x80 ./Drivers/STM32F1xx_HAL_Driver/Src/stm32f1xx_hal_dma.o
 .debug_aranges
                0x000008b8       0x90 ./Drivers/STM32F1xx_HAL_Driver/Src/stm32f1xx_hal_flash.o
 .debug_aranges
                0x00000948       0x98 ./Drivers/STM32F1xx_HAL_Driver/Src/stm32f1xx_hal_flash_ex.o
 .debug_aranges
                0x000009e0       0x58 ./Drivers/STM32F1xx_HAL_Driver/Src/stm32f1xx_hal_gpio.o
 .debug_aranges
                0x00000a38       0x90 ./Drivers/STM32F1xx_HAL_Driver/Src/stm32f1xx_hal_rcc.o
 .debug_aranges
                0x00000ac8       0x30 ./Drivers/STM32F1xx_HAL_Driver/Src/stm32f1xx_hal_rcc_ex.o
 .debug_aranges
                0x00000af8      0x3d0 ./Drivers/STM32F1xx_HAL_Driver/Src/stm32f1xx_hal_tim.o
 .debug_aranges
                0x00000ec8      0x168 ./Drivers/STM32F1xx_HAL_Driver/Src/stm32f1xx_hal_tim_ex.o
 .debug_aranges
                0x00001030      0x208 ./Drivers/STM32F1xx_HAL_Driver/Src/stm32f1xx_hal_uart.o

.debug_rnglists
                0x00000000      0xe11
 .debug_rnglists
                0x00000000       0x21 ./Core/Src/adc.o
 .debug_rnglists
                0x00000021       0x13 ./Core/Src/dma.o
 .debug_rnglists
                0x00000034       0x14 ./Core/Src/gpio.o
 .debug_rnglists
                0x00000048       0x27 ./Core/Src/main.o
 .debug_rnglists
                0x0000006f       0x13 ./Core/Src/stm32f1xx_hal_msp.o
 .debug_rnglists
                0x00000082       0x61 ./Core/Src/stm32f1xx_it.o
 .debug_rnglists
                0x000000e3       0x1a ./Core/Src/system_stm32f1xx.o
 .debug_rnglists
                0x000000fd       0x6e ./Core/Src/tim.o
 .debug_rnglists
                0x0000016b       0x20 ./Core/Src/usart.o
 .debug_rnglists
                0x0000018b       0x19 ./Core/Startup/startup_stm32f103vgtx.o
 .debug_rnglists
                0x000001a4       0x36 ./Devices/App.o
 .debug_rnglists
                0x000001da       0x3e ./Devices/dev_ad5160.o
 .debug_rnglists
                0x00000218       0x5a ./Devices/dev_ad9833.o
 .debug_rnglists
                0x00000272       0x28 ./Devices/dev_adc.o
 .debug_rnglists
                0x0000029a       0x27 ./Devices/dev_flash.o
 .debug_rnglists
                0x000002c1       0x35 ./Devices/dev_pwm.o
 .debug_rnglists
                0x000002f6       0x70 ./Devices/dev_screen.o
 .debug_rnglists
                0x00000366       0xa3 ./Drivers/STM32F1xx_HAL_Driver/Src/stm32f1xx_hal.o
 .debug_rnglists
                0x00000409       0xbc ./Drivers/STM32F1xx_HAL_Driver/Src/stm32f1xx_hal_adc.o
 .debug_rnglists
                0x000004c5       0x65 ./Drivers/STM32F1xx_HAL_Driver/Src/stm32f1xx_hal_adc_ex.o
 .debug_rnglists
                0x0000052a       0xd9 ./Drivers/STM32F1xx_HAL_Driver/Src/stm32f1xx_hal_cortex.o
 .debug_rnglists
                0x00000603       0x64 ./Drivers/STM32F1xx_HAL_Driver/Src/stm32f1xx_hal_dma.o
 .debug_rnglists
                0x00000667       0x6d ./Drivers/STM32F1xx_HAL_Driver/Src/stm32f1xx_hal_flash.o
 .debug_rnglists
                0x000006d4       0x75 ./Drivers/STM32F1xx_HAL_Driver/Src/stm32f1xx_hal_flash_ex.o
 .debug_rnglists
                0x00000749       0x3f ./Drivers/STM32F1xx_HAL_Driver/Src/stm32f1xx_hal_gpio.o
 .debug_rnglists
                0x00000788       0x6c ./Drivers/STM32F1xx_HAL_Driver/Src/stm32f1xx_hal_rcc.o
 .debug_rnglists
                0x000007f4       0x22 ./Drivers/STM32F1xx_HAL_Driver/Src/stm32f1xx_hal_rcc_ex.o
 .debug_rnglists
                0x00000816      0x31a ./Drivers/STM32F1xx_HAL_Driver/Src/stm32f1xx_hal_tim.o
 .debug_rnglists
                0x00000b30      0x125 ./Drivers/STM32F1xx_HAL_Driver/Src/stm32f1xx_hal_tim_ex.o
 .debug_rnglists
                0x00000c55      0x1bc ./Drivers/STM32F1xx_HAL_Driver/Src/stm32f1xx_hal_uart.o

.debug_macro    0x00000000    0x1c4f2
 .debug_macro   0x00000000      0x1e1 ./Core/Src/adc.o
 .debug_macro   0x000001e1      0xacc ./Core/Src/adc.o
 .debug_macro   0x00000cad      0x227 ./Core/Src/adc.o
 .debug_macro   0x00000ed4       0x2e ./Core/Src/adc.o
 .debug_macro   0x00000f02       0x22 ./Core/Src/adc.o
 .debug_macro   0x00000f24       0x22 ./Core/Src/adc.o
 .debug_macro   0x00000f46       0x8e ./Core/Src/adc.o
 .debug_macro   0x00000fd4       0x51 ./Core/Src/adc.o
 .debug_macro   0x00001025      0x103 ./Core/Src/adc.o
 .debug_macro   0x00001128       0x6a ./Core/Src/adc.o
 .debug_macro   0x00001192      0x1df ./Core/Src/adc.o
 .debug_macro   0x00001371       0x1c ./Core/Src/adc.o
 .debug_macro   0x0000138d       0x22 ./Core/Src/adc.o
 .debug_macro   0x000013af       0xbd ./Core/Src/adc.o
 .debug_macro   0x0000146c      0xe49 ./Core/Src/adc.o
 .debug_macro   0x000022b5      0x11f ./Core/Src/adc.o
 .debug_macro   0x000023d4    0x100e9 ./Core/Src/adc.o
 .debug_macro   0x000124bd       0x6d ./Core/Src/adc.o
 .debug_macro   0x0001252a     0x34a2 ./Core/Src/adc.o
 .debug_macro   0x000159cc      0x190 ./Core/Src/adc.o
 .debug_macro   0x00015b5c       0x5c ./Core/Src/adc.o
 .debug_macro   0x00015bb8      0x5bc ./Core/Src/adc.o
 .debug_macro   0x00016174      0x5c3 ./Core/Src/adc.o
 .debug_macro   0x00016737      0x1cb ./Core/Src/adc.o
 .debug_macro   0x00016902      0x114 ./Core/Src/adc.o
 .debug_macro   0x00016a16      0x230 ./Core/Src/adc.o
 .debug_macro   0x00016c46       0x27 ./Core/Src/adc.o
 .debug_macro   0x00016c6d      0x144 ./Core/Src/adc.o
 .debug_macro   0x00016db1      0x1bc ./Core/Src/adc.o
 .debug_macro   0x00016f6d       0x30 ./Core/Src/adc.o
 .debug_macro   0x00016f9d       0x3c ./Core/Src/adc.o
 .debug_macro   0x00016fd9      0x236 ./Core/Src/adc.o
 .debug_macro   0x0001720f      0x46a ./Core/Src/adc.o
 .debug_macro   0x00017679      0x25d ./Core/Src/adc.o
 .debug_macro   0x000178d6       0x87 ./Core/Src/adc.o
 .debug_macro   0x0001795d      0x2c5 ./Core/Src/adc.o
 .debug_macro   0x00017c22      0x140 ./Core/Src/adc.o
 .debug_macro   0x00017d62      0x8ed ./Core/Src/adc.o
 .debug_macro   0x0001864f      0x28e ./Core/Src/adc.o
 .debug_macro   0x000188dd      0x109 ./Core/Src/adc.o
 .debug_macro   0x000189e6      0x28a ./Core/Src/adc.o
 .debug_macro   0x00018c70      0x1e1 ./Core/Src/dma.o
 .debug_macro   0x00018e51      0x1e1 ./Core/Src/gpio.o
 .debug_macro   0x00019032      0x255 ./Core/Src/main.o
 .debug_macro   0x00019287       0x5e ./Core/Src/main.o
 .debug_macro   0x000192e5       0x16 ./Core/Src/main.o
 .debug_macro   0x000192fb       0x1c ./Core/Src/main.o
 .debug_macro   0x00019317       0x2e ./Core/Src/main.o
 .debug_macro   0x00019345      0x1d7 ./Core/Src/stm32f1xx_hal_msp.o
 .debug_macro   0x0001951c      0x229 ./Core/Src/stm32f1xx_it.o
 .debug_macro   0x00019745      0x1c8 ./Core/Src/system_stm32f1xx.o
 .debug_macro   0x0001990d      0x1e1 ./Core/Src/tim.o
 .debug_macro   0x00019aee      0x1e1 ./Core/Src/usart.o
 .debug_macro   0x00019ccf      0x233 ./Devices/App.o
 .debug_macro   0x00019f02       0x58 ./Devices/App.o
 .debug_macro   0x00019f5a      0x225 ./Devices/dev_ad5160.o
 .debug_macro   0x0001a17f      0x225 ./Devices/dev_ad9833.o
 .debug_macro   0x0001a3a4      0x251 ./Devices/dev_adc.o
 .debug_macro   0x0001a5f5      0x225 ./Devices/dev_flash.o
 .debug_macro   0x0001a81a      0x299 ./Devices/dev_pwm.o
 .debug_macro   0x0001aab3      0x233 ./Devices/dev_screen.o
 .debug_macro   0x0001ace6      0x1ec ./Drivers/STM32F1xx_HAL_Driver/Src/stm32f1xx_hal.o
 .debug_macro   0x0001aed2      0x1e5 ./Drivers/STM32F1xx_HAL_Driver/Src/stm32f1xx_hal_adc.o
 .debug_macro   0x0001b0b7      0x1da ./Drivers/STM32F1xx_HAL_Driver/Src/stm32f1xx_hal_adc_ex.o
 .debug_macro   0x0001b291      0x1c8 ./Drivers/STM32F1xx_HAL_Driver/Src/stm32f1xx_hal_cortex.o
 .debug_macro   0x0001b459      0x1c8 ./Drivers/STM32F1xx_HAL_Driver/Src/stm32f1xx_hal_dma.o
 .debug_macro   0x0001b621      0x1c8 ./Drivers/STM32F1xx_HAL_Driver/Src/stm32f1xx_hal_flash.o
 .debug_macro   0x0001b7e9      0x1da ./Drivers/STM32F1xx_HAL_Driver/Src/stm32f1xx_hal_flash_ex.o
 .debug_macro   0x0001b9c3      0x233 ./Drivers/STM32F1xx_HAL_Driver/Src/stm32f1xx_hal_gpio.o
 .debug_macro   0x0001bbf6      0x1da ./Drivers/STM32F1xx_HAL_Driver/Src/stm32f1xx_hal_rcc.o
 .debug_macro   0x0001bdd0      0x1c8 ./Drivers/STM32F1xx_HAL_Driver/Src/stm32f1xx_hal_rcc_ex.o
 .debug_macro   0x0001bf98      0x1c9 ./Drivers/STM32F1xx_HAL_Driver/Src/stm32f1xx_hal_tim.o
 .debug_macro   0x0001c161      0x1c8 ./Drivers/STM32F1xx_HAL_Driver/Src/stm32f1xx_hal_tim_ex.o
 .debug_macro   0x0001c329      0x1c9 ./Drivers/STM32F1xx_HAL_Driver/Src/stm32f1xx_hal_uart.o

.debug_line     0x00000000    0x18c4c
 .debug_line    0x00000000      0x821 ./Core/Src/adc.o
 .debug_line    0x00000821      0x730 ./Core/Src/dma.o
 .debug_line    0x00000f51      0x7ad ./Core/Src/gpio.o
 .debug_line    0x000016fe      0x898 ./Core/Src/main.o
 .debug_line    0x00001f96      0x731 ./Core/Src/stm32f1xx_hal_msp.o
 .debug_line    0x000026c7      0x8c5 ./Core/Src/stm32f1xx_it.o
 .debug_line    0x00002f8c      0x7af ./Core/Src/system_stm32f1xx.o
 .debug_line    0x0000373b      0xf48 ./Core/Src/tim.o
 .debug_line    0x00004683      0x7f7 ./Core/Src/usart.o
 .debug_line    0x00004e7a       0x78 ./Core/Startup/startup_stm32f103vgtx.o
 .debug_line    0x00004ef2      0xae1 ./Devices/App.o
 .debug_line    0x000059d3      0x8c4 ./Devices/dev_ad5160.o
 .debug_line    0x00006297      0x9e0 ./Devices/dev_ad9833.o
 .debug_line    0x00006c77      0x939 ./Devices/dev_adc.o
 .debug_line    0x000075b0      0x934 ./Devices/dev_flash.o
 .debug_line    0x00007ee4      0x9bc ./Devices/dev_pwm.o
 .debug_line    0x000088a0      0xbf2 ./Devices/dev_screen.o
 .debug_line    0x00009492      0x9e0 ./Drivers/STM32F1xx_HAL_Driver/Src/stm32f1xx_hal.o
 .debug_line    0x00009e72     0x101b ./Drivers/STM32F1xx_HAL_Driver/Src/stm32f1xx_hal_adc.o
 .debug_line    0x0000ae8d      0xd42 ./Drivers/STM32F1xx_HAL_Driver/Src/stm32f1xx_hal_adc_ex.o
 .debug_line    0x0000bbcf      0xcd7 ./Drivers/STM32F1xx_HAL_Driver/Src/stm32f1xx_hal_cortex.o
 .debug_line    0x0000c8a6     0x12e4 ./Drivers/STM32F1xx_HAL_Driver/Src/stm32f1xx_hal_dma.o
 .debug_line    0x0000db8a      0xbfd ./Drivers/STM32F1xx_HAL_Driver/Src/stm32f1xx_hal_flash.o
 .debug_line    0x0000e787      0xc5b ./Drivers/STM32F1xx_HAL_Driver/Src/stm32f1xx_hal_flash_ex.o
 .debug_line    0x0000f3e2      0xa65 ./Drivers/STM32F1xx_HAL_Driver/Src/stm32f1xx_hal_gpio.o
 .debug_line    0x0000fe47      0xe99 ./Drivers/STM32F1xx_HAL_Driver/Src/stm32f1xx_hal_rcc.o
 .debug_line    0x00010ce0      0x964 ./Drivers/STM32F1xx_HAL_Driver/Src/stm32f1xx_hal_rcc_ex.o
 .debug_line    0x00011644     0x379e ./Drivers/STM32F1xx_HAL_Driver/Src/stm32f1xx_hal_tim.o
 .debug_line    0x00014de2     0x196e ./Drivers/STM32F1xx_HAL_Driver/Src/stm32f1xx_hal_tim_ex.o
 .debug_line    0x00016750     0x24fc ./Drivers/STM32F1xx_HAL_Driver/Src/stm32f1xx_hal_uart.o

.debug_str      0x00000000    0xa2268
 .debug_str     0x00000000    0xa2268 ./Core/Src/adc.o
                              0x9d04d (size before relaxing)
 .debug_str     0x000a2268    0x9cfe7 ./Core/Src/dma.o
 .debug_str     0x000a2268    0x9cc82 ./Core/Src/gpio.o
 .debug_str     0x000a2268    0x9d76c ./Core/Src/main.o
 .debug_str     0x000a2268    0x9cc0a ./Core/Src/stm32f1xx_hal_msp.o
 .debug_str     0x000a2268    0x9d6ff ./Core/Src/stm32f1xx_it.o
 .debug_str     0x000a2268    0x9c061 ./Core/Src/system_stm32f1xx.o
 .debug_str     0x000a2268    0x9d8f2 ./Core/Src/tim.o
 .debug_str     0x000a2268    0x9d554 ./Core/Src/usart.o
 .debug_str     0x000a2268       0x86 ./Core/Startup/startup_stm32f103vgtx.o
 .debug_str     0x000a2268    0x9d1bc ./Devices/App.o
 .debug_str     0x000a2268    0x9d123 ./Devices/dev_ad5160.o
 .debug_str     0x000a2268    0x9d22e ./Devices/dev_ad9833.o
 .debug_str     0x000a2268    0x9d3e5 ./Devices/dev_adc.o
 .debug_str     0x000a2268    0x9d104 ./Devices/dev_flash.o
 .debug_str     0x000a2268    0x9d886 ./Devices/dev_pwm.o
 .debug_str     0x000a2268    0x9d76c ./Devices/dev_screen.o
 .debug_str     0x000a2268    0x9c8b5 ./Drivers/STM32F1xx_HAL_Driver/Src/stm32f1xx_hal.o
 .debug_str     0x000a2268    0x9c745 ./Drivers/STM32F1xx_HAL_Driver/Src/stm32f1xx_hal_adc.o
 .debug_str     0x000a2268    0x9c715 ./Drivers/STM32F1xx_HAL_Driver/Src/stm32f1xx_hal_adc_ex.o
 .debug_str     0x000a2268    0x9c94c ./Drivers/STM32F1xx_HAL_Driver/Src/stm32f1xx_hal_cortex.o
 .debug_str     0x000a2268    0x9c40a ./Drivers/STM32F1xx_HAL_Driver/Src/stm32f1xx_hal_dma.o
 .debug_str     0x000a2268    0x9c376 ./Drivers/STM32F1xx_HAL_Driver/Src/stm32f1xx_hal_flash.o
 .debug_str     0x000a2268    0x9c524 ./Drivers/STM32F1xx_HAL_Driver/Src/stm32f1xx_hal_flash_ex.o
 .debug_str     0x000a2268    0x9c3e7 ./Drivers/STM32F1xx_HAL_Driver/Src/stm32f1xx_hal_gpio.o
 .debug_str     0x000a2268    0x9c4aa ./Drivers/STM32F1xx_HAL_Driver/Src/stm32f1xx_hal_rcc.o
 .debug_str     0x000a2268    0x9c21e ./Drivers/STM32F1xx_HAL_Driver/Src/stm32f1xx_hal_rcc_ex.o
 .debug_str     0x000a2268    0x9d492 ./Drivers/STM32F1xx_HAL_Driver/Src/stm32f1xx_hal_tim.o
 .debug_str     0x000a2268    0x9cc9e ./Drivers/STM32F1xx_HAL_Driver/Src/stm32f1xx_hal_tim_ex.o
 .debug_str     0x000a2268    0x9cb01 ./Drivers/STM32F1xx_HAL_Driver/Src/stm32f1xx_hal_uart.o

.comment        0x00000000       0x43
 .comment       0x00000000       0x43 ./Core/Src/adc.o
                                 0x44 (size before relaxing)
 .comment       0x00000043       0x44 ./Core/Src/dma.o
 .comment       0x00000043       0x44 ./Core/Src/gpio.o
 .comment       0x00000043       0x44 ./Core/Src/main.o
 .comment       0x00000043       0x44 ./Core/Src/stm32f1xx_hal_msp.o
 .comment       0x00000043       0x44 ./Core/Src/stm32f1xx_it.o
 .comment       0x00000043       0x44 ./Core/Src/system_stm32f1xx.o
 .comment       0x00000043       0x44 ./Core/Src/tim.o
 .comment       0x00000043       0x44 ./Core/Src/usart.o
 .comment       0x00000043       0x44 ./Devices/App.o
 .comment       0x00000043       0x44 ./Devices/dev_ad5160.o
 .comment       0x00000043       0x44 ./Devices/dev_ad9833.o
 .comment       0x00000043       0x44 ./Devices/dev_adc.o
 .comment       0x00000043       0x44 ./Devices/dev_flash.o
 .comment       0x00000043       0x44 ./Devices/dev_pwm.o
 .comment       0x00000043       0x44 ./Devices/dev_screen.o
 .comment       0x00000043       0x44 ./Drivers/STM32F1xx_HAL_Driver/Src/stm32f1xx_hal.o
 .comment       0x00000043       0x44 ./Drivers/STM32F1xx_HAL_Driver/Src/stm32f1xx_hal_adc.o
 .comment       0x00000043       0x44 ./Drivers/STM32F1xx_HAL_Driver/Src/stm32f1xx_hal_adc_ex.o
 .comment       0x00000043       0x44 ./Drivers/STM32F1xx_HAL_Driver/Src/stm32f1xx_hal_cortex.o
 .comment       0x00000043       0x44 ./Drivers/STM32F1xx_HAL_Driver/Src/stm32f1xx_hal_dma.o
 .comment       0x00000043       0x44 ./Drivers/STM32F1xx_HAL_Driver/Src/stm32f1xx_hal_flash.o
 .comment       0x00000043       0x44 ./Drivers/STM32F1xx_HAL_Driver/Src/stm32f1xx_hal_flash_ex.o
 .comment       0x00000043       0x44 ./Drivers/STM32F1xx_HAL_Driver/Src/stm32f1xx_hal_gpio.o
 .comment       0x00000043       0x44 ./Drivers/STM32F1xx_HAL_Driver/Src/stm32f1xx_hal_rcc.o
 .comment       0x00000043       0x44 ./Drivers/STM32F1xx_HAL_Driver/Src/stm32f1xx_hal_rcc_ex.o
 .comment       0x00000043       0x44 ./Drivers/STM32F1xx_HAL_Driver/Src/stm32f1xx_hal_tim.o
 .comment       0x00000043       0x44 ./Drivers/STM32F1xx_HAL_Driver/Src/stm32f1xx_hal_tim_ex.o
 .comment       0x00000043       0x44 ./Drivers/STM32F1xx_HAL_Driver/Src/stm32f1xx_hal_uart.o

.debug_frame    0x00000000     0x4b74
 .debug_frame   0x00000000       0x7c ./Core/Src/adc.o
 .debug_frame   0x0000007c       0x34 ./Core/Src/dma.o
 .debug_frame   0x000000b0       0x34 ./Core/Src/gpio.o
 .debug_frame   0x000000e4       0x90 ./Core/Src/main.o
 .debug_frame   0x00000174       0x38 ./Core/Src/stm32f1xx_hal_msp.o
 .debug_frame   0x000001ac      0x190 ./Core/Src/stm32f1xx_it.o
 .debug_frame   0x0000033c       0x58 ./Core/Src/system_stm32f1xx.o
 .debug_frame   0x00000394      0x20c ./Core/Src/tim.o
 .debug_frame   0x000005a0       0x74 ./Core/Src/usart.o
 .debug_frame   0x00000614       0xe8 ./Devices/App.o
 .debug_frame   0x000006fc      0x138 ./Devices/dev_ad5160.o
 .debug_frame   0x00000834      0x1cc ./Devices/dev_ad9833.o
 .debug_frame   0x00000a00       0xa4 ./Devices/dev_adc.o
 .debug_frame   0x00000aa4       0xa4 ./Devices/dev_flash.o
 .debug_frame   0x00000b48       0xfc ./Devices/dev_pwm.o
 .debug_frame   0x00000c44      0x274 ./Devices/dev_screen.o
 .debug_frame   0x00000eb8      0x334 ./Drivers/STM32F1xx_HAL_Driver/Src/stm32f1xx_hal.o
 .debug_frame   0x000011ec      0x40c ./Drivers/STM32F1xx_HAL_Driver/Src/stm32f1xx_hal_adc.o
 .debug_frame   0x000015f8      0x200 ./Drivers/STM32F1xx_HAL_Driver/Src/stm32f1xx_hal_adc_ex.o
 .debug_frame   0x000017f8      0x4e8 ./Drivers/STM32F1xx_HAL_Driver/Src/stm32f1xx_hal_cortex.o
 .debug_frame   0x00001ce0      0x20c ./Drivers/STM32F1xx_HAL_Driver/Src/stm32f1xx_hal_dma.o
 .debug_frame   0x00001eec      0x234 ./Drivers/STM32F1xx_HAL_Driver/Src/stm32f1xx_hal_flash.o
 .debug_frame   0x00002120      0x258 ./Drivers/STM32F1xx_HAL_Driver/Src/stm32f1xx_hal_flash_ex.o
 .debug_frame   0x00002378      0x14c ./Drivers/STM32F1xx_HAL_Driver/Src/stm32f1xx_hal_gpio.o
 .debug_frame   0x000024c4      0x218 ./Drivers/STM32F1xx_HAL_Driver/Src/stm32f1xx_hal_rcc.o
 .debug_frame   0x000026dc       0x80 ./Drivers/STM32F1xx_HAL_Driver/Src/stm32f1xx_hal_rcc_ex.o
 .debug_frame   0x0000275c     0x11c0 ./Drivers/STM32F1xx_HAL_Driver/Src/stm32f1xx_hal_tim.o
 .debug_frame   0x0000391c      0x638 ./Drivers/STM32F1xx_HAL_Driver/Src/stm32f1xx_hal_tim_ex.o
 .debug_frame   0x00003f54      0x944 ./Drivers/STM32F1xx_HAL_Driver/Src/stm32f1xx_hal_uart.o
 .debug_frame   0x00004898       0x20 D:/Softwave/ST/STM32CubeIDE_1.19.0/STM32CubeIDE/plugins/com.st.stm32cube.ide.mcu.externaltools.gnu-tools-for-stm32.13.3.rel1.win32_1.0.0.202411081344/tools/bin/../lib/gcc/arm-none-eabi/13.3.1/../../../../arm-none-eabi/lib/thumb/v7-m/nofp\libc_nano.a(libc_a-memset.o)
 .debug_frame   0x000048b8       0x2c D:/Softwave/ST/STM32CubeIDE_1.19.0/STM32CubeIDE/plugins/com.st.stm32cube.ide.mcu.externaltools.gnu-tools-for-stm32.13.3.rel1.win32_1.0.0.202411081344/tools/bin/../lib/gcc/arm-none-eabi/13.3.1/../../../../arm-none-eabi/lib/thumb/v7-m/nofp\libc_nano.a(libc_a-init.o)
 .debug_frame   0x000048e4       0xac D:/Softwave/ST/STM32CubeIDE_1.19.0/STM32CubeIDE/plugins/com.st.stm32cube.ide.mcu.externaltools.gnu-tools-for-stm32.13.3.rel1.win32_1.0.0.202411081344/tools/bin/../lib/gcc/arm-none-eabi/13.3.1/thumb/v7-m/nofp\libgcc.a(_arm_addsubdf3.o)
 .debug_frame   0x00004990       0x50 D:/Softwave/ST/STM32CubeIDE_1.19.0/STM32CubeIDE/plugins/com.st.stm32cube.ide.mcu.externaltools.gnu-tools-for-stm32.13.3.rel1.win32_1.0.0.202411081344/tools/bin/../lib/gcc/arm-none-eabi/13.3.1/thumb/v7-m/nofp\libgcc.a(_arm_muldivdf3.o)
 .debug_frame   0x000049e0       0x24 D:/Softwave/ST/STM32CubeIDE_1.19.0/STM32CubeIDE/plugins/com.st.stm32cube.ide.mcu.externaltools.gnu-tools-for-stm32.13.3.rel1.win32_1.0.0.202411081344/tools/bin/../lib/gcc/arm-none-eabi/13.3.1/thumb/v7-m/nofp\libgcc.a(_arm_fixdfsi.o)
 .debug_frame   0x00004a04       0x24 D:/Softwave/ST/STM32CubeIDE_1.19.0/STM32CubeIDE/plugins/com.st.stm32cube.ide.mcu.externaltools.gnu-tools-for-stm32.13.3.rel1.win32_1.0.0.202411081344/tools/bin/../lib/gcc/arm-none-eabi/13.3.1/thumb/v7-m/nofp\libgcc.a(_arm_truncdfsf2.o)
 .debug_frame   0x00004a28       0x4c D:/Softwave/ST/STM32CubeIDE_1.19.0/STM32CubeIDE/plugins/com.st.stm32cube.ide.mcu.externaltools.gnu-tools-for-stm32.13.3.rel1.win32_1.0.0.202411081344/tools/bin/../lib/gcc/arm-none-eabi/13.3.1/thumb/v7-m/nofp\libgcc.a(_arm_addsubsf3.o)
 .debug_frame   0x00004a74       0x38 D:/Softwave/ST/STM32CubeIDE_1.19.0/STM32CubeIDE/plugins/com.st.stm32cube.ide.mcu.externaltools.gnu-tools-for-stm32.13.3.rel1.win32_1.0.0.202411081344/tools/bin/../lib/gcc/arm-none-eabi/13.3.1/thumb/v7-m/nofp\libgcc.a(_arm_muldivsf3.o)
 .debug_frame   0x00004aac       0xc8 D:/Softwave/ST/STM32CubeIDE_1.19.0/STM32CubeIDE/plugins/com.st.stm32cube.ide.mcu.externaltools.gnu-tools-for-stm32.13.3.rel1.win32_1.0.0.202411081344/tools/bin/../lib/gcc/arm-none-eabi/13.3.1/thumb/v7-m/nofp\libgcc.a(_arm_cmpsf2.o)

.debug_line_str
                0x00000000       0x6a
 .debug_line_str
                0x00000000       0x6a ./Core/Startup/startup_stm32f103vgtx.o