Archive member included to satisfy reference by file (symbol)

D:/Softwave/ST/STM32CubeIDE_1.19.0/STM32CubeIDE/plugins/com.st.stm32cube.ide.mcu.externaltools.gnu-tools-for-stm32.13.3.rel1.win32_1.0.0.202411081344/tools/bin/../lib/gcc/arm-none-eabi/13.3.1/../../../../arm-none-eabi/lib/thumb/v7-m/nofp\libc_nano.a(libc_a-exit.o)
                              D:/Softwave/ST/STM32CubeIDE_1.19.0/STM32CubeIDE/plugins/com.st.stm32cube.ide.mcu.externaltools.gnu-tools-for-stm32.13.3.rel1.win32_1.0.0.202411081344/tools/bin/../lib/gcc/arm-none-eabi/13.3.1/../../../../arm-none-eabi/lib/thumb/v7-m/nofp/crt0.o (exit)
D:/Softwave/ST/STM32CubeIDE_1.19.0/STM32CubeIDE/plugins/com.st.stm32cube.ide.mcu.externaltools.gnu-tools-for-stm32.13.3.rel1.win32_1.0.0.202411081344/tools/bin/../lib/gcc/arm-none-eabi/13.3.1/../../../../arm-none-eabi/lib/thumb/v7-m/nofp\libc_nano.a(libc_a-findfp.o)
                              D:/Softwave/ST/STM32CubeIDE_1.19.0/STM32CubeIDE/plugins/com.st.stm32cube.ide.mcu.externaltools.gnu-tools-for-stm32.13.3.rel1.win32_1.0.0.202411081344/tools/bin/../lib/gcc/arm-none-eabi/13.3.1/../../../../arm-none-eabi/lib/thumb/v7-m/nofp\libc_nano.a(libc_a-exit.o) (__stdio_exit_handler)
D:/Softwave/ST/STM32CubeIDE_1.19.0/STM32CubeIDE/plugins/com.st.stm32cube.ide.mcu.externaltools.gnu-tools-for-stm32.13.3.rel1.win32_1.0.0.202411081344/tools/bin/../lib/gcc/arm-none-eabi/13.3.1/../../../../arm-none-eabi/lib/thumb/v7-m/nofp\libc_nano.a(libc_a-fwalk.o)
                              D:/Softwave/ST/STM32CubeIDE_1.19.0/STM32CubeIDE/plugins/com.st.stm32cube.ide.mcu.externaltools.gnu-tools-for-stm32.13.3.rel1.win32_1.0.0.202411081344/tools/bin/../lib/gcc/arm-none-eabi/13.3.1/../../../../arm-none-eabi/lib/thumb/v7-m/nofp\libc_nano.a(libc_a-findfp.o) (_fwalk_sglue)
D:/Softwave/ST/STM32CubeIDE_1.19.0/STM32CubeIDE/plugins/com.st.stm32cube.ide.mcu.externaltools.gnu-tools-for-stm32.13.3.rel1.win32_1.0.0.202411081344/tools/bin/../lib/gcc/arm-none-eabi/13.3.1/../../../../arm-none-eabi/lib/thumb/v7-m/nofp\libc_nano.a(libc_a-stdio.o)
                              D:/Softwave/ST/STM32CubeIDE_1.19.0/STM32CubeIDE/plugins/com.st.stm32cube.ide.mcu.externaltools.gnu-tools-for-stm32.13.3.rel1.win32_1.0.0.202411081344/tools/bin/../lib/gcc/arm-none-eabi/13.3.1/../../../../arm-none-eabi/lib/thumb/v7-m/nofp\libc_nano.a(libc_a-findfp.o) (__sread)
D:/Softwave/ST/STM32CubeIDE_1.19.0/STM32CubeIDE/plugins/com.st.stm32cube.ide.mcu.externaltools.gnu-tools-for-stm32.13.3.rel1.win32_1.0.0.202411081344/tools/bin/../lib/gcc/arm-none-eabi/13.3.1/../../../../arm-none-eabi/lib/thumb/v7-m/nofp\libc_nano.a(libc_a-memset.o)
                              D:/Softwave/ST/STM32CubeIDE_1.19.0/STM32CubeIDE/plugins/com.st.stm32cube.ide.mcu.externaltools.gnu-tools-for-stm32.13.3.rel1.win32_1.0.0.202411081344/tools/bin/../lib/gcc/arm-none-eabi/13.3.1/../../../../arm-none-eabi/lib/thumb/v7-m/nofp/crt0.o (memset)
D:/Softwave/ST/STM32CubeIDE_1.19.0/STM32CubeIDE/plugins/com.st.stm32cube.ide.mcu.externaltools.gnu-tools-for-stm32.13.3.rel1.win32_1.0.0.202411081344/tools/bin/../lib/gcc/arm-none-eabi/13.3.1/../../../../arm-none-eabi/lib/thumb/v7-m/nofp\libc_nano.a(libc_a-closer.o)
                              D:/Softwave/ST/STM32CubeIDE_1.19.0/STM32CubeIDE/plugins/com.st.stm32cube.ide.mcu.externaltools.gnu-tools-for-stm32.13.3.rel1.win32_1.0.0.202411081344/tools/bin/../lib/gcc/arm-none-eabi/13.3.1/../../../../arm-none-eabi/lib/thumb/v7-m/nofp\libc_nano.a(libc_a-stdio.o) (_close_r)
D:/Softwave/ST/STM32CubeIDE_1.19.0/STM32CubeIDE/plugins/com.st.stm32cube.ide.mcu.externaltools.gnu-tools-for-stm32.13.3.rel1.win32_1.0.0.202411081344/tools/bin/../lib/gcc/arm-none-eabi/13.3.1/../../../../arm-none-eabi/lib/thumb/v7-m/nofp\libc_nano.a(libc_a-reent.o)
                              D:/Softwave/ST/STM32CubeIDE_1.19.0/STM32CubeIDE/plugins/com.st.stm32cube.ide.mcu.externaltools.gnu-tools-for-stm32.13.3.rel1.win32_1.0.0.202411081344/tools/bin/../lib/gcc/arm-none-eabi/13.3.1/../../../../arm-none-eabi/lib/thumb/v7-m/nofp\libc_nano.a(libc_a-closer.o) (errno)
D:/Softwave/ST/STM32CubeIDE_1.19.0/STM32CubeIDE/plugins/com.st.stm32cube.ide.mcu.externaltools.gnu-tools-for-stm32.13.3.rel1.win32_1.0.0.202411081344/tools/bin/../lib/gcc/arm-none-eabi/13.3.1/../../../../arm-none-eabi/lib/thumb/v7-m/nofp\libc_nano.a(libc_a-impure.o)
                              D:/Softwave/ST/STM32CubeIDE_1.19.0/STM32CubeIDE/plugins/com.st.stm32cube.ide.mcu.externaltools.gnu-tools-for-stm32.13.3.rel1.win32_1.0.0.202411081344/tools/bin/../lib/gcc/arm-none-eabi/13.3.1/../../../../arm-none-eabi/lib/thumb/v7-m/nofp\libc_nano.a(libc_a-reent.o) (_impure_ptr)
D:/Softwave/ST/STM32CubeIDE_1.19.0/STM32CubeIDE/plugins/com.st.stm32cube.ide.mcu.externaltools.gnu-tools-for-stm32.13.3.rel1.win32_1.0.0.202411081344/tools/bin/../lib/gcc/arm-none-eabi/13.3.1/../../../../arm-none-eabi/lib/thumb/v7-m/nofp\libc_nano.a(libc_a-lseekr.o)
[...]
Memory Configuration

Name             Origin             Length             Attributes
RAM              0x20000000         0x00018000         xrw
FLASH            0x08000000         0x00100000         xr
*default*        0x00000000         0xffffffff

Linker script and memory map

LOAD D:/Softwave/ST/STM32CubeIDE_1.19.0/STM32CubeIDE/plugins/com.st.stm32cube.ide.mcu.externaltools.gnu-tools-for-stm32.13.3.rel1.win32_1.0.0.202411081344/tools/bin/../lib/gcc/arm-none-eabi/13.3.1/thumb/v7-m/nofp/crti.o
LOAD D:/Softwave/ST/STM32CubeIDE_1.19.0/STM32CubeIDE/plugins/com.st.stm32cube.ide.mcu.externaltools.gnu-tools-for-stm32.13.3.rel1.win32_1.0.0.202411081344/tools/bin/../lib/gcc/arm-none-eabi/13.3.1/thumb/v7-m/nofp/crtbegin.o
LOAD D:/Softwave/ST/STM32CubeIDE_1.19.0/STM32CubeIDE/plugins/com.st.stm32cube.ide.mcu.externaltools.gnu-tools-for-stm32.13.3.rel1.win32_1.0.0.202411081344/tools/bin/../lib/gcc/arm-none-eabi/13.3.1/../../../../arm-none-eabi/lib/thumb/v7-m/nofp/crt0.o
LOAD ./Core/Src/adc.o
LOAD ./Core/Src/dma.o
LOAD ./Core/Src/gpio.o
LOAD ./Core/Src/main.o
LOAD ./Core/Src/stm32f1xx_hal_msp.o
LOAD ./Core/Src/stm32f1xx_it.o
LOAD ./Core/Src/syscalls.o
LOAD ./Core/Src/sysmem.o
LOAD ./Core/Src/system_stm32f1xx.o
LOAD ./Core/Src/tim.o
LOAD ./Core/Src/usart.o
LOAD ./Core/Startup/startup_stm32f103vgtx.o
LOAD ./Devices/App.o
LOAD ./Devices/dev_ad5160.o
LOAD ./Devices/dev_ad9833.o
LOAD ./Devices/dev_adc.o
LOAD ./Devices/dev_flash.o
LOAD ./Devices/dev_pwm.o
LOAD ./Devices/dev_screen.o
LOAD ./Drivers/STM32F1xx_HAL_Driver/Src/stm32f1xx_hal.o
LOAD ./Drivers/STM32F1xx_HAL_Driver/Src/stm32f1xx_hal_adc.o
LOAD ./Drivers/STM32F1xx_HAL_Driver/Src/stm32f1xx_hal_adc_ex.o
LOAD ./Drivers/STM32F1xx_HAL_Driver/Src/stm32f1xx_hal_cortex.o
LOAD ./Drivers/STM32F1xx_HAL_Driver/Src/stm32f1xx_hal_dma.o
LOAD ./Drivers/STM32F1xx_HAL_Driver/Src/stm32f1xx_hal_exti.o
LOAD ./Drivers/STM32F1xx_HAL_Driver/Src/stm32f1xx_hal_flash.o
LOAD ./Drivers/STM32F1xx_HAL_Driver/Src/stm32f1xx_hal_flash_ex.o
LOAD ./Drivers/STM32F1xx_HAL_Driver/Src/stm32f1xx_hal_gpio.o
LOAD ./Drivers/STM32F1xx_HAL_Driver/Src/stm32f1xx_hal_gpio_ex.o
LOAD ./Drivers/STM32F1xx_HAL_Driver/Src/stm32f1xx_hal_pwr.o
LOAD ./Drivers/STM32F1xx_HAL_Driver/Src/stm32f1xx_hal_rcc.o
LOAD ./Drivers/STM32F1xx_HAL_Driver/Src/stm32f1xx_hal_rcc_ex.o
LOAD ./Drivers/STM32F1xx_HAL_Driver/Src/stm32f1xx_hal_tim.o
LOAD ./Drivers/STM32F1xx_HAL_Driver/Src/stm32f1xx_hal_tim_ex.o
LOAD ./Drivers/STM32F1xx_HAL_Driver/Src/stm32f1xx_hal_uart.o
START GROUP
LOAD D:/Softwave/ST/STM32CubeIDE_1.19.0/STM32CubeIDE/plugins/com.st.stm32cube.ide.mcu.externaltools.gnu-tools-for-stm32.13.3.rel1.win32_1.0.0.202411081344/tools/bin/../lib/gcc/arm-none-eabi/13.3.1/../../../../arm-none-eabi/lib/thumb/v7-m/nofp\libc_nano.a
LOAD D:/Softwave/ST/STM32CubeIDE_1.19.0/STM32CubeIDE/plugins/com.st.stm32cube.ide.mcu.externaltools.gnu-tools-for-stm32.13.3.rel1.win32_1.0.0.202411081344/tools/bin/../lib/gcc/arm-none-eabi/13.3.1/../../../../arm-none-eabi/lib/thumb/v7-m/nofp\libm.a
END GROUP
START GROUP
LOAD D:/Softwave/ST/STM32CubeIDE_1.19.0/STM32CubeIDE/plugins/com.st.stm32cube.ide.mcu.externaltools.gnu-tools-for-stm32.13.3.rel1.win32_1.0.0.202411081344/tools/bin/../lib/gcc/arm-none-eabi/13.3.1/thumb/v7-m/nofp\libgcc.a
LOAD D:/Softwave/ST/STM32CubeIDE_1.19.0/STM32CubeIDE/plugins/com.st.stm32cube.ide.mcu.externaltools.gnu-tools-for-stm32.13.3.rel1.win32_1.0.0.202411081344/tools/bin/../lib/gcc/arm-none-eabi/13.3.1/../../../../arm-none-eabi/lib/thumb/v7-m/nofp\libc_nano.a
END GROUP
START GROUP
LOAD D:/Softwave/ST/STM32CubeIDE_1.19.0/STM32CubeIDE/plugins/com.st.stm32cube.ide.mcu.externaltools.gnu-tools-for-stm32.13.3.rel1.win32_1.0.0.202411081344/tools/bin/../lib/gcc/arm-none-eabi/13.3.1/thumb/v7-m/nofp\libgcc.a
LOAD D:/Softwave/ST/STM32CubeIDE_1.19.0/STM32CubeIDE/plugins/com.st.stm32cube.ide.mcu.externaltools.gnu-tools-for-stm32.13.3.rel1.win32_1.0.0.202411081344/tools/bin/../lib/gcc/arm-none-eabi/13.3.1/../../../../arm-none-eabi/lib/thumb/v7-m/nofp\libc_nano.a
LOAD D:/Softwave/ST/STM32CubeIDE_1.19.0/STM32CubeIDE/plugins/com.st.stm32cube.ide.mcu.externaltools.gnu-tools-for-stm32.13.3.rel1.win32_1.0.0.202411081344/tools/bin/../lib/gcc/arm-none-eabi/13.3.1/../../../../arm-none-eabi/lib/thumb/v7-m/nofp\libnosys.a
END GROUP
START GROUP
LOAD D:/Softwave/ST/STM32CubeIDE_1.19.0/STM32CubeIDE/plugins/com.st.stm32cube.ide.mcu.externaltools.gnu-tools-for-stm32.13.3.rel1.win32_1.0.0.202411081344/tools/bin/../lib/gcc/arm-none-eabi/13.3.1/thumb/v7-m/nofp\libgcc.a
LOAD D:/Softwave/ST/STM32CubeIDE_1.19.0/STM32CubeIDE/plugins/com.st.stm32cube.ide.mcu.externaltools.gnu-tools-for-stm32.13.3.rel1.win32_1.0.0.202411081344/tools/bin/../lib/gcc/arm-none-eabi/13.3.1/../../../../arm-none-eabi/lib/thumb/v7-m/nofp\libc_nano.a
LOAD D:/Softwave/ST/STM32CubeIDE_1.19.0/STM32CubeIDE/plugins/com.st.stm32cube.ide.mcu.externaltools.gnu-tools-for-stm32.13.3.rel1.win32_1.0.0.202411081344/tools/bin/../lib/gcc/arm-none-eabi/13.3.1/../../../../arm-none-eabi/lib/thumb/v7-m/nofp\libnosys.a
END GROUP
LOAD D:/Softwave/ST/STM32CubeIDE_1.19.0/STM32CubeIDE/plugins/com.st.stm32cube.ide.mcu.externaltools.gnu-tools-for-stm32.13.3.rel1.win32_1.0.0.202411081344/tools/bin/../lib/gcc/arm-none-eabi/13.3.1/thumb/v7-m/nofp/crtend.o
LOAD D:/Softwave/ST/STM32CubeIDE_1.19.0/STM32CubeIDE/plugins/com.st.stm32cube.ide.mcu.externaltools.gnu-tools-for-stm32.13.3.rel1.win32_1.0.0.202411081344/tools/bin/../lib/gcc/arm-none-eabi/13.3.1/thumb/v7-m/nofp/crtn.o
                0x20018000                        _estack = (ORIGIN (RAM) + LENGTH (RAM))
                0x00000200                        _Min_Heap_Size = 0x200
                0x00000400                        _Min_Stack_Size = 0x400

.isr_vector     0x08000000      0x1e4
                0x08000000                        . = ALIGN (0x4)
 *(.isr_vector)
 .isr_vector    0x08000000      0x1e4 ./Core/Startup/startup_stm32f103vgtx.o
                0x08000000                g_pfnVectors
                0x080001e4                        . = ALIGN (0x4)

.text           0x080001e8     0x9888
                0x080001e8                        . = ALIGN (0x4)
 *(.text)
 .text          0x080001e8       0x40 D:/Softwave/ST/STM32CubeIDE_1.19.0/STM32CubeIDE/plugins/com.st.stm32cube.ide.mcu.externaltools.gnu-tools-for-stm32.13.3.rel1.win32_1.0.0.202411081344/tools/bin/../lib/gcc/arm-none-eabi/13.3.1/thumb/v7-m/nofp/crtbegin.o
 .text          0x08000228      0x378 D:/Softwave/ST/STM32CubeIDE_1.19.0/STM32CubeIDE/plugins/com.st.stm32cube.ide.mcu.externaltools.gnu-tools-for-stm32.13.3.rel1.win32_1.0.0.202411081344/tools/bin/../lib/gcc/arm-none-eabi/13.3.1/thumb/v7-m/nofp\libgcc.a(_arm_addsubdf3.o)
                0x08000228                __aeabi_drsub
                0x08000230                __aeabi_dsub
                0x08000230                __subdf3
                0x08000234                __aeabi_dadd
                0x08000234                __adddf3
                0x080004ac                __floatunsidf
                0x080004ac                __aeabi_ui2d
                0x080004cc                __floatsidf
                0x080004cc                __aeabi_i2d
                0x080004f0                __aeabi_f2d
                0x080004f0                __extendsfdf2
                0x08000534                __floatundidf
                0x08000534                __aeabi_ul2d
                0x08000544                __floatdidf
                0x08000544                __aeabi_l2d
 .text          0x080005a0      0x424 D:/Softwave/ST/STM32CubeIDE_1.19.0/STM32CubeIDE/plugins/com.st.stm32cube.ide.mcu.externaltools.gnu-tools-for-stm32.13.3.rel1.win32_1.0.0.202411081344/tools/bin/../lib/gcc/arm-none-eabi/13.3.1/thumb/v7-m/nofp\libgcc.a(_arm_muldivdf3.o)
                0x080005a0                __aeabi_dmul
                0x080005a0                __muldf3
                0x080007f4                __divdf3
                0x080007f4                __aeabi_ddiv
 .text          0x080009c4       0x50 D:/Softwave/ST/STM32CubeIDE_1.19.0/STM32CubeIDE/plugins/com.st.stm32cube.ide.mcu.externaltools.gnu-tools-for-stm32.13.3.rel1.win32_1.0.0.202411081344/tools/bin/../lib/gcc/arm-none-eabi/13.3.1/thumb/v7-m/nofp\libgcc.a(_arm_fixdfsi.o)
                0x080009c4                __aeabi_d2iz
                0x080009c4                __fixdfsi
 .text          0x08000a14       0xa0 D:/Softwave/ST/STM32CubeIDE_1.19.0/STM32CubeIDE/plugins/com.st.stm32cube.ide.mcu.externaltools.gnu-tools-for-stm32.13.3.rel1.win32_1.0.0.202411081344/tools/bin/../lib/gcc/arm-none-eabi/13.3.1/thumb/v7-m/nofp\libgcc.a(_arm_truncdfsf2.o)
                0x08000a14                __truncdfsf2
                0x08000a14                __aeabi_d2f
 .text          0x08000ab4      0x21c D:/Softwave/ST/STM32CubeIDE_1.19.0/STM32CubeIDE/plugins/com.st.stm32cube.ide.mcu.externaltools.gnu-tools-for-stm32.13.3.rel1.win32_1.0.0.202411081344/tools/bin/../lib/gcc/arm-none-eabi/13.3.1/thumb/v7-m/nofp\libgcc.a(_arm_addsubsf3.o)
                0x08000ab4                __aeabi_frsub
                0x08000abc                __subsf3
                0x08000abc                __aeabi_fsub
                0x08000ac0                __aeabi_fadd
                0x08000ac0                __addsf3
                0x08000c20                __aeabi_ui2f
                0x08000c20                __floatunsisf
                0x08000c28                __aeabi_i2f
                0x08000c28                __floatsisf
                0x08000c44                __aeabi_ul2f
                0x08000c44                __floatundisf
                0x08000c54                __aeabi_l2f
                0x08000c54                __floatdisf
 .text          0x08000cd0      0x2a0 D:/Softwave/ST/STM32CubeIDE_1.19.0/STM32CubeIDE/plugins/com.st.stm32cube.ide.mcu.externaltools.gnu-tools-for-stm32.13.3.rel1.win32_1.0.0.202411081344/tools/bin/../lib/gcc/arm-none-eabi/13.3.1/thumb/v7-m/nofp\libgcc.a(_arm_muldivsf3.o)
                0x08000cd0                __mulsf3
                0x08000cd0                __aeabi_fmul
                0x08000e38                __aeabi_fdiv
                0x08000e38                __divsf3
 .text          0x08000f70       0xec D:/Softwave/ST/STM32CubeIDE_1.19.0/STM32CubeIDE/plugins/com.st.stm32cube.ide.mcu.externaltools.gnu-tools-for-stm32.13.3.rel1.win32_1.0.0.202411081344/tools/bin/../lib/gcc/arm-none-eabi/13.3.1/thumb/v7-m/nofp\libgcc.a(_arm_cmpsf2.o)
                0x08000f70                __gesf2
                0x08000f70                __gtsf2
                0x08000f78                __lesf2
                0x08000f78                __ltsf2
                0x08000f80                __nesf2
                0x08000f80                __eqsf2
                0x08000f80                __cmpsf2
                0x08000fe0                __aeabi_cfrcmple
                0x08000fe8                __aeabi_cfcmpeq
                0x08000fe8                __aeabi_cfcmple
                0x08000ff8                __aeabi_fcmpeq
                0x0800100c                __aeabi_fcmplt
                0x08001020                __aeabi_fcmple
                0x08001034                __aeabi_fcmpge
                0x08001048                __aeabi_fcmpgt
 *(.text*)
 .text.MX_ADC1_Init
                0x0800105c       0xf8 ./Core/Src/adc.o
                0x0800105c                MX_ADC1_Init
 .text.HAL_ADC_MspInit
                0x08001154       0xd4 ./Core/Src/adc.o
                0x08001154                HAL_ADC_MspInit
 .text.MX_DMA_Init
                0x08001228       0x5c ./Core/Src/dma.o
                0x08001228                MX_DMA_Init
 .text.MX_GPIO_Init
                0x08001284      0x22c ./Core/Src/gpio.o
                0x08001284                MX_GPIO_Init
 .text.main     0x080014b0       0x84 ./Core/Src/main.o
                0x080014b0                main
 .text.SystemClock_Config
                0x08001534       0xbc ./Core/Src/main.o
                0x08001534                SystemClock_Config
 .text.HAL_TIM_PeriodElapsedCallback
                0x080015f0       0x3c ./Core/Src/main.o
                0x080015f0                HAL_TIM_PeriodElapsedCallback
 .text.Error_Handler
                0x0800162c        0xc ./Core/Src/main.o
                0x0800162c                Error_Handler
 .text.HAL_MspInit
                0x08001638       0x64 ./Core/Src/stm32f1xx_hal_msp.o
                0x08001638                HAL_MspInit
 .text.NMI_Handler
                0x0800169c        0x8 ./Core/Src/stm32f1xx_it.o
                0x0800169c                NMI_Handler
 .text.HardFault_Handler
                0x080016a4        0x8 ./Core/Src/stm32f1xx_it.o
                0x080016a4                HardFault_Handler
 .text.MemManage_Handler
                0x080016ac        0x8 ./Core/Src/stm32f1xx_it.o
                0x080016ac                MemManage_Handler
 .text.BusFault_Handler
                0x080016b4        0x8 ./Core/Src/stm32f1xx_it.o
                0x080016b4                BusFault_Handler
 .text.UsageFault_Handler
                0x080016bc        0x8 ./Core/Src/stm32f1xx_it.o
                0x080016bc                UsageFault_Handler
 .text.SVC_Handler
                0x080016c4        0xc ./Core/Src/stm32f1xx_it.o
                0x080016c4                SVC_Handler
 .text.DebugMon_Handler
                0x080016d0        0xc ./Core/Src/stm32f1xx_it.o
                0x080016d0                DebugMon_Handler
 .text.PendSV_Handler
                0x080016dc        0xc ./Core/Src/stm32f1xx_it.o
                0x080016dc                PendSV_Handler
 .text.SysTick_Handler
                0x080016e8        0xc ./Core/Src/stm32f1xx_it.o
                0x080016e8                SysTick_Handler
 .text.DMA1_Channel1_IRQHandler
                0x080016f4       0x14 ./Core/Src/stm32f1xx_it.o
                0x080016f4                DMA1_Channel1_IRQHandler
 .text.DMA1_Channel2_IRQHandler
                0x08001708       0x14 ./Core/Src/stm32f1xx_it.o
                0x08001708                DMA1_Channel2_IRQHandler
 .text.DMA1_Channel3_IRQHandler
                0x0800171c       0x14 ./Core/Src/stm32f1xx_it.o
                0x0800171c                DMA1_Channel3_IRQHandler
 .text.USART3_IRQHandler
                0x08001730       0x18 ./Core/Src/stm32f1xx_it.o
                0x08001730                USART3_IRQHandler
 .text.TIM6_IRQHandler
                0x08001748       0x14 ./Core/Src/stm32f1xx_it.o
                0x08001748                TIM6_IRQHandler
 .text.SystemInit
                0x0800175c        0xc ./Core/Src/system_stm32f1xx.o
                0x0800175c                SystemInit
 .text.MX_TIM1_Init
                0x08001768      0x13c ./Core/Src/tim.o
                0x08001768                MX_TIM1_Init
 .text.MX_TIM2_Init
                0x080018a4       0xec ./Core/Src/tim.o
                0x080018a4                MX_TIM2_Init
 .text.MX_TIM3_Init
                0x08001990       0xec ./Core/Src/tim.o
                0x08001990                MX_TIM3_Init
 .text.MX_TIM4_Init
                0x08001a7c       0xec ./Core/Src/tim.o
                0x08001a7c                MX_TIM4_Init
 .text.MX_TIM5_Init
                0x08001b68       0xec ./Core/Src/tim.o
                0x08001b68                MX_TIM5_Init
 .text.MX_TIM6_Init
                0x08001c54       0x68 ./Core/Src/tim.o
                0x08001c54                MX_TIM6_Init
 .text.MX_TIM8_Init
                0x08001cbc      0x140 ./Core/Src/tim.o
                0x08001cbc                MX_TIM8_Init
 .text.MX_TIM9_Init
                0x08001dfc       0xc4 ./Core/Src/tim.o
                0x08001dfc                MX_TIM9_Init
 .text.MX_TIM10_Init
                0x08001ec0       0x9c ./Core/Src/tim.o
                0x08001ec0                MX_TIM10_Init
 .text.MX_TIM11_Init
                0x08001f5c       0x9c ./Core/Src/tim.o
                0x08001f5c                MX_TIM11_Init
 .text.MX_TIM12_Init
                0x08001ff8       0xc4 ./Core/Src/tim.o
                0x08001ff8                MX_TIM12_Init
 .text.HAL_TIM_Base_MspInit
                0x080020bc      0x1d8 ./Core/Src/tim.o
                0x080020bc                HAL_TIM_Base_MspInit
 .text.HAL_TIM_MspPostInit
                0x08002294      0x330 ./Core/Src/tim.o
                0x08002294                HAL_TIM_MspPostInit
 .text.MX_USART3_UART_Init
                0x080025c4       0x54 ./Core/Src/usart.o
                0x080025c4                MX_USART3_UART_Init
 .text.HAL_UART_MspInit
                0x08002618      0x17c ./Core/Src/usart.o
                0x08002618                HAL_UART_MspInit
 .text.Reset_Handler
                0x08002794       0x48 ./Core/Startup/startup_stm32f103vgtx.o
                0x08002794                Reset_Handler
 .text.Default_Handler
                0x080027dc        0x2 ./Core/Startup/startup_stm32f103vgtx.o
                0x080027dc                RTC_Alarm_IRQHandler
                0x080027dc                EXTI2_IRQHandler
                0x080027dc                TIM8_CC_IRQHandler
                0x080027dc                TIM1_CC_IRQHandler
                0x080027dc                PVD_IRQHandler
                0x080027dc                SDIO_IRQHandler
                0x080027dc                EXTI3_IRQHandler
                0x080027dc                TIM8_TRG_COM_TIM14_IRQHandler
                0x080027dc                TIM1_UP_TIM10_IRQHandler
                0x080027dc                TIM8_UP_TIM13_IRQHandler
                0x080027dc                EXTI0_IRQHandler
                0x080027dc                I2C2_EV_IRQHandler
                0x080027dc                ADC1_2_IRQHandler
                0x080027dc                SPI1_IRQHandler
                0x080027dc                TAMPER_IRQHandler
                0x080027dc                TIM1_BRK_TIM9_IRQHandler
                0x080027dc                DMA2_Channel2_IRQHandler
                0x080027dc                DMA1_Channel4_IRQHandler
                0x080027dc                RTC_IRQHandler
                0x080027dc                DMA1_Channel7_IRQHandler
                0x080027dc                CAN1_RX1_IRQHandler
                0x080027dc                UART5_IRQHandler
                0x080027dc                ADC3_IRQHandler
                0x080027dc                TIM4_IRQHandler
                0x080027dc                DMA2_Channel1_IRQHandler
                0x080027dc                I2C1_EV_IRQHandler
                0x080027dc                DMA1_Channel6_IRQHandler
                0x080027dc                UART4_IRQHandler
                0x080027dc                TIM3_IRQHandler
                0x080027dc                RCC_IRQHandler
                0x080027dc                TIM8_BRK_TIM12_IRQHandler
                0x080027dc                Default_Handler
                0x080027dc                EXTI15_10_IRQHandler
                0x080027dc                TIM7_IRQHandler
                0x080027dc                TIM5_IRQHandler
                0x080027dc                EXTI9_5_IRQHandler
                0x080027dc                SPI2_IRQHandler
                0x080027dc                DMA1_Channel5_IRQHandler
                0x080027dc                EXTI4_IRQHandler
                0x080027dc                USB_LP_CAN1_RX0_IRQHandler
                0x080027dc                USB_HP_CAN1_TX_IRQHandler
                0x080027dc                FSMC_IRQHandler
                0x080027dc                WWDG_IRQHandler
                0x080027dc                TIM2_IRQHandler
                0x080027dc                TIM1_TRG_COM_TIM11_IRQHandler
                0x080027dc                EXTI1_IRQHandler
                0x080027dc                DMA2_Channel4_5_IRQHandler
                0x080027dc                USART2_IRQHandler
                0x080027dc                I2C2_ER_IRQHandler
                0x080027dc                CAN1_SCE_IRQHandler
                0x080027dc                FLASH_IRQHandler
                0x080027dc                USART1_IRQHandler
                0x080027dc                SPI3_IRQHandler
                0x080027dc                I2C1_ER_IRQHandler
                0x080027dc                USBWakeUp_IRQHandler
                0x080027dc                DMA2_Channel3_IRQHandler
 *fill*         0x080027de        0x2 
 .text.DevSystem_Init
                0x080027e0       0x40 ./Devices/App.o
                0x080027e0                DevSystem_Init
 .text.AppMainFunc
                0x08002820       0xdc ./Devices/App.o
                0x08002820                AppMainFunc
 .text.UltraParamReload
                0x080028fc       0x8c ./Devices/App.o
                0x080028fc                UltraParamReload
 .text.UltraWorkModule_SyncMode
                0x08002988      0x120 ./Devices/App.o
 .text.UltraWorkModule_AlternateMode
                0x08002aa8      0x2c8 ./Devices/App.o
 .text.UltraWorkModule_AlternateMode2
                0x08002d70      0x1b4 ./Devices/App.o
 .text.UltraWorkModule_CycleMode
                0x08002f24      0x184 ./Devices/App.o
 .text.AD5160_Delay
                0x080030a8       0x22 ./Devices/dev_ad5160.o
 *fill*         0x080030ca        0x2 
 .text.AD5160_CSSet
                0x080030cc       0x38 ./Devices/dev_ad5160.o
 .text.AD5160_CLKSet
                0x08003104       0x38 ./Devices/dev_ad5160.o
 .text.AD5160_DATASet
                0x0800313c       0x38 ./Devices/dev_ad5160.o
 .text.AD5160_SendData
                0x08003174       0xa2 ./Devices/dev_ad5160.o
 *fill*         0x08003216        0x2 
 .text.DevAD5160_ValueLoad
                0x08003218       0x24 ./Devices/dev_ad5160.o
                0x08003218                DevAD5160_ValueLoad
 .text.DevAD5160Func_Init
                0x0800323c       0x64 ./Devices/dev_ad5160.o
                0x0800323c                DevAD5160Func_Init
 .text.DevAD5160Func_Main
                0x080032a0       0x9c ./Devices/dev_ad5160.o
                0x080032a0                DevAD5160Func_Main
 .text.AD9833_Delay
                0x0800333c       0x22 ./Devices/dev_ad9833.o
 *fill*         0x0800335e        0x2 
 .text.AD9833_FSYNCSet
                0x08003360       0x38 ./Devices/dev_ad9833.o
 .text.AD9833_SCLKSet
                0x08003398       0x38 ./Devices/dev_ad9833.o
 .text.AD9833_SDATASet
                0x080033d0       0x38 ./Devices/dev_ad9833.o
 .text.AD9833_SendData
                0x08003408       0x94 ./Devices/dev_ad9833.o
 .text.AD9833_SendPhase
                0x0800349c       0x32 ./Devices/dev_ad9833.o
 .text.AD9833_SendWave
                0x080034ce       0x36 ./Devices/dev_ad9833.o
 *fill*         0x08003504        0x4 
 .text.AD9833_SendFrequency
                0x08003508       0xc0 ./Devices/dev_ad9833.o
 .text.DevAD9833_Reset
                0x080035c8       0x44 ./Devices/dev_ad9833.o
 .text.DevAD9833_SetPara
                0x0800360c       0x82 ./Devices/dev_ad9833.o
 *fill*         0x0800368e        0x2 
 .text.DevAD9833Set_Init
                0x08003690      0x100 ./Devices/dev_ad9833.o
                0x08003690                DevAD9833Set_Init
 .text.DevAD9833Set_Main
                0x08003790       0x9c ./Devices/dev_ad9833.o
                0x08003790                DevAD9833Set_Main
 .text.look1_iflf_binlxpw
                0x0800382c      0x18a ./Devices/dev_adc.o
                0x0800382c                look1_iflf_binlxpw
 *fill*         0x080039b6        0x2 
 .text.DevADC1Func_Init
                0x080039b8       0x20 ./Devices/dev_adc.o
                0x080039b8                DevADC1Func_Init
 .text.DevADC1Func_Main
                0x080039d8      0x338 ./Devices/dev_adc.o
                0x080039d8                DevADC1Func_Main
 .text.SampleVolFilter
                0x08003d10       0xca ./Devices/dev_adc.o
 .text.DevFlash_Write
                0x08003dda       0x7c ./Devices/dev_flash.o
                0x08003dda                DevFlash_Write
 .text.DevFlash_Read
                0x08003e56       0x56 ./Devices/dev_flash.o
                0x08003e56                DevFlash_Read
 .text.DevParam_Init
                0x08003eac      0x16c ./Devices/dev_flash.o
                0x08003eac                DevParam_Init
 .text.DevFlashWrite_Main
                0x08004018       0xa0 ./Devices/dev_flash.o
                0x08004018                DevFlashWrite_Main
 .text.DevPwm_LoadDuty
                0x080040b8       0x2c ./Devices/dev_pwm.o
                0x080040b8                DevPwm_LoadDuty
 .text.DevPwm_LoadPeriod
                0x080040e4       0x30 ./Devices/dev_pwm.o
                0x080040e4                DevPwm_LoadPeriod
 .text.DevPwmFunc_Init
                0x08004114       0xe4 ./Devices/dev_pwm.o
                0x08004114                DevPwmFunc_Init
 .text.DevPwmFunc_Main
                0x080041f8      0x120 ./Devices/dev_pwm.o
                0x080041f8                DevPwmFunc_Main
 .text.DevPwm_SetPulseDuty
                0x08004318       0x94 ./Devices/dev_pwm.o
 .text.DevPwm_SetPulseFreq
                0x080043ac      0x130 ./Devices/dev_pwm.o
 .text.DevScreen_StartorStop
                0x080044dc       0x34 ./Devices/dev_screen.o
 .text.DevScreen_SetUltraFreq
                0x08004510      0x104 ./Devices/dev_screen.o
 .text.DevScreen_SetUltraVibra
                0x08004614       0x50 ./Devices/dev_screen.o
 .text.DevScreen_SetUltraDuty
                0x08004664       0x7c ./Devices/dev_screen.o
 .text.DevScreen_SetUltraPeriod
                0x080046e0       0xec ./Devices/dev_screen.o
 .text.DevScreen_SetUltraWork
                0x080047cc       0x7c ./Devices/dev_screen.o
 .text.DevScreen_SetUltraChEn
                0x08004848       0x64 ./Devices/dev_screen.o
 .text.DevScreen_SetUltraModule
                0x080048ac       0x48 ./Devices/dev_screen.o
 .text.DevScreen_SetPowerLevel
                0x080048f4       0x54 ./Devices/dev_screen.o
 .text.DevUart_Init
                0x08004948       0x30 ./Devices/dev_screen.o
                0x08004948                DevUart_Init
 .text.HAL_UART_IdleCallback
                0x08004978       0xe4 ./Devices/dev_screen.o
                0x08004978                HAL_UART_IdleCallback
 .text.DevScreenSendData
                0x08004a5c       0x38 ./Devices/dev_screen.o
                0x08004a5c                DevScreenSendData
 .text.DevMotor_StaGet
                0x08004a94       0x34 ./Devices/dev_screen.o
                0x08004a94                DevMotor_StaGet
 .text.DevWork_StimuTimeGet
                0x08004ac8       0x34 ./Devices/dev_screen.o
                0x08004ac8                DevWork_StimuTimeGet
 .text.DevWork_IdleTimeGet
                0x08004afc       0x34 ./Devices/dev_screen.o
                0x08004afc                DevWork_IdleTimeGet
 .text.DevWork_ModuleGet
                0x08004b30       0x38 ./Devices/dev_screen.o
                0x08004b30                DevWork_ModuleGet
 .text.DevUltra_StatGet
                0x08004b68       0x38 ./Devices/dev_screen.o
                0x08004b68                DevUltra_StatGet
 .text.HAL_Init
                0x08004ba0       0x2c ./Drivers/STM32F1xx_HAL_Driver/Src/stm32f1xx_hal.o
                0x08004ba0                HAL_Init
 .text.HAL_InitTick
                0x08004bcc       0x60 ./Drivers/STM32F1xx_HAL_Driver/Src/stm32f1xx_hal.o
                0x08004bcc                HAL_InitTick
 .text.HAL_IncTick
                0x08004c2c       0x24 ./Drivers/STM32F1xx_HAL_Driver/Src/stm32f1xx_hal.o
                0x08004c2c                HAL_IncTick
 .text.HAL_GetTick
                0x08004c50       0x14 ./Drivers/STM32F1xx_HAL_Driver/Src/stm32f1xx_hal.o
                0x08004c50                HAL_GetTick
 .text.HAL_Delay
                0x08004c64       0x48 ./Drivers/STM32F1xx_HAL_Driver/Src/stm32f1xx_hal.o
                0x08004c64                HAL_Delay
 .text.HAL_ADC_Init
                0x08004cac      0x1d4 ./Drivers/STM32F1xx_HAL_Driver/Src/stm32f1xx_hal_adc.o
                0x08004cac                HAL_ADC_Init
 .text.HAL_ADC_Start_DMA
                0x08004e80      0x1bc ./Drivers/STM32F1xx_HAL_Driver/Src/stm32f1xx_hal_adc.o
                0x08004e80                HAL_ADC_Start_DMA
 .text.HAL_ADC_ConvCpltCallback
                0x0800503c       0x12 ./Drivers/STM32F1xx_HAL_Driver/Src/stm32f1xx_hal_adc.o
                0x0800503c                HAL_ADC_ConvCpltCallback
 .text.HAL_ADC_ConvHalfCpltCallback
                0x0800504e       0x12 ./Drivers/STM32F1xx_HAL_Driver/Src/stm32f1xx_hal_adc.o
                0x0800504e                HAL_ADC_ConvHalfCpltCallback
 .text.HAL_ADC_ErrorCallback
                0x08005060       0x12 ./Drivers/STM32F1xx_HAL_Driver/Src/stm32f1xx_hal_adc.o
                0x08005060                HAL_ADC_ErrorCallback
 *fill*         0x08005072        0x2 
 .text.HAL_ADC_ConfigChannel
                0x08005074      0x1f0 ./Drivers/STM32F1xx_HAL_Driver/Src/stm32f1xx_hal_adc.o
                0x08005074                HAL_ADC_ConfigChannel
 .text.ADC_Enable
                0x08005264       0xb4 ./Drivers/STM32F1xx_HAL_Driver/Src/stm32f1xx_hal_adc.o
                0x08005264                ADC_Enable
 .text.ADC_ConversionStop_Disable
                0x08005318       0x82 ./Drivers/STM32F1xx_HAL_Driver/Src/stm32f1xx_hal_adc.o
                0x08005318                ADC_ConversionStop_Disable
 .text.ADC_DMAConvCplt
                0x0800539a       0x7c ./Drivers/STM32F1xx_HAL_Driver/Src/stm32f1xx_hal_adc.o
                0x0800539a                ADC_DMAConvCplt
 .text.ADC_DMAHalfConvCplt
                0x08005416       0x1c ./Drivers/STM32F1xx_HAL_Driver/Src/stm32f1xx_hal_adc.o
                0x08005416                ADC_DMAHalfConvCplt
 .text.ADC_DMAError
                0x08005432       0x34 ./Drivers/STM32F1xx_HAL_Driver/Src/stm32f1xx_hal_adc.o
                0x08005432                ADC_DMAError
 *fill*         0x08005466        0x2 
 .text.HAL_ADCEx_Calibration_Start
                0x08005468      0x15c ./Drivers/STM32F1xx_HAL_Driver/Src/stm32f1xx_hal_adc_ex.o
                0x08005468                HAL_ADCEx_Calibration_Start
 .text.__NVIC_SetPriorityGrouping
                0x080055c4       0x48 ./Drivers/STM32F1xx_HAL_Driver/Src/stm32f1xx_hal_cortex.o
 .text.__NVIC_GetPriorityGrouping
                0x0800560c       0x1c ./Drivers/STM32F1xx_HAL_Driver/Src/stm32f1xx_hal_cortex.o
 .text.__NVIC_EnableIRQ
                0x08005628       0x38 ./Drivers/STM32F1xx_HAL_Driver/Src/stm32f1xx_hal_cortex.o
 .text.__NVIC_SetPriority
                0x08005660       0x54 ./Drivers/STM32F1xx_HAL_Driver/Src/stm32f1xx_hal_cortex.o
 .text.NVIC_EncodePriority
                0x080056b4       0x64 ./Drivers/STM32F1xx_HAL_Driver/Src/stm32f1xx_hal_cortex.o
 .text.SysTick_Config
                0x08005718       0x44 ./Drivers/STM32F1xx_HAL_Driver/Src/stm32f1xx_hal_cortex.o
 .text.HAL_NVIC_SetPriorityGrouping
                0x0800575c       0x16 ./Drivers/STM32F1xx_HAL_Driver/Src/stm32f1xx_hal_cortex.o
                0x0800575c                HAL_NVIC_SetPriorityGrouping
 .text.HAL_NVIC_SetPriority
                0x08005772       0x38 ./Drivers/STM32F1xx_HAL_Driver/Src/stm32f1xx_hal_cortex.o
                0x08005772                HAL_NVIC_SetPriority
 .text.HAL_NVIC_EnableIRQ
                0x080057aa       0x1c ./Drivers/STM32F1xx_HAL_Driver/Src/stm32f1xx_hal_cortex.o
                0x080057aa                HAL_NVIC_EnableIRQ
 .text.HAL_SYSTICK_Config
                0x080057c6       0x18 ./Drivers/STM32F1xx_HAL_Driver/Src/stm32f1xx_hal_cortex.o
                0x080057c6                HAL_SYSTICK_Config
 *fill*         0x080057de        0x2 
 .text.HAL_DMA_Init
                0x080057e0       0xec ./Drivers/STM32F1xx_HAL_Driver/Src/stm32f1xx_hal_dma.o
                0x080057e0                HAL_DMA_Init
 .text.HAL_DMA_Start_IT
                0x080058cc       0xc0 ./Drivers/STM32F1xx_HAL_Driver/Src/stm32f1xx_hal_dma.o
                0x080058cc                HAL_DMA_Start_IT
 .text.HAL_DMA_Abort
                0x0800598c       0x76 ./Drivers/STM32F1xx_HAL_Driver/Src/stm32f1xx_hal_dma.o
                0x0800598c                HAL_DMA_Abort
 *fill*         0x08005a02        0x2 
 .text.HAL_DMA_Abort_IT
                0x08005a04      0x210 ./Drivers/STM32F1xx_HAL_Driver/Src/stm32f1xx_hal_dma.o
                0x08005a04                HAL_DMA_Abort_IT
 .text.HAL_DMA_IRQHandler
                0x08005c14      0x478 ./Drivers/STM32F1xx_HAL_Driver/Src/stm32f1xx_hal_dma.o
                0x08005c14                HAL_DMA_IRQHandler
 .text.DMA_SetConfig
                0x0800608c       0x5a ./Drivers/STM32F1xx_HAL_Driver/Src/stm32f1xx_hal_dma.o
 *fill*         0x080060e6        0x2 
 .text.HAL_FLASH_Program
                0x080060e8      0x11c ./Drivers/STM32F1xx_HAL_Driver/Src/stm32f1xx_hal_flash.o
                0x080060e8                HAL_FLASH_Program
 .text.HAL_FLASH_Unlock
                0x08006204       0x74 ./Drivers/STM32F1xx_HAL_Driver/Src/stm32f1xx_hal_flash.o
                0x08006204                HAL_FLASH_Unlock
 .text.HAL_FLASH_Lock
                0x08006278       0x2c ./Drivers/STM32F1xx_HAL_Driver/Src/stm32f1xx_hal_flash.o
                0x08006278                HAL_FLASH_Lock
 .text.FLASH_Program_HalfWord
                0x080062a4       0x50 ./Drivers/STM32F1xx_HAL_Driver/Src/stm32f1xx_hal_flash.o
 .text.FLASH_WaitForLastOperation
                0x080062f4       0x8c ./Drivers/STM32F1xx_HAL_Driver/Src/stm32f1xx_hal_flash.o
                0x080062f4                FLASH_WaitForLastOperation
 .text.FLASH_WaitForLastOperationBank2
                0x08006380       0x80 ./Drivers/STM32F1xx_HAL_Driver/Src/stm32f1xx_hal_flash.o
                0x08006380                FLASH_WaitForLastOperationBank2
 .text.FLASH_SetErrorCode
                0x08006400       0xd4 ./Drivers/STM32F1xx_HAL_Driver/Src/stm32f1xx_hal_flash.o
 .text.HAL_FLASHEx_Erase
                0x080064d4      0x1ec ./Drivers/STM32F1xx_HAL_Driver/Src/stm32f1xx_hal_flash_ex.o
                0x080064d4                HAL_FLASHEx_Erase
 .text.FLASH_MassErase
                0x080066c0       0x90 ./Drivers/STM32F1xx_HAL_Driver/Src/stm32f1xx_hal_flash_ex.o
 .text.FLASH_PageErase
                0x08006750       0x6c ./Drivers/STM32F1xx_HAL_Driver/Src/stm32f1xx_hal_flash_ex.o
                0x08006750                FLASH_PageErase
 .text.HAL_GPIO_Init
                0x080067bc      0x328 ./Drivers/STM32F1xx_HAL_Driver/Src/stm32f1xx_hal_gpio.o
                0x080067bc                HAL_GPIO_Init
 .text.HAL_GPIO_WritePin
                0x08006ae4       0x30 ./Drivers/STM32F1xx_HAL_Driver/Src/stm32f1xx_hal_gpio.o
                0x08006ae4                HAL_GPIO_WritePin
 .text.HAL_RCC_OscConfig
                0x08006b14      0x504 ./Drivers/STM32F1xx_HAL_Driver/Src/stm32f1xx_hal_rcc.o
                0x08006b14                HAL_RCC_OscConfig
 .text.HAL_RCC_ClockConfig
                0x08007018      0x1d4 ./Drivers/STM32F1xx_HAL_Driver/Src/stm32f1xx_hal_rcc.o
                0x08007018                HAL_RCC_ClockConfig
 .text.HAL_RCC_GetSysClockFreq
                0x080071ec       0xa8 ./Drivers/STM32F1xx_HAL_Driver/Src/stm32f1xx_hal_rcc.o
                0x080071ec                HAL_RCC_GetSysClockFreq
 .text.HAL_RCC_GetHCLKFreq
                0x08007294       0x14 ./Drivers/STM32F1xx_HAL_Driver/Src/stm32f1xx_hal_rcc.o
                0x08007294                HAL_RCC_GetHCLKFreq
 .text.HAL_RCC_GetPCLK1Freq
                0x080072a8       0x28 ./Drivers/STM32F1xx_HAL_Driver/Src/stm32f1xx_hal_rcc.o
                0x080072a8                HAL_RCC_GetPCLK1Freq
 .text.HAL_RCC_GetPCLK2Freq
                0x080072d0       0x28 ./Drivers/STM32F1xx_HAL_Driver/Src/stm32f1xx_hal_rcc.o
                0x080072d0                HAL_RCC_GetPCLK2Freq
 .text.RCC_Delay
                0x080072f8       0x3c ./Drivers/STM32F1xx_HAL_Driver/Src/stm32f1xx_hal_rcc.o
 .text.HAL_RCCEx_PeriphCLKConfig
                0x08007334      0x16c ./Drivers/STM32F1xx_HAL_Driver/Src/stm32f1xx_hal_rcc_ex.o
                0x08007334                HAL_RCCEx_PeriphCLKConfig
 .text.HAL_RCCEx_GetPeriphCLKFreq
                0x080074a0      0x1b0 ./Drivers/STM32F1xx_HAL_Driver/Src/stm32f1xx_hal_rcc_ex.o
                0x080074a0                HAL_RCCEx_GetPeriphCLKFreq
 .text.HAL_TIM_Base_Init
                0x08007650       0x9e ./Drivers/STM32F1xx_HAL_Driver/Src/stm32f1xx_hal_tim.o
                0x08007650                HAL_TIM_Base_Init
 *fill*         0x080076ee        0x2 
 .text.HAL_TIM_Base_Start
                0x080076f0       0xcc ./Drivers/STM32F1xx_HAL_Driver/Src/stm32f1xx_hal_tim.o
                0x080076f0                HAL_TIM_Base_Start
 .text.HAL_TIM_Base_Stop
                0x080077bc       0x4c ./Drivers/STM32F1xx_HAL_Driver/Src/stm32f1xx_hal_tim.o
                0x080077bc                HAL_TIM_Base_Stop
 .text.HAL_TIM_Base_Start_IT
                0x08007808       0xdc ./Drivers/STM32F1xx_HAL_Driver/Src/stm32f1xx_hal_tim.o
                0x08007808                HAL_TIM_Base_Start_IT
 .text.HAL_TIM_PWM_Init
                0x080078e4       0x9e ./Drivers/STM32F1xx_HAL_Driver/Src/stm32f1xx_hal_tim.o
                0x080078e4                HAL_TIM_PWM_Init
 .text.HAL_TIM_PWM_MspInit
                0x08007982       0x12 ./Drivers/STM32F1xx_HAL_Driver/Src/stm32f1xx_hal_tim.o
                0x08007982                HAL_TIM_PWM_MspInit
 .text.HAL_TIM_PWM_Start
                0x08007994      0x190 ./Drivers/STM32F1xx_HAL_Driver/Src/stm32f1xx_hal_tim.o
                0x08007994                HAL_TIM_PWM_Start
 .text.HAL_TIM_PWM_Stop
                0x08007b24       0xe0 ./Drivers/STM32F1xx_HAL_Driver/Src/stm32f1xx_hal_tim.o
                0x08007b24                HAL_TIM_PWM_Stop
 .text.HAL_TIM_IRQHandler
                0x08007c04      0x1e0 ./Drivers/STM32F1xx_HAL_Driver/Src/stm32f1xx_hal_tim.o
                0x08007c04                HAL_TIM_IRQHandler
 .text.HAL_TIM_PWM_ConfigChannel
                0x08007de4      0x184 ./Drivers/STM32F1xx_HAL_Driver/Src/stm32f1xx_hal_tim.o
                0x08007de4                HAL_TIM_PWM_ConfigChannel
 .text.HAL_TIM_ConfigClockSource
                0x08007f68      0x18e ./Drivers/STM32F1xx_HAL_Driver/Src/stm32f1xx_hal_tim.o
                0x08007f68                HAL_TIM_ConfigClockSource
 .text.HAL_TIM_OC_DelayElapsedCallback
                0x080080f6       0x12 ./Drivers/STM32F1xx_HAL_Driver/Src/stm32f1xx_hal_tim.o
                0x080080f6                HAL_TIM_OC_DelayElapsedCallback
 .text.HAL_TIM_IC_CaptureCallback
                0x08008108       0x12 ./Drivers/STM32F1xx_HAL_Driver/Src/stm32f1xx_hal_tim.o
                0x08008108                HAL_TIM_IC_CaptureCallback
 .text.HAL_TIM_PWM_PulseFinishedCallback
                0x0800811a       0x12 ./Drivers/STM32F1xx_HAL_Driver/Src/stm32f1xx_hal_tim.o
                0x0800811a                HAL_TIM_PWM_PulseFinishedCallback
 .text.HAL_TIM_TriggerCallback
                0x0800812c       0x12 ./Drivers/STM32F1xx_HAL_Driver/Src/stm32f1xx_hal_tim.o
                0x0800812c                HAL_TIM_TriggerCallback
 *fill*         0x0800813e        0x2 
 .text.TIM_Base_SetConfig
                0x08008140      0x154 ./Drivers/STM32F1xx_HAL_Driver/Src/stm32f1xx_hal_tim.o
                0x08008140                TIM_Base_SetConfig
 .text.TIM_OC1_SetConfig
                0x08008294       0xe0 ./Drivers/STM32F1xx_HAL_Driver/Src/stm32f1xx_hal_tim.o
 .text.TIM_OC2_SetConfig
                0x08008374       0xe8 ./Drivers/STM32F1xx_HAL_Driver/Src/stm32f1xx_hal_tim.o
                0x08008374                TIM_OC2_SetConfig
 .text.TIM_OC3_SetConfig
                0x0800845c       0xe8 ./Drivers/STM32F1xx_HAL_Driver/Src/stm32f1xx_hal_tim.o
 .text.TIM_OC4_SetConfig
                0x08008544       0xa8 ./Drivers/STM32F1xx_HAL_Driver/Src/stm32f1xx_hal_tim.o
 .text.TIM_TI1_ConfigInputStage
                0x080085ec       0x5c ./Drivers/STM32F1xx_HAL_Driver/Src/stm32f1xx_hal_tim.o
 .text.TIM_TI2_ConfigInputStage
                0x08008648       0x5e ./Drivers/STM32F1xx_HAL_Driver/Src/stm32f1xx_hal_tim.o
 .text.TIM_ITRx_SetConfig
                0x080086a6       0x34 ./Drivers/STM32F1xx_HAL_Driver/Src/stm32f1xx_hal_tim.o
 .text.TIM_ETR_SetConfig
                0x080086da       0x3e ./Drivers/STM32F1xx_HAL_Driver/Src/stm32f1xx_hal_tim.o
                0x080086da                TIM_ETR_SetConfig
 .text.TIM_CCxChannelCmd
                0x08008718       0x48 ./Drivers/STM32F1xx_HAL_Driver/Src/stm32f1xx_hal_tim.o
                0x08008718                TIM_CCxChannelCmd
 .text.HAL_TIMEx_MasterConfigSynchronization
                0x08008760       0xf4 ./Drivers/STM32F1xx_HAL_Driver/Src/stm32f1xx_hal_tim_ex.o
                0x08008760                HAL_TIMEx_MasterConfigSynchronization
 .text.HAL_TIMEx_ConfigBreakDeadTime
                0x08008854       0xa2 ./Drivers/STM32F1xx_HAL_Driver/Src/stm32f1xx_hal_tim_ex.o
                0x08008854                HAL_TIMEx_ConfigBreakDeadTime
 .text.HAL_TIMEx_CommutCallback
                0x080088f6       0x12 ./Drivers/STM32F1xx_HAL_Driver/Src/stm32f1xx_hal_tim_ex.o
                0x080088f6                HAL_TIMEx_CommutCallback
 .text.HAL_TIMEx_BreakCallback
                0x08008908       0x12 ./Drivers/STM32F1xx_HAL_Driver/Src/stm32f1xx_hal_tim_ex.o
                0x08008908                HAL_TIMEx_BreakCallback
 .text.HAL_UART_Init
                0x0800891a       0xa0 ./Drivers/STM32F1xx_HAL_Driver/Src/stm32f1xx_hal_uart.o
                0x0800891a                HAL_UART_Init
 *fill*         0x080089ba        0x2 
 .text.HAL_UART_Transmit_DMA
                0x080089bc       0xe0 ./Drivers/STM32F1xx_HAL_Driver/Src/stm32f1xx_hal_uart.o
                0x080089bc                HAL_UART_Transmit_DMA
 .text.HAL_UART_Receive_DMA
                0x08008a9c       0x4a ./Drivers/STM32F1xx_HAL_Driver/Src/stm32f1xx_hal_uart.o
                0x08008a9c                HAL_UART_Receive_DMA
 .text.HAL_UART_DMAStop
                0x08008ae6       0xfe ./Drivers/STM32F1xx_HAL_Driver/Src/stm32f1xx_hal_uart.o
                0x08008ae6                HAL_UART_DMAStop
 .text.HAL_UART_IRQHandler
                0x08008be4      0x524 ./Drivers/STM32F1xx_HAL_Driver/Src/stm32f1xx_hal_uart.o
                0x08008be4                HAL_UART_IRQHandler
 .text.HAL_UART_TxCpltCallback
                0x08009108       0x12 ./Drivers/STM32F1xx_HAL_Driver/Src/stm32f1xx_hal_uart.o
                0x08009108                HAL_UART_TxCpltCallback
 .text.HAL_UART_TxHalfCpltCallback
                0x0800911a       0x12 ./Drivers/STM32F1xx_HAL_Driver/Src/stm32f1xx_hal_uart.o
                0x0800911a                HAL_UART_TxHalfCpltCallback
 .text.HAL_UART_RxCpltCallback
                0x0800912c       0x12 ./Drivers/STM32F1xx_HAL_Driver/Src/stm32f1xx_hal_uart.o
                0x0800912c                HAL_UART_RxCpltCallback
 .text.HAL_UART_RxHalfCpltCallback
                0x0800913e       0x12 ./Drivers/STM32F1xx_HAL_Driver/Src/stm32f1xx_hal_uart.o
                0x0800913e                HAL_UART_RxHalfCpltCallback
 .text.HAL_UART_ErrorCallback
                0x08009150       0x12 ./Drivers/STM32F1xx_HAL_Driver/Src/stm32f1xx_hal_uart.o
                0x08009150                HAL_UART_ErrorCallback
 .text.HAL_UARTEx_RxEventCallback
                0x08009162       0x16 ./Drivers/STM32F1xx_HAL_Driver/Src/stm32f1xx_hal_uart.o
                0x08009162                HAL_UARTEx_RxEventCallback
 .text.UART_DMATransmitCplt
                0x08009178       0x9a ./Drivers/STM32F1xx_HAL_Driver/Src/stm32f1xx_hal_uart.o
 .text.UART_DMATxHalfCplt
                0x08009212       0x1c ./Drivers/STM32F1xx_HAL_Driver/Src/stm32f1xx_hal_uart.o
 .text.UART_DMAReceiveCplt
                0x0800922e      0x12c ./Drivers/STM32F1xx_HAL_Driver/Src/stm32f1xx_hal_uart.o
 .text.UART_DMARxHalfCplt
                0x0800935a       0x3c ./Drivers/STM32F1xx_HAL_Driver/Src/stm32f1xx_hal_uart.o
 .text.UART_DMAError
                0x08009396       0x94 ./Drivers/STM32F1xx_HAL_Driver/Src/stm32f1xx_hal_uart.o
 *fill*         0x0800942a        0x2 
 .text.UART_Start_Receive_DMA
                0x0800942c      0x134 ./Drivers/STM32F1xx_HAL_Driver/Src/stm32f1xx_hal_uart.o
                0x0800942c                UART_Start_Receive_DMA
 .text.UART_EndTxTransfer
                0x08009560       0x4e ./Drivers/STM32F1xx_HAL_Driver/Src/stm32f1xx_hal_uart.o
 .text.UART_EndRxTransfer
                0x080095ae       0xc4 ./Drivers/STM32F1xx_HAL_Driver/Src/stm32f1xx_hal_uart.o
 .text.UART_DMAAbortOnError
                0x08009672       0x28 ./Drivers/STM32F1xx_HAL_Driver/Src/stm32f1xx_hal_uart.o
 .text.UART_Transmit_IT
                0x0800969a       0x9e ./Drivers/STM32F1xx_HAL_Driver/Src/stm32f1xx_hal_uart.o
 .text.UART_EndTransmit_IT
                0x08009738       0x30 ./Drivers/STM32F1xx_HAL_Driver/Src/stm32f1xx_hal_uart.o
 .text.UART_Receive_IT
                0x08009768      0x17c ./Drivers/STM32F1xx_HAL_Driver/Src/stm32f1xx_hal_uart.o
 .text.UART_SetConfig
                0x080098e4      0x11c ./Drivers/STM32F1xx_HAL_Driver/Src/stm32f1xx_hal_uart.o
 .text.memset   0x08009a00       0x10 D:/Softwave/ST/STM32CubeIDE_1.19.0/STM32CubeIDE/plugins/com.st.stm32cube.ide.mcu.externaltools.gnu-tools-for-stm32.13.3.rel1.win32_1.0.0.202411081344/tools/bin/../lib/gcc/arm-none-eabi/13.3.1/../../../../arm-none-eabi/lib/thumb/v7-m/nofp\libc_nano.a(libc_a-memset.o)
                0x08009a00                memset
 .text.__libc_init_array
                0x08009a10       0x48 D:/Softwave/ST/STM32CubeIDE_1.19.0/STM32CubeIDE/plugins/com.st.stm32cube.ide.mcu.externaltools.gnu-tools-for-stm32.13.3.rel1.win32_1.0.0.202411081344/tools/bin/../lib/gcc/arm-none-eabi/13.3.1/../../../../arm-none-eabi/lib/thumb/v7-m/nofp\libc_nano.a(libc_a-init.o)
                0x08009a10                __libc_init_array
 *(.glue_7)
 .glue_7        0x08009a58        0x0 linker stubs
 *(.glue_7t)
 .glue_7t       0x08009a58        0x0 linker stubs
 *(.eh_frame)
 .eh_frame      0x08009a58        0x0 D:/Softwave/ST/STM32CubeIDE_1.19.0/STM32CubeIDE/plugins/com.st.stm32cube.ide.mcu.externaltools.gnu-tools-for-stm32.13.3.rel1.win32_1.0.0.202411081344/tools/bin/../lib/gcc/arm-none-eabi/13.3.1/thumb/v7-m/nofp/crtbegin.o
 *(.init)
 .init          0x08009a58        0x4 D:/Softwave/ST/STM32CubeIDE_1.19.0/STM32CubeIDE/plugins/com.st.stm32cube.ide.mcu.externaltools.gnu-tools-for-stm32.13.3.rel1.win32_1.0.0.202411081344/tools/bin/../lib/gcc/arm-none-eabi/13.3.1/thumb/v7-m/nofp/crti.o
                0x08009a58                _init
 .init          0x08009a5c        0x8 D:/Softwave/ST/STM32CubeIDE_1.19.0/STM32CubeIDE/plugins/com.st.stm32cube.ide.mcu.externaltools.gnu-tools-for-stm32.13.3.rel1.win32_1.0.0.202411081344/tools/bin/../lib/gcc/arm-none-eabi/13.3.1/thumb/v7-m/nofp/crtn.o
 *(.fini)
 .fini          0x08009a64        0x4 D:/Softwave/ST/STM32CubeIDE_1.19.0/STM32CubeIDE/plugins/com.st.stm32cube.ide.mcu.externaltools.gnu-tools-for-stm32.13.3.rel1.win32_1.0.0.202411081344/tools/bin/../lib/gcc/arm-none-eabi/13.3.1/thumb/v7-m/nofp/crti.o
                0x08009a64                _fini
 .fini          0x08009a68        0x8 D:/Softwave/ST/STM32CubeIDE_1.19.0/STM32CubeIDE/plugins/com.st.stm32cube.ide.mcu.externaltools.gnu-tools-for-stm32.13.3.rel1.win32_1.0.0.202411081344/tools/bin/../lib/gcc/arm-none-eabi/13.3.1/thumb/v7-m/nofp/crtn.o
                0x08009a70                        . = ALIGN (0x4)
                0x08009a70                        _etext = .

.vfp11_veneer   0x08009a70        0x0
 .vfp11_veneer  0x08009a70        0x0 linker stubs

.v4_bx          0x08009a70        0x0
 .v4_bx         0x08009a70        0x0 linker stubs

.iplt           0x08009a70        0x0
 .iplt          0x08009a70        0x0 D:/Softwave/ST/STM32CubeIDE_1.19.0/STM32CubeIDE/plugins/com.st.stm32cube.ide.mcu.externaltools.gnu-tools-for-stm32.13.3.rel1.win32_1.0.0.202411081344/tools/bin/../lib/gcc/arm-none-eabi/13.3.1/thumb/v7-m/nofp/crtbegin.o

.rodata         0x08009a70      0x5b0
                0x08009a70                        . = ALIGN (0x4)
 *(.rodata)
 *(.rodata*)
 .rodata.AHBPrescTable
                0x08009a70       0x10 ./Core/Src/system_stm32f1xx.o
                0x08009a70                AHBPrescTable
 .rodata.APBPrescTable
                0x08009a80        0x8 ./Core/Src/system_stm32f1xx.o
                0x08009a80                APBPrescTable
 .rodata.INP_HWTemp_R
                0x08009a88      0x284 ./Devices/dev_adc.o
                0x08009a88                INP_HWTemp_R
 .rodata.OUT_HWTemp_T
                0x08009d0c      0x284 ./Devices/dev_adc.o
                0x08009d0c                OUT_HWTemp_T
 .rodata.dev_ultra_handle
                0x08009f90       0x40 ./Devices/dev_pwm.o
 .rodata.dev_screen_cmd
                0x08009fd0       0x28 ./Devices/dev_screen.o
 .rodata.aPLLMULFactorTable.1
                0x08009ff8       0x10 ./Drivers/STM32F1xx_HAL_Driver/Src/stm32f1xx_hal_rcc.o
 .rodata.aPredivFactorTable.0
                0x0800a008        0x2 ./Drivers/STM32F1xx_HAL_Driver/Src/stm32f1xx_hal_rcc.o
 *fill*         0x0800a00a        0x2 
 .rodata.aPLLMULFactorTable.1
                0x0800a00c       0x10 ./Drivers/STM32F1xx_HAL_Driver/Src/stm32f1xx_hal_rcc_ex.o
 .rodata.aPredivFactorTable.0
                0x0800a01c        0x2 ./Drivers/STM32F1xx_HAL_Driver/Src/stm32f1xx_hal_rcc_ex.o
                0x0800a020                        . = ALIGN (0x4)
 *fill*         0x0800a01e        0x2 

.ARM.extab      0x0800a020        0x0
                0x0800a020                        . = ALIGN (0x4)
 *(.ARM.extab* .gnu.linkonce.armextab.*)
                0x0800a020                        . = ALIGN (0x4)

.ARM            0x0800a020        0x0
                0x0800a020                        . = ALIGN (0x4)
                0x0800a020                        __exidx_start = .
 *(.ARM.exidx*)
                0x0800a020                        __exidx_end = .
                0x0800a020                        . = ALIGN (0x4)

.preinit_array  0x0800a020        0x0
                0x0800a020                        . = ALIGN (0x4)
                0x0800a020                        PROVIDE (__preinit_array_start = .)
 *(.preinit_array*)
                0x0800a020                        PROVIDE (__preinit_array_end = .)
                0x0800a020                        . = ALIGN (0x4)

.init_array     0x0800a020        0x4
                0x0800a020                        . = ALIGN (0x4)
                0x0800a020                        PROVIDE (__init_array_start = .)
 *(SORT_BY_NAME(.init_array.*))
 *(.init_array*)
 .init_array    0x0800a020        0x4 D:/Softwave/ST/STM32CubeIDE_1.19.0/STM32CubeIDE/plugins/com.st.stm32cube.ide.mcu.externaltools.gnu-tools-for-stm32.13.3.rel1.win32_1.0.0.202411081344/tools/bin/../lib/gcc/arm-none-eabi/13.3.1/thumb/v7-m/nofp/crtbegin.o
                0x0800a024                        PROVIDE (__init_array_end = .)
                0x0800a024                        . = ALIGN (0x4)

.fini_array     0x0800a024        0x4
                0x0800a024                        . = ALIGN (0x4)
                [!provide]                        PROVIDE (__fini_array_start = .)
 *(SORT_BY_NAME(.fini_array.*))
 *(.fini_array*)
 .fini_array    0x0800a024        0x4 D:/Softwave/ST/STM32CubeIDE_1.19.0/STM32CubeIDE/plugins/com.st.stm32cube.ide.mcu.externaltools.gnu-tools-for-stm32.13.3.rel1.win32_1.0.0.202411081344/tools/bin/../lib/gcc/arm-none-eabi/13.3.1/thumb/v7-m/nofp/crtbegin.o
                [!provide]                        PROVIDE (__fini_array_end = .)
                0x0800a028                        . = ALIGN (0x4)
                0x0800a028                        _sidata = LOADADDR (.data)

.rel.dyn        0x0800a028        0x0
 .rel.iplt      0x0800a028        0x0 D:/Softwave/ST/STM32CubeIDE_1.19.0/STM32CubeIDE/plugins/com.st.stm32cube.ide.mcu.externaltools.gnu-tools-for-stm32.13.3.rel1.win32_1.0.0.202411081344/tools/bin/../lib/gcc/arm-none-eabi/13.3.1/thumb/v7-m/nofp/crtbegin.o

.data           0x20000000      0x198 load address 0x0800a028
                0x20000000                        . = ALIGN (0x4)
                0x20000000                        _sdata = .
 *(.data)
 *(.data*)
 .data.SystemCoreClock
                0x20000000        0x4 ./Core/Src/system_stm32f1xx.o
                0x20000000                SystemCoreClock
 .data.WorkModule
                0x20000004        0x1 ./Devices/App.o
                0x20000004                WorkModule
 *fill*         0x20000005        0x3 
 .data.UltraEnFlg
                0x20000008        0x8 ./Devices/App.o
                0x20000008                UltraEnFlg
 .data.MotorEnableFlg
                0x20000010        0x1 ./Devices/App.o
 *fill*         0x20000011        0x1 
 .data.StimuTime
                0x20000012        0x2 ./Devices/App.o
 .data.IdleTime
                0x20000014        0x2 ./Devices/App.o
 *fill*         0x20000016        0x2 
 .data.Ultra_Gpio_Port
                0x20000018       0x20 ./Devices/App.o
 .data.Motor_Gpio_Port
                0x20000038       0x20 ./Devices/App.o
 .data.Ultra_Gpio_Pin
                0x20000058       0x10 ./Devices/App.o
 .data.Motor_Gpio_Pin
                0x20000068       0x10 ./Devices/App.o
 .data.sWorkSta_old.1
                0x20000078        0x1 ./Devices/App.o
 *fill*         0x20000079        0x3 
 .data.ResistCode
                0x2000007c        0x6 ./Devices/dev_ad5160.o
 *fill*         0x20000082        0x2 
 .data.AD5160_CS_GPIO
                0x20000084        0x4 ./Devices/dev_ad5160.o
 .data.AD5160_DATA_GPIO
                0x20000088        0x4 ./Devices/dev_ad5160.o
 .data.AD5160_CLK_GPIO
                0x2000008c        0x4 ./Devices/dev_ad5160.o
 .data.AD5160_CS_PORT
                0x20000090        0x8 ./Devices/dev_ad5160.o
 .data.AD5160_DATA_PORT
                0x20000098        0x8 ./Devices/dev_ad5160.o
 .data.AD5160_CLK_PORT
                0x200000a0        0x8 ./Devices/dev_ad5160.o
 .data.PowerLevel
                0x200000a8        0x1 ./Devices/dev_ad5160.o
 .data.PowerLevel_old
                0x200000a9        0x1 ./Devices/dev_ad5160.o
 *fill*         0x200000aa        0x2 
 .data.AD9833_FSYNC_GPIO
                0x200000ac       0x10 ./Devices/dev_ad9833.o
 .data.AD9833_SDATA_GPIO
                0x200000bc       0x10 ./Devices/dev_ad9833.o
 .data.AD9833_SCLK_GPIO
                0x200000cc       0x10 ./Devices/dev_ad9833.o
 .data.AD9833_FSYNC_PORT
                0x200000dc       0x20 ./Devices/dev_ad9833.o
 .data.AD9833_SDATA_PORT
                0x200000fc       0x20 ./Devices/dev_ad9833.o
 .data.AD9833_SCLK_PORT
                0x2000011c       0x20 ./Devices/dev_ad9833.o
 .data.TemptureVol_Temp
                0x2000013c       0x3c ./Devices/dev_adc.o
 .data.MotorLevel
                0x20000178        0x1 ./Devices/dev_pwm.o
 *fill*         0x20000179        0x3 
 .data.active_buff
                0x2000017c        0x4 ./Devices/dev_screen.o
                0x2000017c                active_buff
 .data.passive_buff
                0x20000180        0x4 ./Devices/dev_screen.o
                0x20000180                passive_buff
 .data.ScreenTxBuff
                0x20000184        0x9 ./Devices/dev_screen.o
                0x20000184                ScreenTxBuff
 *fill*         0x2000018d        0x3 
 .data.uwTickPrio
                0x20000190        0x4 ./Drivers/STM32F1xx_HAL_Driver/Src/stm32f1xx_hal.o
                0x20000190                uwTickPrio
 .data.uwTickFreq
                0x20000194        0x1 ./Drivers/STM32F1xx_HAL_Driver/Src/stm32f1xx_hal.o
                0x20000194                uwTickFreq
 *(.RamFunc)
 *(.RamFunc*)
                0x20000198                        . = ALIGN (0x4)
 *fill*         0x20000195        0x3 
                0x20000198                        _edata = .

.igot.plt       0x20000198        0x0 load address 0x0800a1c0
 .igot.plt      0x20000198        0x0 D:/Softwave/ST/STM32CubeIDE_1.19.0/STM32CubeIDE/plugins/com.st.stm32cube.ide.mcu.externaltools.gnu-tools-for-stm32.13.3.rel1.win32_1.0.0.202411081344/tools/bin/../lib/gcc/arm-none-eabi/13.3.1/thumb/v7-m/nofp/crtbegin.o
                0x20000198                        . = ALIGN (0x4)

.bss            0x20000198      0x698 load address 0x0800a1c0
                0x20000198                        _sbss = .
                0x20000198                        __bss_start__ = _sbss
 *(.bss)
 .bss           0x20000198       0x1c D:/Softwave/ST/STM32CubeIDE_1.19.0/STM32CubeIDE/plugins/com.st.stm32cube.ide.mcu.externaltools.gnu-tools-for-stm32.13.3.rel1.win32_1.0.0.202411081344/tools/bin/../lib/gcc/arm-none-eabi/13.3.1/thumb/v7-m/nofp/crtbegin.o
 *(.bss*)
 .bss.hadc1     0x200001b4       0x30 ./Core/Src/adc.o
                0x200001b4                hadc1
 .bss.hdma_adc1
                0x200001e4       0x44 ./Core/Src/adc.o
                0x200001e4                hdma_adc1
 .bss.TaskCount
                0x20000228        0x4 ./Core/Src/main.o
                0x20000228                TaskCount
 .bss.htim1     0x2000022c       0x48 ./Core/Src/tim.o
                0x2000022c                htim1
 .bss.htim2     0x20000274       0x48 ./Core/Src/tim.o
                0x20000274                htim2
 .bss.htim3     0x200002bc       0x48 ./Core/Src/tim.o
                0x200002bc                htim3
 .bss.htim4     0x20000304       0x48 ./Core/Src/tim.o
                0x20000304                htim4
 .bss.htim5     0x2000034c       0x48 ./Core/Src/tim.o
                0x2000034c                htim5
 .bss.htim6     0x20000394       0x48 ./Core/Src/tim.o
                0x20000394                htim6
 .bss.htim8     0x200003dc       0x48 ./Core/Src/tim.o
                0x200003dc                htim8
 .bss.htim9     0x20000424       0x48 ./Core/Src/tim.o
                0x20000424                htim9
 .bss.htim10    0x2000046c       0x48 ./Core/Src/tim.o
                0x2000046c                htim10
 .bss.htim11    0x200004b4       0x48 ./Core/Src/tim.o
                0x200004b4                htim11
 .bss.htim12    0x200004fc       0x48 ./Core/Src/tim.o
                0x200004fc                htim12
 .bss.huart3    0x20000544       0x48 ./Core/Src/usart.o
                0x20000544                huart3
 .bss.hdma_usart3_rx
                0x2000058c       0x44 ./Core/Src/usart.o
                0x2000058c                hdma_usart3_rx
 .bss.hdma_usart3_tx
                0x200005d0       0x44 ./Core/Src/usart.o
                0x200005d0                hdma_usart3_tx
 .bss.WorkSta   0x20000614        0x1 ./Devices/App.o
                0x20000614                WorkSta
 .bss.ParamRefresh
                0x20000615        0x1 ./Devices/App.o
                0x20000615                ParamRefresh
 *fill*         0x20000616        0x2 
 .bss.UltraWorkTime
                0x20000618        0x4 ./Devices/App.o
                0x20000618                UltraWorkTime
 .bss.DevParamRead
                0x2000061c       0x50 ./Devices/App.o
                0x2000061c                DevParamRead
 .bss.sCycleCh.0
                0x2000066c        0x1 ./Devices/App.o
 *fill*         0x2000066d        0x3 
 .bss.UltraParam_Old
                0x20000670       0x10 ./Devices/dev_ad9833.o
 .bss.CurrentFrontVol_Temp
                0x20000680       0x3c ./Devices/dev_adc.o
 .bss.CurrentAfterVol_Temp
                0x200006bc       0x3c ./Devices/dev_adc.o
 .bss.ADC1SampleVal
                0x200006f8        0xa ./Devices/dev_adc.o
 *fill*         0x20000702        0x2 
 .bss.SampleTemp
                0x20000704        0x4 ./Devices/dev_adc.o
                0x20000704                SampleTemp
 .bss.CurrentFront
                0x20000708        0x4 ./Devices/dev_adc.o
                0x20000708                CurrentFront
 .bss.CurrentAfter
                0x2000070c        0x4 ./Devices/dev_adc.o
                0x2000070c                CurrentAfter
 .bss.CoreTempture
                0x20000710        0x4 ./Devices/dev_adc.o
                0x20000710                CoreTempture
 .bss.sCount.1  0x20000714        0x1 ./Devices/dev_adc.o
 .bss.sTempOver.0
                0x20000715        0x1 ./Devices/dev_adc.o
 .bss.FlashSaveFlg
                0x20000716        0x1 ./Devices/dev_flash.o
                0x20000716                FlashSaveFlg
 *fill*         0x20000717        0x1 
 .bss.FlashOffset
                0x20000718        0x4 ./Devices/dev_flash.o
 .bss.pwm_duty  0x2000071c        0x8 ./Devices/dev_pwm.o
 .bss.pwm_duty_old
                0x20000724        0x8 ./Devices/dev_pwm.o
 .bss.pwm_period
                0x2000072c       0x20 ./Devices/dev_pwm.o
 .bss.pwm_period_old
                0x2000074c       0x20 ./Devices/dev_pwm.o
 .bss.pwm_pluse
                0x2000076c       0x20 ./Devices/dev_pwm.o
 .bss.ScreenRxBuff1
                0x2000078c       0x40 ./Devices/dev_screen.o
                0x2000078c                ScreenRxBuff1
 .bss.ScreenRxBuff2
                0x200007cc       0x40 ./Devices/dev_screen.o
                0x200007cc                ScreenRxBuff2
 .bss.uwTick    0x2000080c        0x4 ./Drivers/STM32F1xx_HAL_Driver/Src/stm32f1xx_hal.o
                0x2000080c                uwTick
 .bss.pFlash    0x20000810       0x20 ./Drivers/STM32F1xx_HAL_Driver/Src/stm32f1xx_hal_flash.o
                0x20000810                pFlash
 *(COMMON)
                0x20000830                        . = ALIGN (0x4)
                0x20000830                        _ebss = .
                0x20000830                        __bss_end__ = _ebss

._user_heap_stack
                0x20000830      0x600 load address 0x0800a1c0
                0x20000830                        . = ALIGN (0x8)
                [!provide]                        PROVIDE (end = .)
                0x20000830                        PROVIDE (_end = .)
                0x20000a30                        . = (. + _Min_Heap_Size)
 *fill*         0x20000830      0x200 
                0x20000e30                        . = (. + _Min_Stack_Size)
 *fill*         0x20000a30      0x400 
                0x20000e30                        . = ALIGN (0x8)

/DISCARD/
 libc.a(*)
 libm.a(*)
 libgcc.a(*)

.ARM.attributes
                0x00000000       0x29
 *(.ARM.attributes)
 .ARM.attributes
                0x00000000       0x1d D:/Softwave/ST/STM32CubeIDE_1.19.0/STM32CubeIDE/plugins/com.st.stm32cube.ide.mcu.externaltools.gnu-tools-for-stm32.13.3.rel1.win32_1.0.0.202411081344/tools/bin/../lib/gcc/arm-none-eabi/13.3.1/thumb/v7-m/nofp/crti.o
 .ARM.attributes
                0x0000001d       0x2d D:/Softwave/ST/STM32CubeIDE_1.19.0/STM32CubeIDE/plugins/com.st.stm32cube.ide.mcu.externaltools.gnu-tools-for-stm32.13.3.rel1.win32_1.0.0.202411081344/tools/bin/../lib/gcc/arm-none-eabi/13.3.1/thumb/v7-m/nofp/crtbegin.o
 .ARM.attributes
                0x0000004a       0x2d ./Core/Src/adc.o
 .ARM.attributes
                0x00000077       0x2d ./Core/Src/dma.o
 .ARM.attributes
                0x000000a4       0x2d ./Core/Src/gpio.o
 .ARM.attributes
                0x000000d1       0x2d ./Core/Src/main.o
 .ARM.attributes
                0x000000fe       0x2d ./Core/Src/stm32f1xx_hal_msp.o
 .ARM.attributes
                0x0000012b       0x2d ./Core/Src/stm32f1xx_it.o
 .ARM.attributes
                0x00000158       0x2d ./Core/Src/system_stm32f1xx.o
 .ARM.attributes
                0x00000185       0x2d ./Core/Src/tim.o
 .ARM.attributes
                0x000001b2       0x2d ./Core/Src/usart.o
 .ARM.attributes
                0x000001df       0x21 ./Core/Startup/startup_stm32f103vgtx.o
 .ARM.attributes
                0x00000200       0x2d ./Devices/App.o
 .ARM.attributes
                0x0000022d       0x2d ./Devices/dev_ad5160.o
 .ARM.attributes
                0x0000025a       0x2d ./Devices/dev_ad9833.o
 .ARM.attributes
                0x00000287       0x2d ./Devices/dev_adc.o
 .ARM.attributes
                0x000002b4       0x2d ./Devices/dev_flash.o
 .ARM.attributes
                0x000002e1       0x2d ./Devices/dev_pwm.o
 .ARM.attributes
                0x0000030e       0x2d ./Devices/dev_screen.o
 .ARM.attributes
                0x0000033b       0x2d ./Drivers/STM32F1xx_HAL_Driver/Src/stm32f1xx_hal.o
 .ARM.attributes
                0x00000368       0x2d ./Drivers/STM32F1xx_HAL_Driver/Src/stm32f1xx_hal_adc.o
 .ARM.attributes
                0x00000395       0x2d ./Drivers/STM32F1xx_HAL_Driver/Src/stm32f1xx_hal_adc_ex.o
 .ARM.attributes
                0x000003c2       0x2d ./Drivers/STM32F1xx_HAL_Driver/Src/stm32f1xx_hal_cortex.o
 .ARM.attributes
                0x000003ef       0x2d ./Drivers/STM32F1xx_HAL_Driver/Src/stm32f1xx_hal_dma.o
 .ARM.attributes
                0x0000041c       0x2d ./Drivers/STM32F1xx_HAL_Driver/Src/stm32f1xx_hal_flash.o
 .ARM.attributes
                0x00000449       0x2d ./Drivers/STM32F1xx_HAL_Driver/Src/stm32f1xx_hal_flash_ex.o
 .ARM.attributes
                0x00000476       0x2d ./Drivers/STM32F1xx_HAL_Driver/Src/stm32f1xx_hal_gpio.o
 .ARM.attributes
                0x000004a3       0x2d ./Drivers/STM32F1xx_HAL_Driver/Src/stm32f1xx_hal_rcc.o
 .ARM.attributes
                0x000004d0       0x2d ./Drivers/STM32F1xx_HAL_Driver/Src/stm32f1xx_hal_rcc_ex.o
 .ARM.attributes
                0x000004fd       0x2d ./Drivers/STM32F1xx_HAL_Driver/Src/stm32f1xx_hal_tim.o
 .ARM.attributes
                0x0000052a       0x2d ./Drivers/STM32F1xx_HAL_Driver/Src/stm32f1xx_hal_tim_ex.o
 .ARM.attributes
                0x00000557       0x2d ./Drivers/STM32F1xx_HAL_Driver/Src/stm32f1xx_hal_uart.o
 .ARM.attributes
                0x00000584       0x2d D:/Softwave/ST/STM32CubeIDE_1.19.0/STM32CubeIDE/plugins/com.st.stm32cube.ide.mcu.externaltools.gnu-tools-for-stm32.13.3.rel1.win32_1.0.0.202411081344/tools/bin/../lib/gcc/arm-none-eabi/13.3.1/../../../../arm-none-eabi/lib/thumb/v7-m/nofp\libc_nano.a(libc_a-memset.o)
 .ARM.attributes
                0x000005b1       0x2d D:/Softwave/ST/STM32CubeIDE_1.19.0/STM32CubeIDE/plugins/com.st.stm32cube.ide.mcu.externaltools.gnu-tools-for-stm32.13.3.rel1.win32_1.0.0.202411081344/tools/bin/../lib/gcc/arm-none-eabi/13.3.1/../../../../arm-none-eabi/lib/thumb/v7-m/nofp\libc_nano.a(libc_a-init.o)
 .ARM.attributes
                0x000005de       0x1d D:/Softwave/ST/STM32CubeIDE_1.19.0/STM32CubeIDE/plugins/com.st.stm32cube.ide.mcu.externaltools.gnu-tools-for-stm32.13.3.rel1.win32_1.0.0.202411081344/tools/bin/../lib/gcc/arm-none-eabi/13.3.1/thumb/v7-m/nofp\libgcc.a(_arm_addsubdf3.o)
 .ARM.attributes
                0x000005fb       0x1d D:/Softwave/ST/STM32CubeIDE_1.19.0/STM32CubeIDE/plugins/com.st.stm32cube.ide.mcu.externaltools.gnu-tools-for-stm32.13.3.rel1.win32_1.0.0.202411081344/tools/bin/../lib/gcc/arm-none-eabi/13.3.1/thumb/v7-m/nofp\libgcc.a(_arm_muldivdf3.o)
 .ARM.attributes
                0x00000618       0x1d D:/Softwave/ST/STM32CubeIDE_1.19.0/STM32CubeIDE/plugins/com.st.stm32cube.ide.mcu.externaltools.gnu-tools-for-stm32.13.3.rel1.win32_1.0.0.202411081344/tools/bin/../lib/gcc/arm-none-eabi/13.3.1/thumb/v7-m/nofp\libgcc.a(_arm_fixdfsi.o)
 .ARM.attributes
                0x00000635       0x1d D:/Softwave/ST/STM32CubeIDE_1.19.0/STM32CubeIDE/plugins/com.st.stm32cube.ide.mcu.externaltools.gnu-tools-for-stm32.13.3.rel1.win32_1.0.0.202411081344/tools/bin/../lib/gcc/arm-none-eabi/13.3.1/thumb/v7-m/nofp\libgcc.a(_arm_truncdfsf2.o)
 .ARM.attributes
                0x00000652       0x1d D:/Softwave/ST/STM32CubeIDE_1.19.0/STM32CubeIDE/plugins/com.st.stm32cube.ide.mcu.externaltools.gnu-tools-for-stm32.13.3.rel1.win32_1.0.0.202411081344/tools/bin/../lib/gcc/arm-none-eabi/13.3.1/thumb/v7-m/nofp\libgcc.a(_arm_addsubsf3.o)
 .ARM.attributes
                0x0000066f       0x1d D:/Softwave/ST/STM32CubeIDE_1.19.0/STM32CubeIDE/plugins/com.st.stm32cube.ide.mcu.externaltools.gnu-tools-for-stm32.13.3.rel1.win32_1.0.0.202411081344/tools/bin/../lib/gcc/arm-none-eabi/13.3.1/thumb/v7-m/nofp\libgcc.a(_arm_muldivsf3.o)
 .ARM.attributes
                0x0000068c       0x1d D:/Softwave/ST/STM32CubeIDE_1.19.0/STM32CubeIDE/plugins/com.st.stm32cube.ide.mcu.externaltools.gnu-tools-for-stm32.13.3.rel1.win32_1.0.0.202411081344/tools/bin/../lib/gcc/arm-none-eabi/13.3.1/thumb/v7-m/nofp\libgcc.a(_arm_cmpsf2.o)
 .ARM.attributes
                0x000006a9       0x1d D:/Softwave/ST/STM32CubeIDE_1.19.0/STM32CubeIDE/plugins/com.st.stm32cube.ide.mcu.externaltools.gnu-tools-for-stm32.13.3.rel1.win32_1.0.0.202411081344/tools/bin/../lib/gcc/arm-none-eabi/13.3.1/thumb/v7-m/nofp/crtn.o
OUTPUT(UltraTherapy_SJTK_F103VGT6.elf elf32-littlearm)
LOAD linker stubs
LOAD D:/Softwave/ST/STM32CubeIDE_1.19.0/STM32CubeIDE/plugins/com.st.stm32cube.ide.mcu.externaltools.gnu-tools-for-stm32.13.3.rel1.win32_1.0.0.202411081344/tools/bin/../lib/gcc/arm-none-eabi/13.3.1/../../../../arm-none-eabi/lib/thumb/v7-m/nofp\libc.a
LOAD D:/Softwave/ST/STM32CubeIDE_1.19.0/STM32CubeIDE/plugins/com.st.stm32cube.ide.mcu.externaltools.gnu-tools-for-stm32.13.3.rel1.win32_1.0.0.202411081344/tools/bin/../lib/gcc/arm-none-eabi/13.3.1/../../../../arm-none-eabi/lib/thumb/v7-m/nofp\libm.a
LOAD D:/Softwave/ST/STM32CubeIDE_1.19.0/STM32CubeIDE/plugins/com.st.stm32cube.ide.mcu.externaltools.gnu-tools-for-stm32.13.3.rel1.win32_1.0.0.202411081344/tools/bin/../lib/gcc/arm-none-eabi/13.3.1/thumb/v7-m/nofp\libgcc.a

.debug_info     0x00000000    0x1358e
 .debug_info    0x00000000      0x7fc ./Core/Src/adc.o
 .debug_info    0x000007fc      0x335 ./Core/Src/dma.o
 .debug_info    0x00000b31      0x2ef ./Core/Src/gpio.o
 .debug_info    0x00000e20      0x986 ./Core/Src/main.o
 .debug_info    0x000017a6      0x1f1 ./Core/Src/stm32f1xx_hal_msp.o
 .debug_info    0x00001997      0x9cb ./Core/Src/stm32f1xx_it.o
 .debug_info    0x00002362      0x222 ./Core/Src/system_stm32f1xx.o
 .debug_info    0x00002584     0x12cd ./Core/Src/tim.o
 .debug_info    0x00003851      0xa6f ./Core/Src/usart.o
 .debug_info    0x000042c0       0x30 ./Core/Startup/startup_stm32f103vgtx.o
 .debug_info    0x000042f0      0x56d ./Devices/App.o
 .debug_info    0x0000485d      0x50e ./Devices/dev_ad5160.o
 .debug_info    0x00004d6b      0x6bb ./Devices/dev_ad9833.o
 .debug_info    0x00005426      0x80b ./Devices/dev_adc.o
 .debug_info    0x00005c31      0x455 ./Devices/dev_flash.o
 .debug_info    0x00006086      0xb0c ./Devices/dev_pwm.o
 .debug_info    0x00006b92      0xbc8 ./Devices/dev_screen.o
 .debug_info    0x0000775a      0x7ce ./Drivers/STM32F1xx_HAL_Driver/Src/stm32f1xx_hal.o
 .debug_info    0x00007f28      0xc50 ./Drivers/STM32F1xx_HAL_Driver/Src/stm32f1xx_hal_adc.o
 .debug_info    0x00008b78      0xa10 ./Drivers/STM32F1xx_HAL_Driver/Src/stm32f1xx_hal_adc_ex.o
 .debug_info    0x00009588      0xd03 ./Drivers/STM32F1xx_HAL_Driver/Src/stm32f1xx_hal_cortex.o
 .debug_info    0x0000a28b      0x6d2 ./Drivers/STM32F1xx_HAL_Driver/Src/stm32f1xx_hal_dma.o
 .debug_info    0x0000a95d      0x58f ./Drivers/STM32F1xx_HAL_Driver/Src/stm32f1xx_hal_flash.o
 .debug_info    0x0000aeec      0x7f0 ./Drivers/STM32F1xx_HAL_Driver/Src/stm32f1xx_hal_flash_ex.o
 .debug_info    0x0000b6dc      0x5ab ./Drivers/STM32F1xx_HAL_Driver/Src/stm32f1xx_hal_gpio.o
 .debug_info    0x0000bc87      0x83d ./Drivers/STM32F1xx_HAL_Driver/Src/stm32f1xx_hal_rcc.o
 .debug_info    0x0000c4c4      0x3e9 ./Drivers/STM32F1xx_HAL_Driver/Src/stm32f1xx_hal_rcc_ex.o
 .debug_info    0x0000c8ad     0x2959 ./Drivers/STM32F1xx_HAL_Driver/Src/stm32f1xx_hal_tim.o
 .debug_info    0x0000f206     0x149b ./Drivers/STM32F1xx_HAL_Driver/Src/stm32f1xx_hal_tim_ex.o
 .debug_info    0x000106a1     0x2eed ./Drivers/STM32F1xx_HAL_Driver/Src/stm32f1xx_hal_uart.o

.debug_abbrev   0x00000000     0x3bfa
 .debug_abbrev  0x00000000      0x1e3 ./Core/Src/adc.o
 .debug_abbrev  0x000001e3       0xfc ./Core/Src/dma.o
 .debug_abbrev  0x000002df      0x13f ./Core/Src/gpio.o
 .debug_abbrev  0x0000041e      0x245 ./Core/Src/main.o
 .debug_abbrev  0x00000663       0xdb ./Core/Src/stm32f1xx_hal_msp.o
 .debug_abbrev  0x0000073e      0x1c9 ./Core/Src/stm32f1xx_it.o
 .debug_abbrev  0x00000907      0x13f ./Core/Src/system_stm32f1xx.o
 .debug_abbrev  0x00000a46      0x274 ./Core/Src/tim.o
 .debug_abbrev  0x00000cba      0x22c ./Core/Src/usart.o
 .debug_abbrev  0x00000ee6       0x24 ./Core/Startup/startup_stm32f103vgtx.o
 .debug_abbrev  0x00000f0a      0x224 ./Devices/App.o
 .debug_abbrev  0x0000112e      0x1f6 ./Devices/dev_ad5160.o
 .debug_abbrev  0x00001324      0x1fb ./Devices/dev_ad9833.o
 .debug_abbrev  0x0000151f      0x22f ./Devices/dev_adc.o
 .debug_abbrev  0x0000174e      0x179 ./Devices/dev_flash.o
 .debug_abbrev  0x000018c7      0x22c ./Devices/dev_pwm.o
 .debug_abbrev  0x00001af3      0x2af ./Devices/dev_screen.o
 .debug_abbrev  0x00001da2      0x213 ./Drivers/STM32F1xx_HAL_Driver/Src/stm32f1xx_hal.o
 .debug_abbrev  0x00001fb5      0x225 ./Drivers/STM32F1xx_HAL_Driver/Src/stm32f1xx_hal_adc.o
 .debug_abbrev  0x000021da      0x249 ./Drivers/STM32F1xx_HAL_Driver/Src/stm32f1xx_hal_adc_ex.o
 .debug_abbrev  0x00002423      0x31c ./Drivers/STM32F1xx_HAL_Driver/Src/stm32f1xx_hal_cortex.o
 .debug_abbrev  0x0000273f      0x20b ./Drivers/STM32F1xx_HAL_Driver/Src/stm32f1xx_hal_dma.o
 .debug_abbrev  0x0000294a      0x261 ./Drivers/STM32F1xx_HAL_Driver/Src/stm32f1xx_hal_flash.o
 .debug_abbrev  0x00002bab      0x25a ./Drivers/STM32F1xx_HAL_Driver/Src/stm32f1xx_hal_flash_ex.o
 .debug_abbrev  0x00002e05      0x1ca ./Drivers/STM32F1xx_HAL_Driver/Src/stm32f1xx_hal_gpio.o
 .debug_abbrev  0x00002fcf      0x2b2 ./Drivers/STM32F1xx_HAL_Driver/Src/stm32f1xx_hal_rcc.o
 .debug_abbrev  0x00003281      0x188 ./Drivers/STM32F1xx_HAL_Driver/Src/stm32f1xx_hal_rcc_ex.o
 .debug_abbrev  0x00003409      0x277 ./Drivers/STM32F1xx_HAL_Driver/Src/stm32f1xx_hal_tim.o
 .debug_abbrev  0x00003680      0x282 ./Drivers/STM32F1xx_HAL_Driver/Src/stm32f1xx_hal_tim_ex.o
 .debug_abbrev  0x00003902      0x2f8 ./Drivers/STM32F1xx_HAL_Driver/Src/stm32f1xx_hal_uart.o

.debug_aranges  0x00000000     0x1248
 .debug_aranges
                0x00000000       0x30 ./Core/Src/adc.o
 .debug_aranges
                0x00000030       0x20 ./Core/Src/dma.o
 .debug_aranges
                0x00000050       0x20 ./Core/Src/gpio.o
 .debug_aranges
                0x00000070       0x38 ./Core/Src/main.o
 .debug_aranges
                0x000000a8       0x20 ./Core/Src/stm32f1xx_hal_msp.o
 .debug_aranges
                0x000000c8       0x88 ./Core/Src/stm32f1xx_it.o
 .debug_aranges
                0x00000150       0x28 ./Core/Src/system_stm32f1xx.o
 .debug_aranges
                0x00000178       0x88 ./Core/Src/tim.o
 .debug_aranges
                0x00000200       0x30 ./Core/Src/usart.o
 .debug_aranges
                0x00000230       0x28 ./Core/Startup/startup_stm32f103vgtx.o
 .debug_aranges
                0x00000258       0x50 ./Devices/App.o
 .debug_aranges
                0x000002a8       0x58 ./Devices/dev_ad5160.o
 .debug_aranges
                0x00000300       0x78 ./Devices/dev_ad9833.o
 .debug_aranges
                0x00000378       0x38 ./Devices/dev_adc.o
 .debug_aranges
                0x000003b0       0x38 ./Devices/dev_flash.o
 .debug_aranges
                0x000003e8       0x48 ./Devices/dev_pwm.o
 .debug_aranges
                0x00000430       0xa0 ./Devices/dev_screen.o
 .debug_aranges
                0x000004d0       0xe0 ./Drivers/STM32F1xx_HAL_Driver/Src/stm32f1xx_hal.o
 .debug_aranges
                0x000005b0       0xf0 ./Drivers/STM32F1xx_HAL_Driver/Src/stm32f1xx_hal_adc.o
 .debug_aranges
                0x000006a0       0x80 ./Drivers/STM32F1xx_HAL_Driver/Src/stm32f1xx_hal_adc_ex.o
 .debug_aranges
                0x00000720      0x128 ./Drivers/STM32F1xx_HAL_Driver/Src/stm32f1xx_hal_cortex.o
 .debug_aranges
                0x00000848       0x80 ./Drivers/STM32F1xx_HAL_Driver/Src/stm32f1xx_hal_dma.o
 .debug_aranges
                0x000008c8       0x90 ./Drivers/STM32F1xx_HAL_Driver/Src/stm32f1xx_hal_flash.o
 .debug_aranges
                0x00000958       0x98 ./Drivers/STM32F1xx_HAL_Driver/Src/stm32f1xx_hal_flash_ex.o
 .debug_aranges
                0x000009f0       0x58 ./Drivers/STM32F1xx_HAL_Driver/Src/stm32f1xx_hal_gpio.o
 .debug_aranges
                0x00000a48       0x90 ./Drivers/STM32F1xx_HAL_Driver/Src/stm32f1xx_hal_rcc.o
 .debug_aranges
                0x00000ad8       0x30 ./Drivers/STM32F1xx_HAL_Driver/Src/stm32f1xx_hal_rcc_ex.o
 .debug_aranges
                0x00000b08      0x3d0 ./Drivers/STM32F1xx_HAL_Driver/Src/stm32f1xx_hal_tim.o
 .debug_aranges
                0x00000ed8      0x168 ./Drivers/STM32F1xx_HAL_Driver/Src/stm32f1xx_hal_tim_ex.o
 .debug_aranges
                0x00001040      0x208 ./Drivers/STM32F1xx_HAL_Driver/Src/stm32f1xx_hal_uart.o

.debug_rnglists
                0x00000000      0xe1f
 .debug_rnglists
                0x00000000       0x21 ./Core/Src/adc.o
 .debug_rnglists
                0x00000021       0x13 ./Core/Src/dma.o
 .debug_rnglists
                0x00000034       0x14 ./Core/Src/gpio.o
 .debug_rnglists
                0x00000048       0x27 ./Core/Src/main.o
 .debug_rnglists
                0x0000006f       0x13 ./Core/Src/stm32f1xx_hal_msp.o
 .debug_rnglists
                0x00000082       0x61 ./Core/Src/stm32f1xx_it.o
 .debug_rnglists
                0x000000e3       0x1a ./Core/Src/system_stm32f1xx.o
 .debug_rnglists
                0x000000fd       0x6e ./Core/Src/tim.o
 .debug_rnglists
                0x0000016b       0x20 ./Core/Src/usart.o
 .debug_rnglists
                0x0000018b       0x19 ./Core/Startup/startup_stm32f103vgtx.o
 .debug_rnglists
                0x000001a4       0x3d ./Devices/App.o
 .debug_rnglists
                0x000001e1       0x3f ./Devices/dev_ad5160.o
 .debug_rnglists
                0x00000220       0x5a ./Devices/dev_ad9833.o
 .debug_rnglists
                0x0000027a       0x28 ./Devices/dev_adc.o
 .debug_rnglists
                0x000002a2       0x27 ./Devices/dev_flash.o
 .debug_rnglists
                0x000002c9       0x35 ./Devices/dev_pwm.o
 .debug_rnglists
                0x000002fe       0x76 ./Devices/dev_screen.o
 .debug_rnglists
                0x00000374       0xa3 ./Drivers/STM32F1xx_HAL_Driver/Src/stm32f1xx_hal.o
 .debug_rnglists
                0x00000417       0xbc ./Drivers/STM32F1xx_HAL_Driver/Src/stm32f1xx_hal_adc.o
 .debug_rnglists
                0x000004d3       0x65 ./Drivers/STM32F1xx_HAL_Driver/Src/stm32f1xx_hal_adc_ex.o
 .debug_rnglists
                0x00000538       0xd9 ./Drivers/STM32F1xx_HAL_Driver/Src/stm32f1xx_hal_cortex.o
 .debug_rnglists
                0x00000611       0x64 ./Drivers/STM32F1xx_HAL_Driver/Src/stm32f1xx_hal_dma.o
 .debug_rnglists
                0x00000675       0x6d ./Drivers/STM32F1xx_HAL_Driver/Src/stm32f1xx_hal_flash.o
 .debug_rnglists
                0x000006e2       0x75 ./Drivers/STM32F1xx_HAL_Driver/Src/stm32f1xx_hal_flash_ex.o
 .debug_rnglists
                0x00000757       0x3f ./Drivers/STM32F1xx_HAL_Driver/Src/stm32f1xx_hal_gpio.o
 .debug_rnglists
                0x00000796       0x6c ./Drivers/STM32F1xx_HAL_Driver/Src/stm32f1xx_hal_rcc.o
 .debug_rnglists
                0x00000802       0x22 ./Drivers/STM32F1xx_HAL_Driver/Src/stm32f1xx_hal_rcc_ex.o
 .debug_rnglists
                0x00000824      0x31a ./Drivers/STM32F1xx_HAL_Driver/Src/stm32f1xx_hal_tim.o
 .debug_rnglists
                0x00000b3e      0x125 ./Drivers/STM32F1xx_HAL_Driver/Src/stm32f1xx_hal_tim_ex.o
 .debug_rnglists
                0x00000c63      0x1bc ./Drivers/STM32F1xx_HAL_Driver/Src/stm32f1xx_hal_uart.o

.debug_macro    0x00000000    0x1c4fe
 .debug_macro   0x00000000      0x1e1 ./Core/Src/adc.o
 .debug_macro   0x000001e1      0xacc ./Core/Src/adc.o
 .debug_macro   0x00000cad      0x227 ./Core/Src/adc.o
 .debug_macro   0x00000ed4       0x2e ./Core/Src/adc.o
 .debug_macro   0x00000f02       0x22 ./Core/Src/adc.o
 .debug_macro   0x00000f24       0x22 ./Core/Src/adc.o
 .debug_macro   0x00000f46       0x8e ./Core/Src/adc.o
 .debug_macro   0x00000fd4       0x51 ./Core/Src/adc.o
 .debug_macro   0x00001025      0x103 ./Core/Src/adc.o
 .debug_macro   0x00001128       0x6a ./Core/Src/adc.o
 .debug_macro   0x00001192      0x1df ./Core/Src/adc.o
 .debug_macro   0x00001371       0x1c ./Core/Src/adc.o
 .debug_macro   0x0000138d       0x22 ./Core/Src/adc.o
 .debug_macro   0x000013af       0xbd ./Core/Src/adc.o
 .debug_macro   0x0000146c      0xe49 ./Core/Src/adc.o
 .debug_macro   0x000022b5      0x11f ./Core/Src/adc.o
 .debug_macro   0x000023d4    0x100e9 ./Core/Src/adc.o
 .debug_macro   0x000124bd       0x6d ./Core/Src/adc.o
 .debug_macro   0x0001252a     0x34a2 ./Core/Src/adc.o
 .debug_macro   0x000159cc      0x190 ./Core/Src/adc.o
 .debug_macro   0x00015b5c       0x5c ./Core/Src/adc.o
 .debug_macro   0x00015bb8      0x5bc ./Core/Src/adc.o
 .debug_macro   0x00016174      0x5c3 ./Core/Src/adc.o
 .debug_macro   0x00016737      0x1cb ./Core/Src/adc.o
 .debug_macro   0x00016902      0x114 ./Core/Src/adc.o
 .debug_macro   0x00016a16      0x230 ./Core/Src/adc.o
 .debug_macro   0x00016c46       0x27 ./Core/Src/adc.o
 .debug_macro   0x00016c6d      0x144 ./Core/Src/adc.o
 .debug_macro   0x00016db1      0x1bc ./Core/Src/adc.o
 .debug_macro   0x00016f6d       0x30 ./Core/Src/adc.o
 .debug_macro   0x00016f9d       0x3c ./Core/Src/adc.o
 .debug_macro   0x00016fd9      0x236 ./Core/Src/adc.o
 .debug_macro   0x0001720f      0x46a ./Core/Src/adc.o
 .debug_macro   0x00017679      0x25d ./Core/Src/adc.o
 .debug_macro   0x000178d6       0x87 ./Core/Src/adc.o
 .debug_macro   0x0001795d      0x2c5 ./Core/Src/adc.o
 .debug_macro   0x00017c22      0x140 ./Core/Src/adc.o
 .debug_macro   0x00017d62      0x8ed ./Core/Src/adc.o
 .debug_macro   0x0001864f      0x28e ./Core/Src/adc.o
 .debug_macro   0x000188dd      0x109 ./Core/Src/adc.o
 .debug_macro   0x000189e6      0x28a ./Core/Src/adc.o
 .debug_macro   0x00018c70      0x1e1 ./Core/Src/dma.o
 .debug_macro   0x00018e51      0x1e1 ./Core/Src/gpio.o
 .debug_macro   0x00019032      0x255 ./Core/Src/main.o
 .debug_macro   0x00019287       0x5e ./Core/Src/main.o
 .debug_macro   0x000192e5       0x16 ./Core/Src/main.o
 .debug_macro   0x000192fb       0x1c ./Core/Src/main.o
 .debug_macro   0x00019317       0x34 ./Core/Src/main.o
 .debug_macro   0x0001934b      0x1d7 ./Core/Src/stm32f1xx_hal_msp.o
 .debug_macro   0x00019522      0x229 ./Core/Src/stm32f1xx_it.o
 .debug_macro   0x0001974b      0x1c8 ./Core/Src/system_stm32f1xx.o
 .debug_macro   0x00019913      0x1e1 ./Core/Src/tim.o
 .debug_macro   0x00019af4      0x1e1 ./Core/Src/usart.o
 .debug_macro   0x00019cd5      0x233 ./Devices/App.o
 .debug_macro   0x00019f08       0x58 ./Devices/App.o
 .debug_macro   0x00019f60      0x22b ./Devices/dev_ad5160.o
 .debug_macro   0x0001a18b      0x225 ./Devices/dev_ad9833.o
 .debug_macro   0x0001a3b0      0x251 ./Devices/dev_adc.o
 .debug_macro   0x0001a601      0x225 ./Devices/dev_flash.o
 .debug_macro   0x0001a826      0x299 ./Devices/dev_pwm.o
 .debug_macro   0x0001aabf      0x233 ./Devices/dev_screen.o
 .debug_macro   0x0001acf2      0x1ec ./Drivers/STM32F1xx_HAL_Driver/Src/stm32f1xx_hal.o
 .debug_macro   0x0001aede      0x1e5 ./Drivers/STM32F1xx_HAL_Driver/Src/stm32f1xx_hal_adc.o
 .debug_macro   0x0001b0c3      0x1da ./Drivers/STM32F1xx_HAL_Driver/Src/stm32f1xx_hal_adc_ex.o
 .debug_macro   0x0001b29d      0x1c8 ./Drivers/STM32F1xx_HAL_Driver/Src/stm32f1xx_hal_cortex.o
 .debug_macro   0x0001b465      0x1c8 ./Drivers/STM32F1xx_HAL_Driver/Src/stm32f1xx_hal_dma.o
 .debug_macro   0x0001b62d      0x1c8 ./Drivers/STM32F1xx_HAL_Driver/Src/stm32f1xx_hal_flash.o
 .debug_macro   0x0001b7f5      0x1da ./Drivers/STM32F1xx_HAL_Driver/Src/stm32f1xx_hal_flash_ex.o
 .debug_macro   0x0001b9cf      0x233 ./Drivers/STM32F1xx_HAL_Driver/Src/stm32f1xx_hal_gpio.o
 .debug_macro   0x0001bc02      0x1da ./Drivers/STM32F1xx_HAL_Driver/Src/stm32f1xx_hal_rcc.o
 .debug_macro   0x0001bddc      0x1c8 ./Drivers/STM32F1xx_HAL_Driver/Src/stm32f1xx_hal_rcc_ex.o
 .debug_macro   0x0001bfa4      0x1c9 ./Drivers/STM32F1xx_HAL_Driver/Src/stm32f1xx_hal_tim.o
 .debug_macro   0x0001c16d      0x1c8 ./Drivers/STM32F1xx_HAL_Driver/Src/stm32f1xx_hal_tim_ex.o
 .debug_macro   0x0001c335      0x1c9 ./Drivers/STM32F1xx_HAL_Driver/Src/stm32f1xx_hal_uart.o

.debug_line     0x00000000    0x18daa
 .debug_line    0x00000000      0x821 ./Core/Src/adc.o
 .debug_line    0x00000821      0x730 ./Core/Src/dma.o
 .debug_line    0x00000f51      0x7c7 ./Core/Src/gpio.o
 .debug_line    0x00001718      0x898 ./Core/Src/main.o
 .debug_line    0x00001fb0      0x731 ./Core/Src/stm32f1xx_hal_msp.o
 .debug_line    0x000026e1      0x8c5 ./Core/Src/stm32f1xx_it.o
 .debug_line    0x00002fa6      0x7af ./Core/Src/system_stm32f1xx.o
 .debug_line    0x00003755      0xf48 ./Core/Src/tim.o
 .debug_line    0x0000469d      0x7f7 ./Core/Src/usart.o
 .debug_line    0x00004e94       0x78 ./Core/Startup/startup_stm32f103vgtx.o
 .debug_line    0x00004f0c      0xbbd ./Devices/App.o
 .debug_line    0x00005ac9      0x8d0 ./Devices/dev_ad5160.o
 .debug_line    0x00006399      0x9e0 ./Devices/dev_ad9833.o
 .debug_line    0x00006d79      0x975 ./Devices/dev_adc.o
 .debug_line    0x000076ee      0x934 ./Devices/dev_flash.o
 .debug_line    0x00008022      0x9c0 ./Devices/dev_pwm.o
 .debug_line    0x000089e2      0xc0e ./Devices/dev_screen.o
 .debug_line    0x000095f0      0x9e0 ./Drivers/STM32F1xx_HAL_Driver/Src/stm32f1xx_hal.o
 .debug_line    0x00009fd0     0x101b ./Drivers/STM32F1xx_HAL_Driver/Src/stm32f1xx_hal_adc.o
 .debug_line    0x0000afeb      0xd42 ./Drivers/STM32F1xx_HAL_Driver/Src/stm32f1xx_hal_adc_ex.o
 .debug_line    0x0000bd2d      0xcd7 ./Drivers/STM32F1xx_HAL_Driver/Src/stm32f1xx_hal_cortex.o
 .debug_line    0x0000ca04     0x12e4 ./Drivers/STM32F1xx_HAL_Driver/Src/stm32f1xx_hal_dma.o
 .debug_line    0x0000dce8      0xbfd ./Drivers/STM32F1xx_HAL_Driver/Src/stm32f1xx_hal_flash.o
 .debug_line    0x0000e8e5      0xc5b ./Drivers/STM32F1xx_HAL_Driver/Src/stm32f1xx_hal_flash_ex.o
 .debug_line    0x0000f540      0xa65 ./Drivers/STM32F1xx_HAL_Driver/Src/stm32f1xx_hal_gpio.o
 .debug_line    0x0000ffa5      0xe99 ./Drivers/STM32F1xx_HAL_Driver/Src/stm32f1xx_hal_rcc.o
 .debug_line    0x00010e3e      0x964 ./Drivers/STM32F1xx_HAL_Driver/Src/stm32f1xx_hal_rcc_ex.o
 .debug_line    0x000117a2     0x379e ./Drivers/STM32F1xx_HAL_Driver/Src/stm32f1xx_hal_tim.o
 .debug_line    0x00014f40     0x196e ./Drivers/STM32F1xx_HAL_Driver/Src/stm32f1xx_hal_tim_ex.o
 .debug_line    0x000168ae     0x24fc ./Drivers/STM32F1xx_HAL_Driver/Src/stm32f1xx_hal_uart.o

.debug_str      0x00000000    0xa2304
 .debug_str     0x00000000    0xa2304 ./Core/Src/adc.o
                              0x9d04d (size before relaxing)
 .debug_str     0x000a2304    0x9cfe7 ./Core/Src/dma.o
 .debug_str     0x000a2304    0x9cc82 ./Core/Src/gpio.o
 .debug_str     0x000a2304    0x9d779 ./Core/Src/main.o
 .debug_str     0x000a2304    0x9cc0a ./Core/Src/stm32f1xx_hal_msp.o
 .debug_str     0x000a2304    0x9d70c ./Core/Src/stm32f1xx_it.o
 .debug_str     0x000a2304    0x9c061 ./Core/Src/system_stm32f1xx.o
 .debug_str     0x000a2304    0x9d8f2 ./Core/Src/tim.o
 .debug_str     0x000a2304    0x9d554 ./Core/Src/usart.o
 .debug_str     0x000a2304       0x86 ./Core/Startup/startup_stm32f103vgtx.o
 .debug_str     0x000a2304    0x9d21f ./Devices/App.o
 .debug_str     0x000a2304    0x9d14a ./Devices/dev_ad5160.o
 .debug_str     0x000a2304    0x9d23b ./Devices/dev_ad9833.o
 .debug_str     0x000a2304    0x9d40e ./Devices/dev_adc.o
 .debug_str     0x000a2304    0x9d111 ./Devices/dev_flash.o
 .debug_str     0x000a2304    0x9d893 ./Devices/dev_pwm.o
 .debug_str     0x000a2304    0x9d7ae ./Devices/dev_screen.o
 .debug_str     0x000a2304    0x9c8b5 ./Drivers/STM32F1xx_HAL_Driver/Src/stm32f1xx_hal.o
 .debug_str     0x000a2304    0x9c745 ./Drivers/STM32F1xx_HAL_Driver/Src/stm32f1xx_hal_adc.o
 .debug_str     0x000a2304    0x9c715 ./Drivers/STM32F1xx_HAL_Driver/Src/stm32f1xx_hal_adc_ex.o
 .debug_str     0x000a2304    0x9c94c ./Drivers/STM32F1xx_HAL_Driver/Src/stm32f1xx_hal_cortex.o
 .debug_str     0x000a2304    0x9c40a ./Drivers/STM32F1xx_HAL_Driver/Src/stm32f1xx_hal_dma.o
 .debug_str     0x000a2304    0x9c376 ./Drivers/STM32F1xx_HAL_Driver/Src/stm32f1xx_hal_flash.o
 .debug_str     0x000a2304    0x9c524 ./Drivers/STM32F1xx_HAL_Driver/Src/stm32f1xx_hal_flash_ex.o
 .debug_str     0x000a2304    0x9c3e7 ./Drivers/STM32F1xx_HAL_Driver/Src/stm32f1xx_hal_gpio.o
 .debug_str     0x000a2304    0x9c4aa ./Drivers/STM32F1xx_HAL_Driver/Src/stm32f1xx_hal_rcc.o
 .debug_str     0x000a2304    0x9c21e ./Drivers/STM32F1xx_HAL_Driver/Src/stm32f1xx_hal_rcc_ex.o
 .debug_str     0x000a2304    0x9d492 ./Drivers/STM32F1xx_HAL_Driver/Src/stm32f1xx_hal_tim.o
 .debug_str     0x000a2304    0x9cc9e ./Drivers/STM32F1xx_HAL_Driver/Src/stm32f1xx_hal_tim_ex.o
 .debug_str     0x000a2304    0x9cb01 ./Drivers/STM32F1xx_HAL_Driver/Src/stm32f1xx_hal_uart.o

.comment        0x00000000       0x43
 .comment       0x00000000       0x43 ./Core/Src/adc.o
                                 0x44 (size before relaxing)
 .comment       0x00000043       0x44 ./Core/Src/dma.o
 .comment       0x00000043       0x44 ./Core/Src/gpio.o
 .comment       0x00000043       0x44 ./Core/Src/main.o
 .comment       0x00000043       0x44 ./Core/Src/stm32f1xx_hal_msp.o
 .comment       0x00000043       0x44 ./Core/Src/stm32f1xx_it.o
 .comment       0x00000043       0x44 ./Core/Src/system_stm32f1xx.o
 .comment       0x00000043       0x44 ./Core/Src/tim.o
 .comment       0x00000043       0x44 ./Core/Src/usart.o
 .comment       0x00000043       0x44 ./Devices/App.o
 .comment       0x00000043       0x44 ./Devices/dev_ad5160.o
 .comment       0x00000043       0x44 ./Devices/dev_ad9833.o
 .comment       0x00000043       0x44 ./Devices/dev_adc.o
 .comment       0x00000043       0x44 ./Devices/dev_flash.o
 .comment       0x00000043       0x44 ./Devices/dev_pwm.o
 .comment       0x00000043       0x44 ./Devices/dev_screen.o
 .comment       0x00000043       0x44 ./Drivers/STM32F1xx_HAL_Driver/Src/stm32f1xx_hal.o
 .comment       0x00000043       0x44 ./Drivers/STM32F1xx_HAL_Driver/Src/stm32f1xx_hal_adc.o
 .comment       0x00000043       0x44 ./Drivers/STM32F1xx_HAL_Driver/Src/stm32f1xx_hal_adc_ex.o
 .comment       0x00000043       0x44 ./Drivers/STM32F1xx_HAL_Driver/Src/stm32f1xx_hal_cortex.o
 .comment       0x00000043       0x44 ./Drivers/STM32F1xx_HAL_Driver/Src/stm32f1xx_hal_dma.o
 .comment       0x00000043       0x44 ./Drivers/STM32F1xx_HAL_Driver/Src/stm32f1xx_hal_flash.o
 .comment       0x00000043       0x44 ./Drivers/STM32F1xx_HAL_Driver/Src/stm32f1xx_hal_flash_ex.o
 .comment       0x00000043       0x44 ./Drivers/STM32F1xx_HAL_Driver/Src/stm32f1xx_hal_gpio.o
 .comment       0x00000043       0x44 ./Drivers/STM32F1xx_HAL_Driver/Src/stm32f1xx_hal_rcc.o
 .comment       0x00000043       0x44 ./Drivers/STM32F1xx_HAL_Driver/Src/stm32f1xx_hal_rcc_ex.o
 .comment       0x00000043       0x44 ./Drivers/STM32F1xx_HAL_Driver/Src/stm32f1xx_hal_tim.o
 .comment       0x00000043       0x44 ./Drivers/STM32F1xx_HAL_Driver/Src/stm32f1xx_hal_tim_ex.o
 .comment       0x00000043       0x44 ./Drivers/STM32F1xx_HAL_Driver/Src/stm32f1xx_hal_uart.o

.debug_frame    0x00000000     0x4bc0
 .debug_frame   0x00000000       0x7c ./Core/Src/adc.o
 .debug_frame   0x0000007c       0x34 ./Core/Src/dma.o
 .debug_frame   0x000000b0       0x38 ./Core/Src/gpio.o
 .debug_frame   0x000000e8       0x90 ./Core/Src/main.o
 .debug_frame   0x00000178       0x38 ./Core/Src/stm32f1xx_hal_msp.o
 .debug_frame   0x000001b0      0x190 ./Core/Src/stm32f1xx_it.o
 .debug_frame   0x00000340       0x58 ./Core/Src/system_stm32f1xx.o
 .debug_frame   0x00000398      0x20c ./Core/Src/tim.o
 .debug_frame   0x000005a4       0x74 ./Core/Src/usart.o
 .debug_frame   0x00000618      0x10c ./Devices/App.o
 .debug_frame   0x00000724      0x138 ./Devices/dev_ad5160.o
 .debug_frame   0x0000085c      0x1cc ./Devices/dev_ad9833.o
 .debug_frame   0x00000a28       0xa4 ./Devices/dev_adc.o
 .debug_frame   0x00000acc       0xa4 ./Devices/dev_flash.o
 .debug_frame   0x00000b70       0xfc ./Devices/dev_pwm.o
 .debug_frame   0x00000c6c      0x298 ./Devices/dev_screen.o
 .debug_frame   0x00000f04      0x334 ./Drivers/STM32F1xx_HAL_Driver/Src/stm32f1xx_hal.o
 .debug_frame   0x00001238      0x40c ./Drivers/STM32F1xx_HAL_Driver/Src/stm32f1xx_hal_adc.o
 .debug_frame   0x00001644      0x200 ./Drivers/STM32F1xx_HAL_Driver/Src/stm32f1xx_hal_adc_ex.o
 .debug_frame   0x00001844      0x4e8 ./Drivers/STM32F1xx_HAL_Driver/Src/stm32f1xx_hal_cortex.o
 .debug_frame   0x00001d2c      0x20c ./Drivers/STM32F1xx_HAL_Driver/Src/stm32f1xx_hal_dma.o
 .debug_frame   0x00001f38      0x234 ./Drivers/STM32F1xx_HAL_Driver/Src/stm32f1xx_hal_flash.o
 .debug_frame   0x0000216c      0x258 ./Drivers/STM32F1xx_HAL_Driver/Src/stm32f1xx_hal_flash_ex.o
 .debug_frame   0x000023c4      0x14c ./Drivers/STM32F1xx_HAL_Driver/Src/stm32f1xx_hal_gpio.o
 .debug_frame   0x00002510      0x218 ./Drivers/STM32F1xx_HAL_Driver/Src/stm32f1xx_hal_rcc.o
 .debug_frame   0x00002728       0x80 ./Drivers/STM32F1xx_HAL_Driver/Src/stm32f1xx_hal_rcc_ex.o
 .debug_frame   0x000027a8     0x11c0 ./Drivers/STM32F1xx_HAL_Driver/Src/stm32f1xx_hal_tim.o
 .debug_frame   0x00003968      0x638 ./Drivers/STM32F1xx_HAL_Driver/Src/stm32f1xx_hal_tim_ex.o
 .debug_frame   0x00003fa0      0x944 ./Drivers/STM32F1xx_HAL_Driver/Src/stm32f1xx_hal_uart.o
 .debug_frame   0x000048e4       0x20 D:/Softwave/ST/STM32CubeIDE_1.19.0/STM32CubeIDE/plugins/com.st.stm32cube.ide.mcu.externaltools.gnu-tools-for-stm32.13.3.rel1.win32_1.0.0.202411081344/tools/bin/../lib/gcc/arm-none-eabi/13.3.1/../../../../arm-none-eabi/lib/thumb/v7-m/nofp\libc_nano.a(libc_a-memset.o)
 .debug_frame   0x00004904       0x2c D:/Softwave/ST/STM32CubeIDE_1.19.0/STM32CubeIDE/plugins/com.st.stm32cube.ide.mcu.externaltools.gnu-tools-for-stm32.13.3.rel1.win32_1.0.0.202411081344/tools/bin/../lib/gcc/arm-none-eabi/13.3.1/../../../../arm-none-eabi/lib/thumb/v7-m/nofp\libc_nano.a(libc_a-init.o)
 .debug_frame   0x00004930       0xac D:/Softwave/ST/STM32CubeIDE_1.19.0/STM32CubeIDE/plugins/com.st.stm32cube.ide.mcu.externaltools.gnu-tools-for-stm32.13.3.rel1.win32_1.0.0.202411081344/tools/bin/../lib/gcc/arm-none-eabi/13.3.1/thumb/v7-m/nofp\libgcc.a(_arm_addsubdf3.o)
 .debug_frame   0x000049dc       0x50 D:/Softwave/ST/STM32CubeIDE_1.19.0/STM32CubeIDE/plugins/com.st.stm32cube.ide.mcu.externaltools.gnu-tools-for-stm32.13.3.rel1.win32_1.0.0.202411081344/tools/bin/../lib/gcc/arm-none-eabi/13.3.1/thumb/v7-m/nofp\libgcc.a(_arm_muldivdf3.o)