../Devices/dev_screen.c:42:13:DevScreen_StartorStop	16	static
../Devices/dev_screen.c:48:13:DevScreen_SetUltraFreq	24	static
../Devices/dev_screen.c:78:13:DevScreen_SetUltraVibra	16	static
../Devices/dev_screen.c:89:13:DevScreen_SetUltraDuty	24	static
../Devices/dev_screen.c:113:13:DevScreen_SetUltraPeriod	24	static
../Devices/dev_screen.c:140:13:DevScreen_SetUltraWork	24	static
../Devices/dev_screen.c:155:13:DevScreen_SetUltraChEn	24	static
../Devices/dev_screen.c:169:13:DevScreen_SetUltraModule	16	static
../Devices/dev_screen.c:179:13:DevScreen_SetPowerLevel	16	static
../Devices/dev_screen.c:190:6:DevUart_Init	8	static
../Devices/dev_screen.c:196:6:HAL_UART_IdleCallback	24	static
../Devices/dev_screen.c:225:16:DevMotor_StaGet	16	static
../Devices/dev_screen.c:233:17:DevWork_StimuTimeGet	16	static
../Devices/dev_screen.c:240:17:DevWork_IdleTimeGet	16	static
../Devices/dev_screen.c:248:16:DevWork_ModuleGet	16	static
../Devices/dev_screen.c:257:16:DevUltra_StatGet	24	static
