../Devices/dev_screen.c:48:13:DevScreen_StartorStop	16	static
../Devices/dev_screen.c:58:13:DevScreen_SetUltraFreq	24	static
../Devices/dev_screen.c:92:13:DevScreen_SetUltraVibra	16	static
../Devices/dev_screen.c:107:13:DevScreen_SetUltraDuty	24	static
../Devices/dev_screen.c:135:13:DevScreen_SetUltraPeriod	24	static
../Devices/dev_screen.c:166:13:DevScreen_SetUltraWork	24	static
../Devices/dev_screen.c:185:13:DevScreen_SetUltraChEn	24	static
../Devices/dev_screen.c:203:13:DevScreen_SetUltraModule	16	static
../Devices/dev_screen.c:217:13:DevScreen_SetPowerLevel	16	static
../Devices/dev_screen.c:228:6:DevUart_Init	8	static
../Devices/dev_screen.c:234:6:HAL_UART_IdleCallback	24	static
../Devices/dev_screen.c:263:6:DevScreenSendData	16	static
../Devices/dev_screen.c:271:16:DevMotor_StaGet	16	static
../Devices/dev_screen.c:279:17:DevWork_StimuTimeGet	16	static
../Devices/dev_screen.c:286:17:DevWork_IdleTimeGet	16	static
../Devices/dev_screen.c:294:16:DevWork_ModuleGet	16	static
../Devices/dev_screen.c:303:16:DevUltra_StatGet	24	static
