../Devices/dev_screen.c:44:13:DevScreen_StartorStop	16	static
../Devices/dev_screen.c:50:13:DevScreen_SetUltraFreq	24	static
../Devices/dev_screen.c:80:13:DevScreen_SetUltraVibra	16	static
../Devices/dev_screen.c:91:13:DevScreen_SetUltraDuty	24	static
../Devices/dev_screen.c:115:13:DevScreen_SetUltraPeriod	24	static
../Devices/dev_screen.c:142:13:DevScreen_SetUltraWork	24	static
../Devices/dev_screen.c:157:13:DevScreen_SetUltraChEn	24	static
../Devices/dev_screen.c:171:13:DevScreen_SetUltraModule	16	static
../Devices/dev_screen.c:181:13:DevScreen_SetPowerLevel	16	static
../Devices/dev_screen.c:192:6:DevUart_Init	8	static
../Devices/dev_screen.c:198:6:HAL_UART_IdleCallback	24	static
../Devices/dev_screen.c:227:6:DevScreenSendData	16	static
../Devices/dev_screen.c:235:16:DevMotor_StaGet	16	static
../Devices/dev_screen.c:243:17:DevWork_StimuTimeGet	16	static
../Devices/dev_screen.c:250:17:DevWork_IdleTimeGet	16	static
../Devices/dev_screen.c:258:16:DevWork_ModuleGet	16	static
../Devices/dev_screen.c:267:16:DevUltra_StatGet	24	static
